04-01 12:05:42.048  1702  5817 W AppOpService: Ignored setUidMode call for runtime permission app op: uid = 1001, code = SEND_SMS, mode = allow, callingUid = 1001, oldMode = allow
04-01 12:05:42.048  1702  5817 W AppOpService: Ignored setUidMode call for runtime permission app op: uid = 1001, code = READ_CELL_BROADCASTS, mode = allow, callingUid = 1001, oldMode = allow
04-01 12:05:42.065  1702  2828 W AppOpService: Ignored setUidMode call for runtime permission app op: uid = 10104, code = FINE_LOCATION, mode = allow, callingUid = 1000, oldMode = allow
04-01 12:05:42.075  1702  2021 W MagnificationConnectionManager: requestConnection duplicated request: connect=false, mConnectionState=DISCONNECTED
04-01 12:05:42.078  1702  2828 W AppOpService: Ignored setUidMode call for runtime permission app op: uid = 10104, code = FINE_LOCATION, mode = allow, callingUid = 1000, oldMode = allow
04-01 12:05:42.119  1702  2572 D AppWidgetServiceImpl: Trying to notify widget update for package org.kustom.widget with widget id: 54
04-01 12:05:39.035   622   622 W [FTS_TS]fts_input_report_b: [B]P0 UP!
04-01 12:05:39.035   622   622 W [FTS_TS]fts_input_report_b: [B]Points All Up!
04-01 12:05:39.500 10945 10945 I [kworke][0x8c232656266][19:05:43.041346] wlan: [10945:I:PMO] pmo_core_is_wow_applicable: lpass enabled, enabling wow
04-01 12:05:39.504  1709  1709 E [cnd][0x8c23266abb6][19:05:43.045737] wlan: [1709:E:HDD] __wlan_hdd_cfg80211_stats_ext_request: Failed to get hw stats: 15
04-01 12:05:39.520 10945 10945 I [kworke][0x8c2326b40e2][19:05:43.061379] wlan: [10945:I:PMO] pmo_core_psoc_send_host_wakeup_ind_to_fw: Host wakeup indication sent to fw
04-01 12:05:43.458  1702  2572 D AppWidgetServiceImpl: Trying to notify widget update for package org.kustom.widget with widget id: 54
04-01 12:05:40.161 10945 10945 I [kworke][0x8c2332724d2][19:05:43.702712] wlan: [10945:I:PMO] pmo_core_is_wow_applicable: lpass enabled, enabling wow
04-01 12:05:44.134  1702  2572 D AppWidgetServiceImpl: Trying to notify widget update for package org.kustom.widget with widget id: 54
04-01 12:05:41.485   622   622 W [FTS_TS]fts_input_report_b: [B]P0(873, 2025)[p:3,tm:32] DOWN!
04-01 12:05:41.508  6658  6658 I [kworke][0x8c234b1c996][19:05:45.049762] wlan: [6658:I:PMO] pmo_core_psoc_send_host_wakeup_ind_to_fw: Host wakeup indication sent to fw
04-01 12:05:45.128  1702  2572 D AppWidgetServiceImpl: Trying to notify widget update for package org.kustom.widget with widget id: 54
04-01 12:05:41.590   622   622 W [FTS_TS]fts_input_report_b: [B]P0 UP!
04-01 12:05:41.590   622   622 W [FTS_TS]fts_input_report_b: [B]Points All Up!
04-01 12:05:42.148  6658  6658 I [kworke][0x8c2356d18f1][19:05:45.689113] wlan: [6658:I:PMO] pmo_core_is_wow_applicable: lpass enabled, enabling wow
04-01 12:05:42.332     0     0 I [    C0] [irq][0x8c235a3267d][19: 05:45.873616] wlan: [0:I:HIF] hif_pm_runtime_request_resume: Runtime PM resume is requested by hif_pm_runtime_check_and_request_resume [wlan]
04-01 12:05:42.332     0     0 E [    C0] [soft_i][0x8c235a33e07][19: 05:45.873928] wlan: [0:E:QDF] htc_rx_completion_handler: Received initial wake up
04-01 12:05:42.333 10945 10945 I [kworke][0x8c235a35f16][19:05:45.874369] wlan: [10945:I:PMO] pmo_core_psoc_send_host_wakeup_ind_to_fw: Host wakeup indication sent to fw
04-01 12:05:42.335     0     0 F [    C0] [soft_i][0x8c235a40d6a][19: 05:45.876695] wlan: [0:F:WMA] WLAN triggered wakeup: BPF_ALLOW (39), vdev: 0 (STA)
04-01 12:05:42.336     0     0 I [    C0] [soft_i][0x8c235a43b21][19: 05:45.877303] wlan: [0:I:WMA] wma_log_pkt_ipv4: Pkt_len: 425, src_port: 443, dst_port: 45726
04-01 12:05:46.127  1702  2572 D AppWidgetServiceImpl: Trying to notify widget update for package org.kustom.widget with widget id: 54
04-01 12:05:42.848  3791  3791 E simulated_ntc: proc_shell_write write invalid para
04-01 12:05:43.024  1709  1709 E [cnd][0x8c2366dfe9f][19:05:46.565989] wlan: [1709:E:HDD] __wlan_hdd_cfg80211_stats_ext_request: Failed to get hw stats: 15
04-01 12:05:47.121  1702  2572 D AppWidgetServiceImpl: Trying to notify widget update for package org.kustom.widget with widget id: 54
04-01 12:05:44.205 10945 10945 I [kworke][0x8c237c7c63b][19:05:47.746251] wlan: [10945:I:PMO] pmo_core_is_wow_applicable: lpass enabled, enabling wow
04-01 12:05:48.128  1702  2572 D AppWidgetServiceImpl: Trying to notify widget update for package org.kustom.widget with widget id: 54
04-01 12:05:44.650   366   366 I [FTS_TS/I]drm_notifier_callback: DRM event:2,blank:3
04-01 12:05:44.650   366   366 I [FTS_TS/I]drm_notifier_callback: DRM BLANK(3) do not need process
04-01 12:05:44.650   366   366 I goodix_fp: [info] goodix_fb_state_chg_callback go to the goodix_fb_state_chg_callback value = 2
04-01 12:05:44.650   366   366 I goodix_fp: goodix_fb_state_chg_callback defalut
04-01 12:05:44.653   366   366 I [drm:dsi_display_set_mode [msm_drm]] [msm-dsi-info]: mdp_transfer_time=15866, hactive=1080, vactive=2400, fps=60
04-01 12:05:48.220  1702  1964 I DisplayDeviceRepository: Display device changed render timings: "Built-in Screen", renderFrameRate=30.000002, presentationDeadlineNanos=16666666, appVsyncOffsetNanos=1000000
04-01 12:05:48.224  1702  2088 D BrightnessThermalClamper: Thermal status observer already started
04-01 12:05:48.224  1702  1964 D DisplayManagerService: Ignore redundant display event 0/2 to 10388/1093
04-01 12:05:44.692   366   366 I [FTS_TS/I]drm_notifier_callback: DRM event:1,blank:3
04-01 12:05:44.692   366   366 I [FTS_TS/I]drm_notifier_callback: DRM BLANK(3) do not need process
04-01 12:05:48.226  1702  1964 D DisplayManagerService: Ignore redundant display event 0/2 to 10172/4577
04-01 12:05:48.226  1702  1964 D DisplayManagerService: Ignore redundant display event 0/2 to 10145/5143
04-01 12:05:48.229  1702  1964 D DisplayManagerService: Ignore redundant display event 0/2 to 10322/8626
04-01 12:05:48.229  1702  1964 D DisplayManagerService: Ignore redundant display event 0/2 to 10145/8808
04-01 12:05:48.230  1702  1964 D DisplayManagerService: Ignore redundant display event 0/2 to 10278/27771
04-01 12:05:45.029 10945 10945 I [kworke][0x8c238b96583][19:05:48.570988] wlan: [10945:I:PMO] pmo_core_psoc_send_host_wakeup_ind_to_fw: Host wakeup indication sent to fw
04-01 12:05:49.121  1702  2572 D AppWidgetServiceImpl: Trying to notify widget update for package org.kustom.widget with widget id: 54
04-01 12:05:45.636 10945 10945 I [kworke][0x8c2396b0d9f][19:05:49.177389] wlan: [10945:I:PMO] pmo_core_is_wow_applicable: lpass enabled, enabling wow
04-01 12:05:46.544  1709  1709 E [cnd][0x8c23a75401e][19:05:50.086009] wlan: [1709:E:HDD] __wlan_hdd_cfg80211_stats_ext_request: Failed to get hw stats: 15
04-01 12:05:46.548 10902 10902 I [kworke][0x8c23a765dda][19:05:50.089819] wlan: [10902:I:PMO] pmo_core_psoc_send_host_wakeup_ind_to_fw: Host wakeup indication sent to fw
04-01 12:05:50.124  1702  2572 D AppWidgetServiceImpl: Trying to notify widget update for package org.kustom.widget with widget id: 54
04-01 12:05:50.202  1702  2466 D ActivityManager: sync unfroze 29439 com.nextcloud.client for 6
04-01 12:05:50.204  1702  2466 W ProcessStats: Tracking association SourceState{dacf47d system/1000 ImpBg #1133176} whose proc state 6 is better than process ProcessState{1332423 com.nextcloud.client/10400 pkg=com.nextcloud.client} proc state 14 (0 skipped)
04-01 12:05:46.732  7044  7044 I [schedu][0x8c23aac4afa][19:05:50.273887] wlan: [7044:I:PE] RX: [802.11 BCN_RPT] seq:83 SSID:parkhouse-Guest BSSID:ff:ff:ff:ff:ff:ff Token:60 op_class:115 ch:36 meas_mode:1 meas_duration:50 max_dur: 1 sign: 0 max_meas_dur: 100
04-01 12:05:46.787  7044  7044 I [schedu][0x8c23abc2fa6][19:05:50.328136] wlan: [7044:I:PE] TX: [802.11 BCN_RPT] seq_no:4043 dialog_token:59 no. of APs:3 is_last_rpt:1 num_report: 3 peer:ce:9e:43:a4:79:54
04-01 12:05:50.736  1702  1702 I NotificationService: Cannot find enqueued record for key: 0|com.nextcloud.client|121|null|10400
04-01 12:05:51.127  1702  2572 D AppWidgetServiceImpl: Trying to notify widget update for package org.kustom.widget with widget id: 54
04-01 12:05:47.846  3791  3791 E simulated_ntc: proc_shell_write write invalid para
04-01 12:05:48.202 10902 10902 I [kworke][0x8c23c5af66b][19:05:51.743907] wlan: [10902:I:PMO] pmo_core_is_wow_applicable: lpass enabled, enabling wow
04-01 12:05:48.325 10902 10902 I [kworke][0x8c23c7eee22][19:05:51.866676] wlan: [10902:I:PMO] pmo_core_psoc_send_host_wakeup_ind_to_fw: Host wakeup indication sent to fw
04-01 12:05:52.120  1702  2572 D AppWidgetServiceImpl: Trying to notify widget update for package org.kustom.widget with widget id: 54
04-01 12:05:49.215 10902 10902 I [kworke][0x8c23d83863b][19:05:52.756171] wlan: [10902:I:PMO] pmo_core_is_wow_applicable: lpass enabled, enabling wow
04-01 12:05:53.129  1702  2572 D AppWidgetServiceImpl: Trying to notify widget update for package org.kustom.widget with widget id: 54
04-01 12:05:50.064  1709  1709 E [cnd][0x8c23e7c8327][19:05:53.606050] wlan: [1709:E:HDD] __wlan_hdd_cfg80211_stats_ext_request: Failed to get hw stats: 15
04-01 12:05:50.070 10902 10902 I [kworke][0x8c23e7e18a9][19:05:53.611456] wlan: [10902:I:PMO] pmo_core_psoc_send_host_wakeup_ind_to_fw: Host wakeup indication sent to fw
04-01 12:05:53.662  1702  5551 D NtMemoryManager: not set com.google.android.apps.messaging adj to 801
04-01 12:05:54.116  1702  2572 D AppWidgetServiceImpl: Trying to notify widget update for package org.kustom.widget with widget id: 54
04-01 12:05:51.015 10902 10902 I [kworke][0x8c23f92dfef][19:05:54.556193] wlan: [10902:I:PMO] pmo_core_is_wow_applicable: lpass enabled, enabling wow
04-01 12:05:55.118  1702  2572 D AppWidgetServiceImpl: Trying to notify widget update for package org.kustom.widget with widget id: 54
04-01 12:05:51.979   366   366 I [FTS_TS/I]drm_notifier_callback: DRM event:2,blank:3
04-01 12:05:51.979   366   366 I [FTS_TS/I]drm_notifier_callback: DRM BLANK(3) do not need process
04-01 12:05:51.979   366   366 I goodix_fp: [info] goodix_fb_state_chg_callback go to the goodix_fb_state_chg_callback value = 2
04-01 12:05:51.979   366   366 I goodix_fp: goodix_fb_state_chg_callback defalut
04-01 12:05:55.522  1702  1964 I DisplayDeviceRepository: Display device changed render timings: "Built-in Screen", renderFrameRate=24.000002, presentationDeadlineNanos=13333332, appVsyncOffsetNanos=1000000
04-01 12:05:51.981   366   366 I [drm:dsi_display_set_mode [msm_drm]] [msm-dsi-info]: mdp_transfer_time=7826, hactive=1080, vactive=2400, fps=120
04-01 12:05:55.525  1702  1964 D DisplayManagerService: Ignore redundant display event 0/2 to 10388/1093
04-01 12:05:55.525  1702  2088 D BrightnessThermalClamper: Thermal status observer already started
04-01 12:05:55.526  1702  1964 D DisplayManagerService: Ignore redundant display event 0/2 to 10172/4577
04-01 12:05:55.526  1702  1964 D DisplayManagerService: Ignore redundant display event 0/2 to 10145/5143
04-01 12:05:55.527  1702  1964 D DisplayManagerService: Ignore redundant display event 0/2 to 10322/8626
04-01 12:05:55.527  1702  1964 D DisplayManagerService: Ignore redundant display event 0/2 to 10145/8808
04-01 12:05:55.527  1702  1964 D DisplayManagerService: Ignore redundant display event 0/2 to 10278/27771
04-01 12:05:52.000   366   366 I [FTS_TS/I]drm_notifier_callback: DRM event:1,blank:3
04-01 12:05:52.000   366   366 I [FTS_TS/I]drm_notifier_callback: DRM BLANK(3) do not need process
04-01 12:05:52.069  6658  6658 I [kworke][0x8c240c7d652][19:05:55.610785] wlan: [6658:I:PMO] pmo_core_psoc_send_host_wakeup_ind_to_fw: Host wakeup indication sent to fw
04-01 12:05:56.137  1702  2572 D AppWidgetServiceImpl: Trying to notify widget update for package org.kustom.widget with widget id: 54
04-01 12:05:52.846  3791  3791 E simulated_ntc: proc_shell_write write invalid para
04-01 12:05:53.223  6658  6658 I [kworke][0x8c24219e551][19:05:56.764692] wlan: [6658:I:PMO] pmo_core_is_wow_applicable: lpass enabled, enabling wow
04-01 12:05:53.327 10945 10945 I [kworke][0x8c24238784c][19:05:56.869052] wlan: [10945:I:PMO] pmo_core_psoc_send_host_wakeup_ind_to_fw: Host wakeup indication sent to fw
04-01 12:05:53.584  1709  1709 E [cnd][0x8c24283ab60][19:05:57.125733] wlan: [1709:E:HDD] __wlan_hdd_cfg80211_stats_ext_request: Failed to get hw stats: 15
04-01 12:05:57.135  1702  2572 D AppWidgetServiceImpl: Trying to notify widget update for package org.kustom.widget with widget id: 54
04-01 12:05:54.235 10945 10945 I [kworke][0x8c243425539][19:05:57.776531] wlan: [10945:I:PMO] pmo_core_is_wow_applicable: lpass enabled, enabling wow
04-01 12:05:58.128  1702  2572 D AppWidgetServiceImpl: Trying to notify widget update for package org.kustom.widget with widget id: 54
04-01 12:05:54.719     0     0 I [    C0] [irq][0x8c243d019d2][19: 05:58.260434] wlan: [0:I:HIF] hif_pm_runtime_request_resume: Runtime PM resume is requested by hif_pm_runtime_check_and_request_resume [wlan]
04-01 12:05:54.719     0     0 E [    C0] [soft_i][0x8c243d03de9][19: 05:58.260914] wlan: [0:E:QDF] htc_rx_completion_handler: Received initial wake up
04-01 12:05:54.720 10945 10945 I [kworke][0x8c243d08a06][19:05:58.261928] wlan: [10945:I:PMO] pmo_core_psoc_send_host_wakeup_ind_to_fw: Host wakeup indication sent to fw
04-01 12:05:54.722     0     0 F [    C0] [soft_i][0x8c243d12434][19: 05:58.263984] wlan: [0:F:WMA] WLAN triggered wakeup: BPF_ALLOW (39), vdev: 0 (STA)
04-01 12:05:54.723     0     0 I [    C0] [soft_i][0x8c243d14059][19: 05:58.264359] wlan: [0:I:WMA] wma_log_pkt_ipv4: Pkt_len: 125, src_port: 443, dst_port: 39606
04-01 12:05:59.134  1702  2572 D AppWidgetServiceImpl: Trying to notify widget update for package org.kustom.widget with widget id: 54
04-01 12:05:59.674  1702  2021 D NtMemoryManager: not set com.google.android.apps.messaging adj to 801
04-01 12:05:56.211 10945 10945 I [kworke][0x8c245854af0][19:05:59.752714] wlan: [10945:I:PMO] pmo_core_is_wow_applicable: lpass enabled, enabling wow
04-01 12:06:00.084  2704  2704 V KeyguardStatusViewController: onTimeChanged
04-01 12:06:00.137  1702  2572 D AppWidgetServiceImpl: Trying to notify widget update for package org.kustom.widget with widget id: 54
04-01 12:06:00.587  1702  2477 D ActivityManager: freezing 29439 com.nextcloud.client
04-01 12:05:57.055  6756  6756 I [kworke][0x8c2467c8770][19:06:00.596613] wlan: [6756:I:PMO] pmo_core_psoc_send_host_wakeup_ind_to_fw: Host wakeup indication sent to fw
04-01 12:05:57.104  1709  1709 E [cnd][0x8c2468aeb2b][19:06:00.645730] wlan: [1709:E:HDD] __wlan_hdd_cfg80211_stats_ext_request: Failed to get hw stats: 15
04-01 12:06:01.127  1702  2572 D AppWidgetServiceImpl: Trying to notify widget update for package org.kustom.widget with widget id: 54
04-01 12:05:57.611  1150  1150 W healthd : battery l=74 v=4080 t=25.0 h=2 st=3 c=-417791 fc=3915000 cc=132 chg=
04-01 12:05:57.626  1150  1150 W HealthLoop: debug.nt.screen_brightness:3.747478
04-01 12:06:01.179  2676  2676 D BatteryHealthController: plugType=0
04-01 12:05:57.847  3791  3791 E simulated_ntc: proc_shell_write write invalid para
04-01 12:06:02.133  1702  2572 D AppWidgetServiceImpl: Trying to notify widget update for package org.kustom.widget with widget id: 54
04-01 12:06:03.129  1702  2572 D AppWidgetServiceImpl: Trying to notify widget update for package org.kustom.widget with widget id: 54
04-01 12:06:00.155  6756  6756 I [kworke][0x8c24a08cf7a][19:06:03.696881] wlan: [6756:I:PMO] pmo_core_is_wow_applicable: lpass enabled, enabling wow
04-01 12:06:00.176  6756  6756 I [kworke][0x8c24a0ef51e][19:06:03.717862] wlan: [6756:I:HIF] hif_try_complete_tasks: waiting for tasklets 0 grp tasklets 0 work 2
04-01 12:06:04.132  1702  2572 D AppWidgetServiceImpl: Trying to notify widget update for package org.kustom.widget with widget id: 54
04-01 12:06:00.624  1709  1709 E [cnd][0x8c24a922b48][19:06:04.165731] wlan: [1709:E:HDD] __wlan_hdd_cfg80211_stats_ext_request: Failed to get hw stats: 15
04-01 12:06:00.627 10945 10945 I [kworke][0x8c24a93257a][19:06:04.169067] wlan: [10945:I:PMO] pmo_core_psoc_send_host_wakeup_ind_to_fw: Host wakeup indication sent to fw
04-01 12:06:05.122  1702  2572 D AppWidgetServiceImpl: Trying to notify widget update for package org.kustom.widget with widget id: 54
04-01 12:06:01.894 10945 10945 I [kworke][0x8c24c062993][19:06:05.435469] wlan: [10945:I:PMO] pmo_core_is_wow_applicable: lpass enabled, enabling wow
04-01 12:06:01.984     0     0 W [    C2] ALERT: changing window size from 8000000 to 20000000 at 334456752114861
04-01 12:06:01.988     0     0 I [    C0] [irq][0x8c24c21b0e6][19: 06:05.529434] wlan: [0:I:HIF] hif_pm_runtime_request_resume: Runtime PM resume is requested by hif_pm_runtime_check_and_request_resume [wlan]
04-01 12:06:01.988     0     0 E [    C0] [soft_i][0x8c24c21d0f4][19: 06:05.529861] wlan: [0:E:QDF] htc_rx_completion_handler: Received initial wake up
04-01 12:06:01.989 10945 10945 I [kworke][0x8c24c221e06][19:06:05.530888] wlan: [10945:I:PMO] pmo_core_psoc_send_host_wakeup_ind_to_fw: Host wakeup indication sent to fw
04-01 12:06:01.992     0     0 F [    C0] [soft_i][0x8c24c22c936][19: 06:05.533171] wlan: [0:F:WMA] WLAN triggered wakeup: BPF_ALLOW (39), vdev: 0 (STA)
04-01 12:06:01.992     0     0 I [    C0] [soft_i][0x8c24c22ff91][19: 06:05.533895] wlan: [0:I:WMA] wma_log_pkt_ipv4: Pkt_len: 125, src_port: 443, dst_port: 47090
04-01 12:06:06.139  1702  2572 D AppWidgetServiceImpl: Trying to notify widget update for package org.kustom.widget with widget id: 54
04-01 12:06:02.851  3791  3791 E simulated_ntc: proc_shell_write write invalid para
04-01 12:06:07.139  1702  2572 D AppWidgetServiceImpl: Trying to notify widget update for package org.kustom.widget with widget id: 54
04-01 12:06:04.021 10945 10945 I [kworke][0x8c24e753815][19:06:07.562169] wlan: [10945:I:PMO] pmo_core_is_wow_applicable: lpass enabled, enabling wow
04-01 12:06:04.145  1709  1709 E [cnd][0x8c24e9997f3][19:06:07.686327] wlan: [1709:E:HDD] __wlan_hdd_cfg80211_stats_ext_request: Failed to get hw stats: 15
04-01 12:06:04.149 10945 10945 I [kworke][0x8c24e9acb43][19:06:07.690424] wlan: [10945:I:PMO] pmo_core_psoc_send_host_wakeup_ind_to_fw: Host wakeup indication sent to fw
04-01 12:06:07.759  1702  5829 D NtMemoryManager: not set com.google.android.apps.messaging adj to 801
04-01 12:06:08.139  1702  2572 D AppWidgetServiceImpl: Trying to notify widget update for package org.kustom.widget with widget id: 54
04-01 12:06:04.754 10945 10945 I [kworke][0x8c24f4c36be][19:06:08.296018] wlan: [10945:I:PMO] pmo_core_is_wow_applicable: lpass enabled, enabling wow
04-01 12:06:05.061     0     0 I [    C0] [irq][0x8c24fa5fdd4][19: 06:08.602461] wlan: [0:I:HIF] hif_pm_runtime_request_resume: Runtime PM resume is requested by hif_pm_runtime_check_and_request_resume [wlan]
04-01 12:06:05.061     0     0 E [    C0] [soft_i][0x8c24fa61931][19: 06:08.602824] wlan: [0:E:QDF] htc_rx_completion_handler: Received initial wake up
04-01 12:06:05.062 10945 10945 I [kworke][0x8c24fa652b3][19:06:08.603590] wlan: [10945:I:PMO] pmo_core_psoc_send_host_wakeup_ind_to_fw: Host wakeup indication sent to fw
04-01 12:06:05.063  7044  7044 I [schedu][0x8c24fa69469][19:06:08.604466] wlan: [7044:I:PE] RX: [802.11 BCN_RPT] seq:84 SSID:parkhouse-Guest BSSID:ff:ff:ff:ff:ff:ff Token:61 op_class:115 ch:36 meas_mode:1 meas_duration:50 max_dur: 1 sign: 0 max_meas_dur: 100
04-01 12:06:05.064     0     0 F [    C0] [soft_i][0x8c24fa6fb0d][19: 06:08.605835] wlan: [0:F:WMA] WLAN triggered wakeup: ACTION_FRAME_RECV (38), vdev: 0 (STA)
04-01 12:06:05.128  7044  7044 I [schedu][0x8c24fb9949c][19:06:08.669322] wlan: [7044:I:PE] TX: [802.11 BCN_RPT] seq_no:4044 dialog_token:60 no. of APs:3 is_last_rpt:1 num_report: 3 peer:ce:9e:43:a4:79:54
04-01 12:06:09.136  1702  2572 D AppWidgetServiceImpl: Trying to notify widget update for package org.kustom.widget with widget id: 54
04-01 12:06:10.136  1702  2572 D AppWidgetServiceImpl: Trying to notify widget update for package org.kustom.widget with widget id: 54
04-01 12:06:06.955 10945 10945 I [kworke][0x8c251d0e513][19:06:10.496529] wlan: [10945:I:PMO] pmo_core_is_wow_applicable: lpass enabled, enabling wow
04-01 12:06:06.975 10945 10945 I [kworke][0x8c251d6a439][19:06:10.516144] wlan: [10945:I:HIF] hif_try_complete_tasks: waiting for tasklets 0 grp tasklets 0 work 2
04-01 12:06:07.111     0     0 I [    C0] [irq][0x8c251febc62][19: 06:10.653002] wlan: [0:I:HIF] hif_pm_runtime_request_resume: Runtime PM resume is requested by hif_pm_runtime_check_and_request_resume [wlan]
04-01 12:06:07.112     0     0 E [    C0] [soft_i][0x8c251fed727][19: 06:10.653357] wlan: [0:E:QDF] htc_rx_completion_handler: Received initial wake up
04-01 12:06:07.113 10945 10945 I [kworke][0x8c251ff1450][19:06:10.654172] wlan: [10945:I:PMO] pmo_core_psoc_send_host_wakeup_ind_to_fw: Host wakeup indication sent to fw
04-01 12:06:07.115     0     0 F [    C0] [soft_i][0x8c251ffcdf5][19: 06:10.656648] wlan: [0:F:WMA] WLAN triggered wakeup: BPF_ALLOW (39), vdev: 0 (STA)
04-01 12:06:07.116     0     0 I [    C0] [soft_i][0x8c251fffda3][19: 06:10.657283] wlan: [0:I:WMA] wma_log_pkt_ipv4: Pkt_len: 108, src_port: 443, dst_port: 47090
04-01 12:06:11.140  1702  2572 D AppWidgetServiceImpl: Trying to notify widget update for package org.kustom.widget with widget id: 54
04-01 12:06:07.665  1709  1709 E [cnd][0x8c252a0c6a7][19:06:11.206096] wlan: [1709:E:HDD] __wlan_hdd_cfg80211_stats_ext_request: Failed to get hw stats: 15
04-01 12:06:07.847  3791  3791 E simulated_ntc: proc_shell_write write invalid para
04-01 12:06:12.137  1702  2572 D AppWidgetServiceImpl: Trying to notify widget update for package org.kustom.widget with widget id: 54
04-01 12:06:09.116  6673  6673 I [kworke][0x8c25449f74e][19:06:12.657412] wlan: [6673:I:PMO] pmo_core_is_wow_applicable: lpass enabled, enabling wow
04-01 12:06:13.138  1702  2572 D AppWidgetServiceImpl: Trying to notify widget update for package org.kustom.widget with widget id: 54
04-01 12:06:09.669  6673  6673 I [kworke][0x8c254ebf8de][19:06:13.210393] wlan: [6673:I:PMO] pmo_core_psoc_send_host_wakeup_ind_to_fw: Host wakeup indication sent to fw
04-01 12:06:13.778  1702  2021 D NtMemoryManager: not set com.google.android.apps.messaging adj to 801
04-01 12:06:10.313  6673  6673 I [kworke][0x8c255a8cef4][19:06:13.854954] wlan: [6673:I:PMO] pmo_core_is_wow_applicable: lpass enabled, enabling wow
04-01 12:06:14.137  1702  2572 D AppWidgetServiceImpl: Trying to notify widget update for package org.kustom.widget with widget id: 54
04-01 12:06:11.184  1709  1709 E [cnd][0x8c256a7ed8e][19:06:14.725762] wlan: [1709:E:HDD] __wlan_hdd_cfg80211_stats_ext_request: Failed to get hw stats: 15
04-01 12:06:11.188  9382  9382 I [kworke][0x8c256a8f5d9][19:06:14.729286] wlan: [9382:I:PMO] pmo_core_psoc_send_host_wakeup_ind_to_fw: Host wakeup indication sent to fw
04-01 12:06:15.134  1702  2572 D AppWidgetServiceImpl: Trying to notify widget update for package org.kustom.widget with widget id: 54
04-01 12:06:11.806  9382  9382 I [kworke][0x8c2575dfa3e][19:06:15.347158] wlan: [9382:I:PMO] pmo_core_is_wow_applicable: lpass enabled, enabling wow
04-01 12:06:12.365  6658  6658 I [kworke][0x8c25801d551][19:06:15.906452] wlan: [6658:I:PMO] pmo_core_psoc_send_host_wakeup_ind_to_fw: Host wakeup indication sent to fw
04-01 12:06:16.147  1702  2572 D AppWidgetServiceImpl: Trying to notify widget update for package org.kustom.widget with widget id: 54
04-01 12:06:12.847  3791  3791 E simulated_ntc: proc_shell_write write invalid para
04-01 12:06:17.144  1702  2572 D AppWidgetServiceImpl: Trying to notify widget update for package org.kustom.widget with widget id: 54
04-01 12:06:14.202  6658  6658 I [kworke][0x8c25a1c015e][19:06:17.743413] wlan: [6658:I:PMO] pmo_core_is_wow_applicable: lpass enabled, enabling wow
04-01 12:06:18.139  1702  2572 D AppWidgetServiceImpl: Trying to notify widget update for package org.kustom.widget with widget id: 54
04-01 12:06:14.704  1709  1709 E [cnd][0x8c25aaf2de6][19:06:18.245766] wlan: [1709:E:HDD] __wlan_hdd_cfg80211_stats_ext_request: Failed to get hw stats: 15
04-01 12:06:14.708 10902 10902 I [kworke][0x8c25ab028d1][19:06:18.249112] wlan: [10902:I:PMO] pmo_core_psoc_send_host_wakeup_ind_to_fw: Host wakeup indication sent to fw
04-01 12:06:18.310  1702  5551 D NtMemoryManager: not set com.google.android.apps.messaging adj to 801
04-01 12:06:18.789  1702  2477 D ActivityManager: freezing 15553 com.google.android.gms
04-01 12:06:15.340 10902 10902 I [kworke][0x8c25b695b35][19:06:18.881250] wlan: [10902:I:PMO] pmo_core_is_wow_applicable: lpass enabled, enabling wow
04-01 12:06:15.434  6658  6658 I [kworke][0x8c25b84f74f][19:06:18.975492] wlan: [6658:I:PMO] pmo_core_psoc_send_host_wakeup_ind_to_fw: Host wakeup indication sent to fw
04-01 12:06:19.139  1702  2572 D AppWidgetServiceImpl: Trying to notify widget update for package org.kustom.widget with widget id: 54
04-01 12:06:16.074  6658  6658 I [kworke][0x8c25c405e41][19:06:19.615158] wlan: [6658:I:PMO] pmo_core_is_wow_applicable: lpass enabled, enabling wow
04-01 12:06:20.139  1702  2572 D AppWidgetServiceImpl: Trying to notify widget update for package org.kustom.widget with widget id: 54
04-01 12:06:16.710 10902 10902 I [kworke][0x8c25cfaeb06][19:06:20.251915] wlan: [10902:I:PMO] pmo_core_psoc_send_host_wakeup_ind_to_fw: Host wakeup indication sent to fw
04-01 12:06:17.351 10902 10902 I [kworke][0x8c25db6adaa][19:06:20.892803] wlan: [10902:I:PMO] pmo_core_is_wow_applicable: lpass enabled, enabling wow
04-01 12:06:17.372 10902 10902 I [kworke][0x8c25dbcd8fc][19:06:20.913861] wlan: [10902:I:PMO] pmo_core_psoc_send_host_wakeup_ind_to_fw: Host wakeup indication sent to fw
04-01 12:06:21.135  1702  2572 D AppWidgetServiceImpl: Trying to notify widget update for package org.kustom.widget with widget id: 54
04-01 12:06:17.608  1150  1150 W healthd : battery l=74 v=4088 t=25.0 h=2 st=3 c=-342411 fc=3915000 cc=132 chg=
04-01 12:06:17.625  1150  1150 W HealthLoop: debug.nt.screen_brightness:3.747478
04-01 12:06:21.175  2676  2676 D BatteryHealthController: plugType=0
04-01 12:06:17.847  3791  3791 E simulated_ntc: proc_shell_write write invalid para
04-01 12:06:18.224  1709  1709 E [cnd][0x8c25eb66309][19:06:21.765621] wlan: [1709:E:HDD] __wlan_hdd_cfg80211_stats_ext_request: Failed to get hw stats: 15
04-01 12:06:21.805  1702  3025 D ActivityManager: sync unfroze 15553 com.google.android.gms for 6
04-01 12:06:22.139  1702  2572 D AppWidgetServiceImpl: Trying to notify widget update for package org.kustom.widget with widget id: 54
04-01 12:06:19.215 10902 10902 I [kworke][0x8c25fd8c125][19:06:22.756743] wlan: [10902:I:PMO] pmo_core_is_wow_applicable: lpass enabled, enabling wow
04-01 12:06:23.554  1702  2572 D AppWidgetServiceImpl: Trying to notify widget update for package org.kustom.widget with widget id: 54
04-01 12:06:20.229  6673  6673 I [kworke][0x8c26101bf92][19:06:23.770483] wlan: [6673:I:PMO] pmo_core_psoc_send_host_wakeup_ind_to_fw: Host wakeup indication sent to fw
04-01 12:06:24.192  1702  2572 D AppWidgetServiceImpl: Trying to notify widget update for package org.kustom.widget with widget id: 54
04-01 12:06:24.328  1702  2021 D NtMemoryManager: not set com.google.android.apps.messaging adj to 801
04-01 12:06:20.842  6673  6673 I [kworke][0x8c261b5718c][19:06:24.383842] wlan: [6673:I:PMO] pmo_core_is_wow_applicable: lpass enabled, enabling wow
04-01 12:06:25.138  1702  2572 D AppWidgetServiceImpl: Trying to notify widget update for package org.kustom.widget with widget id: 54
04-01 12:06:21.744  1709  1709 E [cnd][0x8c262bdaa60][19:06:25.285719] wlan: [1709:E:HDD] __wlan_hdd_cfg80211_stats_ext_request: Failed to get hw stats: 15
04-01 12:06:21.748  9382  9382 I [kworke][0x8c262beb7bb][19:06:25.289311] wlan: [9382:I:PMO] pmo_core_psoc_send_host_wakeup_ind_to_fw: Host wakeup indication sent to fw
04-01 12:06:26.138  1702  2572 D AppWidgetServiceImpl: Trying to notify widget update for package org.kustom.widget with widget id: 54
04-01 12:06:22.846  3791  3791 E simulated_ntc: proc_shell_write write invalid para
04-01 12:06:23.293  7044  7044 I [schedu][0x8c26483802a][19:06:26.834810] wlan: [7044:I:PE] RX: [802.11 BCN_RPT] seq:85 SSID:parkhouse-Guest BSSID:ff:ff:ff:ff:ff:ff Token:62 op_class:115 ch:36 meas_mode:1 meas_duration:50 max_dur: 1 sign: 0 max_meas_dur: 100
04-01 12:06:23.349  7044  7044 I [schedu][0x8c26493ba6c][19:06:26.890200] wlan: [7044:I:PE] TX: [802.11 BCN_RPT] seq_no:4045 dialog_token:61 no. of APs:1 is_last_rpt:1 num_report: 1 peer:ce:9e:43:a4:79:54
04-01 12:06:27.139  1702  2572 D AppWidgetServiceImpl: Trying to notify widget update for package org.kustom.widget with widget id: 54
04-01 12:06:24.436  6658  6658 I [kworke][0x8c265d26a80][19:06:27.977988] wlan: [6658:I:PMO] pmo_core_is_wow_applicable: lpass enabled, enabling wow
04-01 12:06:28.140  1702  2572 D AppWidgetServiceImpl: Trying to notify widget update for package org.kustom.widget with widget id: 54
04-01 12:06:28.511  1702  2976 D NtMemoryManager: computeTargetAdj start
04-01 12:06:28.511  1702  2976 D NtMemoryManager: com.myinsta.android last pss: 0
04-01 12:06:28.512  1702  2976 D NtMemoryManager: com.google.android.youtube last pss: 606180
04-01 12:06:28.512  1702  2976 D NtMemoryManager: com.android.chrome last pss: 376757
04-01 12:06:28.512  1702  2976 D NtMemoryManager: com.google.android.googlequicksearchbox last pss: 104628
04-01 12:06:28.512  1702  2976 D NtMemoryManager: com.openbubbles.messaging last pss: 0
04-01 12:06:28.515  1702  2976 D NtMemoryManager: com.google.android.apps.messaging last pss: 506913
04-01 12:06:28.515  1702  2976 D NtMemoryManager: org.lds.ldssa last pss: 518331
04-01 12:06:28.515  1702  2976 D NtMemoryManager: com.spotify.music last pss: 482309
04-01 12:06:28.515  1702  2976 D NtMemoryManager: computeTargetAdj end
04-01 12:06:25.177 10902 10902 I [kworke][0x8c266ab5195][19:06:28.718349] wlan: [10902:I:PMO] pmo_core_psoc_send_host_wakeup_ind_to_fw: Host wakeup indication sent to fw
04-01 12:06:25.264  1709  1709 E [cnd][0x8c266c4ff34][19:06:28.805997] wlan: [1709:E:HDD] __wlan_hdd_cfg80211_stats_ext_request: Failed to get hw stats: 15
04-01 12:06:28.878  1702  5815 D NtMemoryManager: not set com.google.android.apps.messaging adj to 801
04-01 12:06:29.136  1702  2572 D AppWidgetServiceImpl: Trying to notify widget update for package org.kustom.widget with widget id: 54
04-01 12:06:25.807 10902 10902 I [kworke][0x8c26763ee26][19:06:29.348490] wlan: [10902:I:PMO] pmo_core_is_wow_applicable: lpass enabled, enabling wow
04-01 12:06:26.551  6673  6673 I [kworke][0x8c2683dcc56][19:06:30.092145] wlan: [6673:I:PMO] pmo_core_psoc_send_host_wakeup_ind_to_fw: Host wakeup indication sent to fw
04-01 12:06:30.131  1702  2572 D AppWidgetServiceImpl: Trying to notify widget update for package org.kustom.widget with widget id: 54
04-01 12:06:31.140  1702  2572 D AppWidgetServiceImpl: Trying to notify widget update for package org.kustom.widget with widget id: 54
04-01 12:06:27.846  3791  3791 E simulated_ntc: proc_shell_write write invalid para
04-01 12:06:28.285  6673  6673 I [kworke][0x8c26a39dd63][19:06:31.826346] wlan: [6673:I:PMO] pmo_core_is_wow_applicable: lpass enabled, enabling wow
04-01 12:06:28.306  6673  6673 I [kworke][0x8c26a402bed][19:06:31.847873] wlan: [6673:I:HIF] hif_try_complete_tasks: waiting for tasklets 0 grp tasklets 0 work 2
04-01 12:06:28.349 10902 10902 I [kworke][0x8c26a4cac94][19:06:31.890549] wlan: [10902:I:PMO] pmo_core_psoc_send_host_wakeup_ind_to_fw: Host wakeup indication sent to fw
04-01 12:06:32.138  1702  2572 D AppWidgetServiceImpl: Trying to notify widget update for package org.kustom.widget with widget id: 54
04-01 12:06:28.784  1709  1709 E [cnd][0x8c26acc231d][19:06:32.325622] wlan: [1709:E:HDD] __wlan_hdd_cfg80211_stats_ext_request: Failed to get hw stats: 15
04-01 12:06:28.831   622   622 W [FTS_TS]fts_input_report_b: [B]P0(596, 1969)[p:9,tm:48] DOWN!
04-01 12:06:32.379  1702  1964 I DisplayDeviceRepository: Display device changed: DisplayDeviceInfo{"Built-in Screen": uniqueId="local:4630946480328692354", 1080 x 2400, modeId 2, renderFrameRate 120.00001, defaultModeId 1, userPreferredModeId -1, supportedModes [{id=1, width=1080, height=2400, fps=60.000004, vsync=60.000004, synthetic=false, alternativeRefreshRates=[90.0, 120.00001], supportedHdrTypes=[2, 3, 4]}, {id=2, width=1080, height=2400, fps=120.00001, vsync=120.00001, synthetic=false, alternativeRefreshRates=[60.000004, 90.0], supportedHdrTypes=[2, 3, 4]}, {id=3, width=1080, height=2400, fps=90.0, vsync=90.0, synthetic=false, alternativeRefreshRates=[60.000004, 120.00001], supportedHdrTypes=[2, 3, 4]}], colorMode 0, supportedColorModes [0, 7, 9], hdrCapabilities HdrCapabilities{mSupportedHdrTypes=[2, 3, 4], mMaxLuminance=500.0, mMaxAverageLuminance=500.0, mMinLuminance=0.0}, allmSupported false, gameContentTypeSupported false, density 420, 403.411 x 401.052 dpi, appVsyncOff 1000000, presDeadline 13333332, cutout DisplayCutout{insets=Rect(0, 136 - 0, 0) waterfall=Insets{left=0, top=0, right=0, bottom=0} boundingRect={Bounds=[Rect(0, 0 - 0, 0), Rect(0, 0 - 188, 136), Rect(0, 0 - 0, 0), Rect(0, 0 - 0, 0)]} cutoutPathParserInfo={CutoutPathParserInfo{displayWidth=1080 displayHeight=2400 physicalDisplayWidth=1080 physicalDisplayHeight=2400 density={2.625} cutoutSpec={M89.3,42.31 m0,26.19 a26.19,26.19 0 1,0 52.38,0 a26.19,26.19 0 1,0 -52.38,0 Z @left} rotation={0} scale={1.0} physicalPixelDisplaySizeRatio={1.0}}} sideOverrides={}}, touch INTERNAL, rotation 0, type INTERNAL, address {port=130, model=0x40446d49bdd652}, deviceProductInfo DeviceProductInfo{name=, manufacturerPnpId=QCM, productId=1, modelYear=null, manufactureDate=ManufactureDate{week=27, year=2006}, connectionToSinkType=0}, state ON, committedState ON, frameRateOverride , brightnessMinimum 0.0, brightnessMaximum 1.0, brightnessDefault 0.4, hdrSdrRatio 1.0, roundedCorners RoundedCorners{[RoundedCorner{position=TopLeft, radius=115, center=Point(115, 115)}, RoundedCorner{position=TopRight, radius=115, center=Point(965, 115)}, RoundedCorner{position=BottomRight, radius=115, center=Point(965, 2285)}, RoundedCorner{position=BottomLeft, radius=115, center=Point(115, 2285)}]}, FLAG_ALLOWED_TO_BE_DEFAULT_DISPLAY, FLAG_ROTATES_WITH_CONTENT, FLAG_SECURE, FLAG_SUPPORTS_PROTECTED_BUFFERS, FLAG_TRUSTED, installOrientation 0, displayShape DisplayShape{ spec=-1893857183 displayWidth=1080 displayHeight=2400 physicalPixelDisplaySizeRatio=1.0 rotation=0 offsetX=0 offsetY=0 scale=1.0}}
04-01 12:06:32.382  1702  1964 D DisplayManagerService: Ignore redundant display event 0/2 to 10388/1093
04-01 12:06:32.382  1702  2088 D BrightnessThermalClamper: Thermal status observer already started
04-01 12:06:32.383  1702  1964 D DisplayManagerService: Ignore redundant display event 0/2 to 10172/4577
04-01 12:06:32.383  1702  1964 D DisplayManagerService: Ignore redundant display event 0/2 to 10145/5143
04-01 12:06:32.383  1702  1964 D DisplayManagerService: Ignore redundant display event 0/2 to 10322/8626
04-01 12:06:32.383  1702  1964 D DisplayManagerService: Ignore redundant display event 0/2 to 10145/8808
04-01 12:06:32.384  1702  1964 D DisplayManagerService: Ignore redundant display event 0/2 to 10278/27771
04-01 12:06:28.844     0     0 W [    C1] ALERT: changing window size from 20000000 to 8000000 at 334483612070163
04-01 12:06:29.337   622   622 W [FTS_TS]fts_input_report_b: [B]P0 UP!
04-01 12:06:29.337   622   622 W [FTS_TS]fts_input_report_b: [B]Points All Up!
04-01 12:06:29.484 10902 10902 I [kworke][0x8c26b995209][19:06:33.025981] wlan: [10902:I:PMO] pmo_core_is_wow_applicable: lpass enabled, enabling wow
04-01 12:06:33.109  1702  2572 D AppWidgetServiceImpl: Trying to notify widget update for package org.kustom.widget with widget id: 54
04-01 12:06:29.842     0     0 I [    C0] [irq][0x8c26c020ccf][19: 06:33.383460] wlan: [0:I:HIF] hif_pm_runtime_request_resume: Runtime PM resume is requested by hif_pm_runtime_check_and_request_resume [wlan]
04-01 12:06:29.842     0     0 E [    C0] [soft_i][0x8c26c022d46][19: 06:33.383892] wlan: [0:E:QDF] htc_rx_completion_handler: Received initial wake up
04-01 12:06:29.843  6673  6673 I [kworke][0x8c26c02713f][19:06:33.384798] wlan: [6673:I:PMO] pmo_core_psoc_send_host_wakeup_ind_to_fw: Host wakeup indication sent to fw
04-01 12:06:29.846     0     0 F [    C0] [soft_i][0x8c26c032426][19: 06:33.387184] wlan: [0:F:WMA] WLAN triggered wakeup: BPF_ALLOW (39), vdev: 0 (STA)
04-01 12:06:29.846     0     0 I [    C0] [soft_i][0x8c26c0348d2][19: 06:33.387672] wlan: [0:I:WMA] wma_log_pkt_ipv4: Pkt_len: 1500, src_port: 443, dst_port: 40328
04-01 12:06:34.117  1702  2572 D AppWidgetServiceImpl: Trying to notify widget update for package org.kustom.widget with widget id: 54
04-01 12:06:34.891  1702  2021 D NtMemoryManager: not set com.google.android.apps.messaging adj to 801
04-01 12:06:35.116  1702  2572 D AppWidgetServiceImpl: Trying to notify widget update for package org.kustom.widget with widget id: 54
04-01 12:06:31.837  6673  6673 I [kworke][0x8c26e4a936b][19:06:35.378640] wlan: [6673:I:PMO] pmo_core_is_wow_applicable: lpass enabled, enabling wow
04-01 12:06:32.304  1709  1709 E [cnd][0x8c26ed36705][19:06:35.845675] wlan: [1709:E:HDD] __wlan_hdd_cfg80211_stats_ext_request: Failed to get hw stats: 15
04-01 12:06:32.309  9382  9382 I [kworke][0x8c26ed4f202][19:06:35.850941] wlan: [9382:I:PMO] pmo_core_psoc_send_host_wakeup_ind_to_fw: Host wakeup indication sent to fw
04-01 12:06:35.875  1702  3948 D NtMemoryManager: not set com.google.android.apps.messaging adj to 801
04-01 12:06:36.115  1702  2572 D AppWidgetServiceImpl: Trying to notify widget update for package org.kustom.widget with widget id: 54
04-01 12:06:32.847  3791  3791 E simulated_ntc: proc_shell_write write invalid para
04-01 12:06:33.276  9382  9382 I [kworke][0x8c26ff0006f][19:06:36.817107] wlan: [9382:I:PMO] pmo_core_is_wow_applicable: lpass enabled, enabling wow
04-01 12:06:33.351 10902 10902 I [kworke][0x8c27006341d][19:06:36.892889] wlan: [10902:I:PMO] pmo_core_psoc_send_host_wakeup_ind_to_fw: Host wakeup indication sent to fw
04-01 12:06:37.116  1702  2572 D AppWidgetServiceImpl: Trying to notify widget update for package org.kustom.widget with widget id: 54
04-01 12:06:34.241 10902 10902 I [kworke][0x8c2710afeb4][19:06:37.783057] wlan: [10902:I:PMO] pmo_core_is_wow_applicable: lpass enabled, enabling wow
04-01 12:06:34.309 10902 10902 I [kworke][0x8c2711eb0d1][19:06:37.850285] wlan: [10902:I:PMO] pmo_core_psoc_send_host_wakeup_ind_to_fw: Host wakeup indication sent to fw
04-01 12:06:38.118  1702  2572 D AppWidgetServiceImpl: Trying to notify widget update for package org.kustom.widget with widget id: 54
04-01 12:06:34.949 10902 10902 I [kworke][0x8c271da4c94][19:06:38.490655] wlan: [10902:I:PMO] pmo_core_is_wow_applicable: lpass enabled, enabling wow
04-01 12:06:38.903  1702  2477 D ActivityManager: freezing 15553 com.google.android.gms
04-01 12:06:39.118  1702  2572 D AppWidgetServiceImpl: Trying to notify widget update for package org.kustom.widget with widget id: 54
04-01 12:06:35.824  1709  1709 E [cnd][0x8c272daa2af][19:06:39.365617] wlan: [1709:E:HDD] __wlan_hdd_cfg80211_stats_ext_request: Failed to get hw stats: 15
04-01 12:06:35.827  9382  9382 I [kworke][0x8c272db7413][19:06:39.368409] wlan: [9382:I:PMO] pmo_core_psoc_send_host_wakeup_ind_to_fw: Host wakeup indication sent to fw
04-01 12:06:36.461  9382  9382 I [kworke][0x8c2739540e7][19:06:40.002606] wlan: [9382:I:PMO] pmo_core_is_wow_applicable: lpass enabled, enabling wow
04-01 12:06:40.129  1702  2572 D AppWidgetServiceImpl: Trying to notify widget update for package org.kustom.widget with widget id: 54
04-01 12:06:37.364 10902 10902 I [kworke][0x8c2749de732][19:06:40.905944] wlan: [10902:I:PMO] pmo_core_psoc_send_host_wakeup_ind_to_fw: Host wakeup indication sent to fw
04-01 12:06:41.132  1702  2572 D AppWidgetServiceImpl: Trying to notify widget update for package org.kustom.widget with widget id: 54
04-01 12:06:37.605  1150  1150 W healthd : battery l=74 v=4085 t=25.0 h=2 st=3 c=-346074 fc=3915000 cc=132 chg=
04-01 12:06:37.621  1150  1150 W HealthLoop: debug.nt.screen_brightness:3.747478
04-01 12:06:41.171  2676  2676 D BatteryHealthController: plugType=0
04-01 12:06:37.846  3791  3791 E simulated_ntc: proc_shell_write write invalid para
04-01 12:06:41.748  1702  3025 D ActivityManager: sync unfroze 15553 com.google.android.gms for 6
04-01 12:06:41.888  1702  2021 D NtMemoryManager: not set com.google.android.apps.messaging adj to 801
04-01 12:06:42.130  1702  2572 D AppWidgetServiceImpl: Trying to notify widget update for package org.kustom.widget with widget id: 54
04-01 12:06:38.974 10902 10902 I [kworke][0x8c27675697a][19:06:42.515361] wlan: [10902:I:PMO] pmo_core_is_wow_applicable: lpass enabled, enabling wow
04-01 12:06:42.707  1702  2466 D ActivityManager: sync unfroze 1093 com.instructure.candroid for 6
04-01 12:06:42.708  1702  2466 W ProcessStats: Tracking association SourceState{cf4f096 system/1000 ImpBg #1133220} whose proc state 6 is better than process ProcessState{d199ce4 com.instructure.candroid/10388 pkg=com.instructure.candroid} proc state 14 (1 skipped)
04-01 12:06:42.725  1702  2466 D NtMemoryManager: not set com.google.android.apps.messaging adj to 801
04-01 12:06:42.727  1702  5814 D NtMemoryManager: not set com.google.android.apps.messaging adj to 801
04-01 12:06:42.728  1702  2466 W JobServiceContext: Sending onNetworkChanged for a job that isn't started. JobStatus{e734ce0 #u0a388/202 com.instructure.candroid/androidx.work.impl.background.systemjob.SystemJobService u=0 s=10388 TIME=-196ms:none NET READY}
04-01 12:06:42.731  1702  1702 I SmartStorageMaintIdler: onStartJob
04-01 12:06:42.763   672   690 I vold    : UFS manufacturer name: SAMSUNG
04-01 12:06:42.763   672   690 I vold    : : No such file or directory
04-01 12:06:42.773  1702  5814 D NtMemoryManager: not set com.google.android.apps.messaging adj to 801
04-01 12:06:42.777  1702  3025 D NtMemoryManager: not set com.google.android.apps.messaging adj to 801
04-01 12:06:42.820  1702  5815 D NtMemoryManager: not set com.google.android.apps.messaging adj to 801
04-01 12:06:42.823  1702  3025 W JobScheduler: Job didn't exist in JobStore: 2254937 #u0a98/117 com.google.android.apps.messaging/.shared.datamodel.action.execution.ActionJobService
04-01 12:06:42.825  1702  3025 D NtMemoryManager: not set com.google.android.apps.messaging adj to 801
04-01 12:06:39.344  1709  1709 E [cnd][0x8c276e1f424][19:06:42.885849] wlan: [1709:E:HDD] __wlan_hdd_cfg80211_stats_ext_request: Failed to get hw stats: 15
04-01 12:06:39.347  9382  9382 I [kworke][0x8c276e2bd45][19:06:42.888531] wlan: [9382:I:PMO] pmo_core_psoc_send_host_wakeup_ind_to_fw: Host wakeup indication sent to fw
04-01 12:06:42.927  1702  5814 D NtMemoryManager: not set com.google.android.apps.messaging adj to 801
04-01 12:06:42.966   672   690 I vold    : Color=GRAY
04-01 12:06:42.980   672   690 W vold    : Reading lifetime estimation failed for /sys/devices/platform/soc/1d84000.ufshc/health_descriptor/life_time_estimation_c: No such file or directory
04-01 12:06:42.986  1702 11030 I StorageManagerService: Storage lifetime: 10
04-01 12:06:42.988  1702 11030 W StorageManagerService: Battery is not being charged
04-01 12:06:42.988  1702 11030 I StorageManagerService: Turn off gc_urgent based on checking lifetime and charge status
04-01 12:06:42.988  1702 11030 I StorageManagerService: Set smart idle maintenance: latest write amount: 137, average write amount: 0, min segment threshold: 1024, dirty reclaim rate: 0.5, segment reclaim weight: 3.0, period(min): 15, min gc sleep time(ms): 500, target dirty ratio: 100, update counter: 10
04-01 12:06:42.989   672   690 I vold    : SetGCUrgentPace start.
04-01 12:06:42.989   672   690 I vold    : SetGCUrgentPace skip.
04-01 12:06:42.989  1702 11030 I SmartStorageMaintIdler: Got smart storage maintenance service completion callback
04-01 12:06:42.990  1702 11030 I SmartStorageMaintIdler: scheduleSmartIdle nextScheduleTime: 900000
04-01 12:06:43.118  1702  2572 D AppWidgetServiceImpl: Trying to notify widget update for package org.kustom.widget with widget id: 54
04-01 12:06:39.971 10942 10942 I [kworke][0x8c27799b223][19:06:43.513023] wlan: [10942:I:PMO] pmo_core_is_wow_applicable: lpass enabled, enabling wow
04-01 12:06:40.501 10942 10942 I [kworke][0x8c27834c818][19:06:44.042382] wlan: [10942:I:PMO] pmo_core_psoc_send_host_wakeup_ind_to_fw: Host wakeup indication sent to fw
04-01 12:06:44.116  1702  2572 D AppWidgetServiceImpl: Trying to notify widget update for package org.kustom.widget with widget id: 54
04-01 12:06:41.317 10942 10942 I [kworke][0x8c27923e88f][19:06:44.858602] wlan: [10942:I:PMO] pmo_core_is_wow_applicable: lpass enabled, enabling wow
04-01 12:06:41.348 10902 10902 I [kworke][0x8c2792d0695][19:06:44.889722] wlan: [10902:I:PMO] pmo_core_psoc_send_host_wakeup_ind_to_fw: Host wakeup indication sent to fw
04-01 12:06:41.517  7044  7044 I [schedu][0x8c2795e83f2][19:06:45.058647] wlan: [7044:I:PE] RX: [802.11 BCN_RPT] seq:86 SSID:parkhouse-Guest BSSID:ff:ff:ff:ff:ff:ff Token:63 op_class:115 ch:36 meas_mode:1 meas_duration:50 max_dur: 1 sign: 0 max_meas_dur: 100
04-01 12:06:41.575  7044  7044 I [schedu][0x8c2796f6803][19:06:45.116301] wlan: [7044:I:PE] TX: [802.11 BCN_RPT] seq_no:4046 dialog_token:62 no. of APs:3 is_last_rpt:1 num_report: 3 peer:ce:9e:43:a4:79:54
04-01 12:06:45.130  1702  2572 D AppWidgetServiceImpl: Trying to notify widget update for package org.kustom.widget with widget id: 54
04-01 12:06:42.217 10902 10902 I [kworke][0x8c27a2b8a9e][19:06:45.758469] wlan: [10902:I:PMO] pmo_core_is_wow_applicable: lpass enabled, enabling wow
04-01 12:06:46.131  1702  2572 D AppWidgetServiceImpl: Trying to notify widget update for package org.kustom.widget with widget id: 54
04-01 12:06:42.847  3791  3791 E simulated_ntc: proc_shell_write write invalid para
04-01 12:06:42.864  1709  1709 E [cnd][0x8c27ae92b30][19:06:46.405730] wlan: [1709:E:HDD] __wlan_hdd_cfg80211_stats_ext_request: Failed to get hw stats: 15
04-01 12:06:42.868 10942 10942 I [kworke][0x8c27aea31a4][19:06:46.409230] wlan: [10942:I:PMO] pmo_core_psoc_send_host_wakeup_ind_to_fw: Host wakeup indication sent to fw
04-01 12:06:47.128  1702  2572 D AppWidgetServiceImpl: Trying to notify widget update for package org.kustom.widget with widget id: 54
04-01 12:06:44.092   622   622 W [FTS_TS]fts_input_report_b: [B]P0(683, 1426)[p:10,tm:48] DOWN!
04-01 12:06:44.309 10942 10942 I [kworke][0x8c27c90803b][19:06:47.850704] wlan: [10942:I:PMO] pmo_core_is_wow_applicable: lpass enabled, enabling wow
04-01 12:06:48.114  1702  2572 D AppWidgetServiceImpl: Trying to notify widget update for package org.kustom.widget with widget id: 54
04-01 12:06:44.869  6673  6673 I [kworke][0x8c27d3461d3][19:06:48.410085] wlan: [6673:I:PMO] pmo_core_psoc_send_host_wakeup_ind_to_fw: Host wakeup indication sent to fw
04-01 12:06:45.369   622   622 W [FTS_TS]fts_input_report_b: [B]P0 UP!
04-01 12:06:45.369   622   622 W [FTS_TS]fts_input_report_b: [B]Points All Up!
04-01 12:06:48.934  1702  2021 D NtMemoryManager: not set com.google.android.apps.messaging adj to 801
04-01 12:06:45.492 10945 10945 I [kworke][0x8c27deb1f72][19:06:49.033840] wlan: [10945:I:PMO] pmo_core_is_wow_applicable: lpass enabled, enabling wow
04-01 12:06:49.109  1702  2572 D AppWidgetServiceImpl: Trying to notify widget update for package org.kustom.widget with widget id: 54
04-01 12:06:45.620   622   622 W [FTS_TS]fts_input_report_b: [B]P0(893, 1589)[p:6,tm:64] DOWN!
04-01 12:06:45.620  7393  7393 I msm_vidc: high: 00000002:  vp9d: Closed video instance: 0000000000000000
04-01 12:06:46.384  1709  1709 E [cnd][0x8c27ef060d4][19:06:49.925592] wlan: [1709:E:HDD] __wlan_hdd_cfg80211_stats_ext_request: Failed to get hw stats: 15
04-01 12:06:46.386 10902 10902 I [kworke][0x8c27ef0f3fe][19:06:49.927554] wlan: [10902:I:PMO] pmo_core_psoc_send_host_wakeup_ind_to_fw: Host wakeup indication sent to fw
04-01 12:06:49.952  1702  3025 D NtMemoryManager: not set com.google.android.apps.messaging adj to 801
04-01 12:06:46.416   622   622 W [FTS_TS]fts_input_report_b: [B]P0 UP!
04-01 12:06:46.416   622   622 W [FTS_TS]fts_input_report_b: [B]Points All Up!
04-01 12:06:50.110  1702  2572 D AppWidgetServiceImpl: Trying to notify widget update for package org.kustom.widget with widget id: 54
04-01 12:06:46.943   622   622 W [FTS_TS]fts_input_report_b: [B]P0(812, 1781)[p:3,tm:32] DOWN!
04-01 12:06:46.962 10902 10902 I [kworke][0x8c27f99cdbd][19:06:50.503897] wlan: [10902:I:PMO] pmo_core_is_wow_applicable: lpass enabled, enabling wow
04-01 12:06:47.122  7393  7393 I msm_vidc: err : ffffffff: .....: DBLP Set: status 0
04-01 12:06:47.239   622   622 W [FTS_TS]fts_input_report_b: [B]P0 UP!
04-01 12:06:47.239   622   622 W [FTS_TS]fts_input_report_b: [B]Points All Up!
04-01 12:06:51.117  1702  2572 D AppWidgetServiceImpl: Trying to notify widget update for package org.kustom.widget with widget id: 54
04-01 12:06:47.847  3791  3791 E simulated_ntc: proc_shell_write write invalid para
04-01 12:06:48.357 10945 10945 I [kworke][0x8c2813262b0][19:06:51.898523] wlan: [10945:I:PMO] pmo_core_psoc_send_host_wakeup_ind_to_fw: Host wakeup indication sent to fw
04-01 12:06:52.116  1702  2572 D AppWidgetServiceImpl: Trying to notify widget update for package org.kustom.widget with widget id: 54
04-01 12:06:49.162 10945 10945 I [kworke][0x8c2821e38df][19:06:52.703513] wlan: [10945:I:PMO] pmo_core_is_wow_applicable: lpass enabled, enabling wow
04-01 12:06:52.812  1702  2477 D ActivityManager: freezing 1093 com.instructure.candroid
04-01 12:06:49.277  9382  9382 I [kworke][0x8c2823ff656][19:06:52.818679] wlan: [9382:I:PMO] pmo_core_psoc_send_host_wakeup_ind_to_fw: Host wakeup indication sent to fw
04-01 12:06:53.124  1702  2572 D AppWidgetServiceImpl: Trying to notify widget update for package org.kustom.widget with widget id: 54
