04-01 12:02:41.134  1702  2572 D AppWidgetServiceImpl: Trying to notify widget update for package org.kustom.widget with widget id: 54
04-01 12:02:42.041  1702  2021 D NtMemoryManager: not set com.google.android.apps.messaging adj to 801
04-01 12:02:42.128  1702  2572 D AppWidgetServiceImpl: Trying to notify widget update for package org.kustom.widget with widget id: 54
04-01 12:02:43.126  1702  2572 D AppWidgetServiceImpl: Trying to notify widget update for package org.kustom.widget with widget id: 54
04-01 12:02:43.629  1702  2023 D CompatChangeReporter: Compat change id reported: 151861875; UID 10139; state: ENABLED
04-01 12:02:43.646  1702  2024 I ActivityManager: Start proc 10478:com.google.android.gm/u0a139 for broadcast {com.google.android.gm/com.google.firebase.iid.FirebaseInstanceIdReceiver}
04-01 12:02:44.121  1702  2572 D AppWidgetServiceImpl: Trying to notify widget update for package org.kustom.widget with widget id: 54
04-01 12:02:44.514  1702  4574 D CompatChangeReporter: Compat change id reported: 311402873; UID 10139; state: ENABLED
04-01 12:02:44.514  1702  4574 D CompatChangeReporter: Compat change id reported: 323349338; UID 10139; state: ENABLED
04-01 12:02:44.786  1702  5814 D ShortcutService: rescanPackageIfNeeded 0@com.google.android.gm, forceRescan=false , isNewApp=false
04-01 12:02:44.815  1702  4574 D ShortcutService: rescanPackageIfNeeded 0@com.google.android.gm, forceRescan=false , isNewApp=false
04-01 12:02:44.894  1702  4574 I ActivityManager: Process com.nbow.photowidget (pid 6803) has died: cch+75 CEM 
04-01 12:02:44.897  1702  1962 D DisplayManagerService: Drop pending events for gone uid 10130
04-01 12:02:44.913  1702  1702 W ProcessStats: Tracking association SourceState{bd0993 system/1000 ImpFg #1132609} whose proc state 5 is better than process ProcessState{c049d04 com.google.android.tts/10126 pkg=com.google.android.tts} proc state 14 (6 skipped)
04-01 12:02:44.915  1702  2590 D ShortcutService: Saving package item com.google.android.gm to /data/system_ce/0/shortcut_service/packages/com.google.android.gm.xml
04-01 12:02:44.916  1702  2021 D ShortcutService: Getting shortcuts for launcher= com.android.systemuiuser=0 pkg=com.google.android.gm
04-01 12:02:44.929  1702  5824 I ActivityManager: Process com.google.android.apps.fitness (pid 7627) has died: cch+65 CEM 
04-01 12:02:44.930  1702  1962 D DisplayManagerService: Drop pending events for gone uid 10047
04-01 12:02:44.935  1702  2021 D ShortcutService: Getting shortcuts for launcher= com.nothing.launcheruser=0 pkg=com.google.android.gm
04-01 12:02:44.935  1702  2021 D ShortcutService: Getting shortcuts for launcher= com.google.android.asuser=0 pkg=com.google.android.gm
04-01 12:02:44.975  1702  1702 W JobScheduler: Job didn't exist in JobStore: e4724b {SyncManager} #1000/150 @SyncManager@gmail-ls/com.google:android
04-01 12:02:45.007  1702  5824 D ShortcutService: rescanPackageIfNeeded 0@com.google.android.gm, forceRescan=false , isNewApp=false
04-01 12:02:45.016  1702  5824 D ShortcutService: rescanPackageIfNeeded 0@com.google.android.gm, forceRescan=false , isNewApp=false
04-01 12:02:45.111  1702  2572 D AppWidgetServiceImpl: Trying to notify widget update for package org.kustom.widget with widget id: 54
04-01 12:02:45.116  1702  2021 D ShortcutService: Getting shortcuts for launcher= com.android.systemuiuser=0 pkg=com.google.android.gm
04-01 12:02:45.117  1702  2021 D ShortcutService: Getting shortcuts for launcher= com.nothing.launcheruser=0 pkg=com.google.android.gm
04-01 12:02:45.117  1702  2021 D ShortcutService: Getting shortcuts for launcher= com.google.android.asuser=0 pkg=com.google.android.gm
04-01 12:02:45.118  1702  2590 D ShortcutService: Saving package item com.google.android.gm to /data/system_ce/0/shortcut_service/packages/com.google.android.gm.xml
04-01 12:02:45.324  2676  2676 D BatteryHealthController: plugType=0
04-01 12:02:45.481  1702  3025 D CompatChangeReporter: Compat change id reported: 319212206; UID 10139; state: ENABLED
04-01 12:02:46.118  1702  2572 D AppWidgetServiceImpl: Trying to notify widget update for package org.kustom.widget with widget id: 54
04-01 12:02:46.585  1702  5802 D NtMemoryManager: not set com.google.android.apps.messaging adj to 801
04-01 12:02:47.009  1702  3025 D CompatChangeReporter: Compat change id reported: 297989574; UID 10139; state: ENABLED
04-01 12:02:47.120  1702  2572 D AppWidgetServiceImpl: Trying to notify widget update for package org.kustom.widget with widget id: 54
04-01 12:02:47.166  1702  2477 D ActivityManager: freezing 1093 com.instructure.candroid
04-01 12:02:47.722  1702  2520 D CompatChangeReporter: Compat change id reported: 311208629; UID 10139; state: ENABLED
04-01 12:02:47.762  1702  2545 D ActivityManager: sync unfroze 8386 android.process.acore for 7
04-01 12:02:47.899  1702  1702 W NotificationHistory: Attempted to add notif for locked/gone/disabled user 0
04-01 12:02:48.130  1702  2572 D AppWidgetServiceImpl: Trying to notify widget update for package org.kustom.widget with widget id: 54
04-01 12:02:49.364  1702  2572 D AppWidgetServiceImpl: Trying to notify widget update for package org.kustom.widget with widget id: 54
04-01 12:02:50.120  1702  2572 D AppWidgetServiceImpl: Trying to notify widget update for package org.kustom.widget with widget id: 54
04-01 12:02:51.119  1702  2572 D AppWidgetServiceImpl: Trying to notify widget update for package org.kustom.widget with widget id: 54
04-01 12:02:52.116  1702  2572 D AppWidgetServiceImpl: Trying to notify widget update for package org.kustom.widget with widget id: 54
04-01 12:02:52.599  1702  2021 D NtMemoryManager: not set com.google.android.apps.messaging adj to 801
04-01 12:02:53.127  1702  2572 D AppWidgetServiceImpl: Trying to notify widget update for package org.kustom.widget with widget id: 54
04-01 12:02:54.132  1702  2572 D AppWidgetServiceImpl: Trying to notify widget update for package org.kustom.widget with widget id: 54
04-01 12:02:55.123  1702  2572 D AppWidgetServiceImpl: Trying to notify widget update for package org.kustom.widget with widget id: 54
04-01 12:02:56.097  1702  2466 D NtMemoryManager: not set com.google.android.apps.messaging adj to 801
04-01 12:02:56.114  1702  5824 D NtMemoryManager: not set com.google.android.apps.messaging adj to 801
04-01 12:02:56.122  1702  2572 D AppWidgetServiceImpl: Trying to notify widget update for package org.kustom.widget with widget id: 54
04-01 12:02:56.130  1702  4574 D NtMemoryManager: not set com.google.android.apps.messaging adj to 801
04-01 12:02:56.132  1702  5824 D NtMemoryManager: not set com.google.android.apps.messaging adj to 801
04-01 12:02:56.204  1702  4574 D NtMemoryManager: not set com.google.android.apps.messaging adj to 801
04-01 12:02:56.205  1702  4574 W JobScheduler: Job didn't exist in JobStore: d91dfd3 #u0a98/180 com.google.android.apps.messaging/.shared.datamodel.action.execution.ActionJobService
04-01 12:02:56.207  1702  5824 D NtMemoryManager: not set com.google.android.apps.messaging adj to 801
04-01 12:02:57.115  1702  2572 D AppWidgetServiceImpl: Trying to notify widget update for package org.kustom.widget with widget id: 54
04-01 12:02:58.117  1702  2572 D AppWidgetServiceImpl: Trying to notify widget update for package org.kustom.widget with widget id: 54
04-01 12:02:59.133  1702  2572 D AppWidgetServiceImpl: Trying to notify widget update for package org.kustom.widget with widget id: 54
04-01 12:03:00.065  2704  2704 V KeyguardStatusViewController: onTimeChanged
04-01 12:03:00.132  1702  2572 D AppWidgetServiceImpl: Trying to notify widget update for package org.kustom.widget with widget id: 54
04-01 12:03:01.128  1702  2572 D AppWidgetServiceImpl: Trying to notify widget update for package org.kustom.widget with widget id: 54
04-01 12:03:02.135  1702  2572 D AppWidgetServiceImpl: Trying to notify widget update for package org.kustom.widget with widget id: 54
04-01 12:03:03.135  1702  2572 D AppWidgetServiceImpl: Trying to notify widget update for package org.kustom.widget with widget id: 54
04-01 12:03:04.123  1702  2572 D AppWidgetServiceImpl: Trying to notify widget update for package org.kustom.widget with widget id: 54
04-01 12:03:04.203  1702  5806 D NtMemoryManager: not set com.google.android.apps.messaging adj to 801
04-01 12:03:05.122  1702  2572 D AppWidgetServiceImpl: Trying to notify widget update for package org.kustom.widget with widget id: 54
04-01 12:03:05.329  2676  2676 D BatteryHealthController: plugType=0
04-01 12:03:06.128  1702  2572 D AppWidgetServiceImpl: Trying to notify widget update for package org.kustom.widget with widget id: 54
04-01 12:03:07.129  1702  2572 D AppWidgetServiceImpl: Trying to notify widget update for package org.kustom.widget with widget id: 54
04-01 12:03:08.129  1702  2572 D AppWidgetServiceImpl: Trying to notify widget update for package org.kustom.widget with widget id: 54
04-01 12:03:09.126  1702  2572 D AppWidgetServiceImpl: Trying to notify widget update for package org.kustom.widget with widget id: 54
04-01 12:03:10.135  1702  2572 D AppWidgetServiceImpl: Trying to notify widget update for package org.kustom.widget with widget id: 54
04-01 12:03:10.215  1702  2021 D NtMemoryManager: not set com.google.android.apps.messaging adj to 801
04-01 12:03:11.133  1702  2572 D AppWidgetServiceImpl: Trying to notify widget update for package org.kustom.widget with widget id: 54
04-01 12:03:11.269  1702  2077 D KernelCpuUidUserSysTimeReader: Removing uids 99945-99945
04-01 12:03:12.129  1702  2572 D AppWidgetServiceImpl: Trying to notify widget update for package org.kustom.widget with widget id: 54
04-01 12:03:13.122  1702  2572 D AppWidgetServiceImpl: Trying to notify widget update for package org.kustom.widget with widget id: 54
04-01 12:03:14.116  1702  2572 D AppWidgetServiceImpl: Trying to notify widget update for package org.kustom.widget with widget id: 54
04-01 12:03:14.775  1702  4574 D NtMemoryManager: not set com.google.android.apps.messaging adj to 801
04-01 12:03:14.941  1702  2477 D ActivityManager: freezing 10478 com.google.android.gm
04-01 12:03:15.116  1702  2572 D AppWidgetServiceImpl: Trying to notify widget update for package org.kustom.widget with widget id: 54
04-01 12:03:16.121  1702  2572 D AppWidgetServiceImpl: Trying to notify widget update for package org.kustom.widget with widget id: 54
04-01 12:03:17.117  1702  2572 D AppWidgetServiceImpl: Trying to notify widget update for package org.kustom.widget with widget id: 54
04-01 12:03:18.116  1702  2572 D AppWidgetServiceImpl: Trying to notify widget update for package org.kustom.widget with widget id: 54
04-01 12:03:19.118  1702  2572 D AppWidgetServiceImpl: Trying to notify widget update for package org.kustom.widget with widget id: 54
04-01 12:03:20.123  1702  2572 D AppWidgetServiceImpl: Trying to notify widget update for package org.kustom.widget with widget id: 54
04-01 12:03:20.787  1702  2021 D NtMemoryManager: not set com.google.android.apps.messaging adj to 801
04-01 12:03:21.126  1702  2572 D AppWidgetServiceImpl: Trying to notify widget update for package org.kustom.widget with widget id: 54
04-01 12:03:21.809  1702  3025 D NtMemoryManager: not set com.google.android.apps.messaging adj to 801
04-01 12:03:22.114  1702  2572 D AppWidgetServiceImpl: Trying to notify widget update for package org.kustom.widget with widget id: 54
04-01 12:03:22.951  1702  2477 D ActivityManager: freezing 15553 com.google.android.gms
04-01 12:03:23.118  1702  2572 D AppWidgetServiceImpl: Trying to notify widget update for package org.kustom.widget with widget id: 54
04-01 12:03:24.118  1702  2572 D AppWidgetServiceImpl: Trying to notify widget update for package org.kustom.widget with widget id: 54
04-01 12:03:25.133  1702  2572 D AppWidgetServiceImpl: Trying to notify widget update for package org.kustom.widget with widget id: 54
04-01 12:03:25.327  2676  2676 D BatteryHealthController: plugType=0
04-01 12:03:25.883  1702  4450 D ActivityManager: sync unfroze 15553 com.google.android.gms for 6
04-01 12:03:26.135  1702  2572 D AppWidgetServiceImpl: Trying to notify widget update for package org.kustom.widget with widget id: 54
04-01 12:03:27.128  1702  2572 D AppWidgetServiceImpl: Trying to notify widget update for package org.kustom.widget with widget id: 54
04-01 12:03:27.818  1702  2021 D NtMemoryManager: not set com.google.android.apps.messaging adj to 801
04-01 12:03:28.128  1702  2572 D AppWidgetServiceImpl: Trying to notify widget update for package org.kustom.widget with widget id: 54
04-01 12:03:28.842  1702  5802 D NtMemoryManager: not set com.google.android.apps.messaging adj to 801
04-01 12:03:29.127  1702  2572 D AppWidgetServiceImpl: Trying to notify widget update for package org.kustom.widget with widget id: 54
04-01 12:03:30.133  1702  2572 D AppWidgetServiceImpl: Trying to notify widget update for package org.kustom.widget with widget id: 54
04-01 12:03:31.129  1702  2572 D AppWidgetServiceImpl: Trying to notify widget update for package org.kustom.widget with widget id: 54
04-01 12:03:32.130  1702  2572 D AppWidgetServiceImpl: Trying to notify widget update for package org.kustom.widget with widget id: 54
04-01 12:03:33.124  1702  2572 D AppWidgetServiceImpl: Trying to notify widget update for package org.kustom.widget with widget id: 54
04-01 12:03:33.136  1702  2976 D NtMemoryManager: computeTargetAdj start
04-01 12:03:33.136  1702  2976 D NtMemoryManager: com.myinsta.android last pss: 0
04-01 12:03:33.137  1702  2976 D NtMemoryManager: com.google.android.youtube last pss: 606180
04-01 12:03:33.137  1702  2976 D NtMemoryManager: com.android.chrome last pss: 376757
04-01 12:03:33.137  1702  2976 D NtMemoryManager: com.google.android.googlequicksearchbox last pss: 104628
04-01 12:03:33.137  1702  2976 D NtMemoryManager: com.openbubbles.messaging last pss: 0
04-01 12:03:33.137  1702  2976 D NtMemoryManager: com.google.android.apps.messaging last pss: 506913
04-01 12:03:33.137  1702  2976 D NtMemoryManager: org.lds.ldssa last pss: 518331
04-01 12:03:33.137  1702  2976 D NtMemoryManager: com.spotify.music last pss: 482309
04-01 12:03:33.137  1702  2976 D NtMemoryManager: computeTargetAdj end
04-01 12:03:33.138  1702  2976 D NtMemoryManager: computeTargetAdj start
04-01 12:03:33.138  1702  2976 D NtMemoryManager: com.myinsta.android last pss: 0
04-01 12:03:33.138  1702  2976 D NtMemoryManager: com.google.android.youtube last pss: 606180
04-01 12:03:33.138  1702  2976 D NtMemoryManager: com.android.chrome last pss: 376757
04-01 12:03:33.138  1702  2976 D NtMemoryManager: com.google.android.googlequicksearchbox last pss: 104628
04-01 12:03:33.138  1702  2976 D NtMemoryManager: com.openbubbles.messaging last pss: 0
04-01 12:03:33.138  1702  2976 D NtMemoryManager: com.google.android.apps.messaging last pss: 506913
04-01 12:03:33.138  1702  2976 D NtMemoryManager: org.lds.ldssa last pss: 518331
04-01 12:03:33.138  1702  2976 D NtMemoryManager: com.spotify.music last pss: 482309
04-01 12:03:33.138  1702  2976 D NtMemoryManager: computeTargetAdj end
04-01 12:03:34.123  1702  2572 D AppWidgetServiceImpl: Trying to notify widget update for package org.kustom.widget with widget id: 54
04-01 12:03:34.855  1702  2021 D NtMemoryManager: not set com.google.android.apps.messaging adj to 801
04-01 12:03:35.127  1702  2572 D AppWidgetServiceImpl: Trying to notify widget update for package org.kustom.widget with widget id: 54
04-01 12:03:36.127  1702  2572 D AppWidgetServiceImpl: Trying to notify widget update for package org.kustom.widget with widget id: 54
04-01 12:03:37.121  1702  2572 D AppWidgetServiceImpl: Trying to notify widget update for package org.kustom.widget with widget id: 54
04-01 12:03:37.903  1702  4450 I PowerGroup: Napping power group (groupId=0, uid=1000)...
04-01 12:03:37.903  1702  4450 I PowerManagerService: Nap time (uid 1000)...
04-01 12:03:37.907  1702  4450 D DisplayPowerController2[0]: DisplayPowerRequest changed: policy=DIM, useProximitySensor=false, screenBrightnessOverride=NaN, screenAutoBrightnessAdjustmentOverride=NaN, screenLowPowerBrightnessFactor=1.0, blockScreenOn=false, lowPowerMode=false, boostScreenBrightness=false, dozeScreenBrightness=NaN, dozeScreenState=UNKNOWN, dozeScreenStateReason=DEFAULT_POLICY, waitForNegativeProximity=false
04-01 12:03:37.916  1702  2071 D OomAdjuster: set group = 7
04-01 12:03:37.916  1702  2071 D OomAdjuster: set cpuset: 7
04-01 12:03:37.919  1702  2088 D NtAppUsageManager: No need to write old record
04-01 12:03:37.926  1702  1702 W ProcessStats: Tracking association SourceState{bd0993 system/1000 ImpFg #1132719} whose proc state 5 is better than process ProcessState{c049d04 com.google.android.tts/10126 pkg=com.google.android.tts} proc state 14 (4 skipped)
04-01 12:03:37.928  1702  2088 V DisplayPowerController2[0]: Brightness [0.05] reason changing to: 'automatic [ dim ]', previous reason: 'automatic'.
04-01 12:03:37.928  1702  2088 I DisplayPowerController2[0]: BrightnessEvent: disp=0, physDisp=local:4630946480328692354, displayState=ON, displayPolicy=DIM, brt=0.05, initBrt=0.35941413, rcmdBrt=0.35941413, preBrt=NaN, lux=235.9959, preLux=201.82117, hbmMax=0.85836387, hbmMode=off, rbcStrength=50, thrmMax=1.0, powerFactor=1.0, wasShortTermModelActive=false, flags=, reason=automatic [ dim ], autoBrightness=true, strategy=InvalidBrightnessStrategy, autoBrightnessMode=default
04-01 12:03:37.929  1702  2088 I PowerGroup: Powering off display group due to timeout (groupId= 0, uid= 1000, millisSinceLastUserActivity=64925, lastUserActivityEvent=touch)...
04-01 12:03:37.929  1702  2088 I PowerManagerService: Going to sleep due to timeout (uid 1000, screenOffTimeout=60000, activityTimeoutWM=-1, maxDimRatio=0.20000005, maxDimDur=7000)...
04-01 12:03:37.933  1702  2088 I DreamManagerService: Entering dreamland.
04-01 12:03:37.933  1702  2088 I PowerManagerService: Dozing...
04-01 12:03:37.936  1702  1961 I DreamController: Starting dream: name=ComponentInfo{com.android.systemui/com.android.systemui.doze.DozeService}, isPreviewMode=false, canDoze=true, userId=0, reason='power manager request'
04-01 12:03:38.019  1702  4450 D BiometricUtils: isEncrypted: false isLockdown: false
04-01 12:03:38.023  1702  2586 D BiometricScheduler: [Added] {[664] com.android.server.biometrics.sensors.fingerprint.aidl.FingerprintAuthenticationClient, proto=3, owner=com.android.systemui, cookie=0, requestId=470, userId=0}, new queue size: 1com.android.server.biometrics.sensors.fingerprint.aidl.FingerprintProvider.scheduleForSensor:395 com.android.server.biometrics.sensors.fingerprint.aidl.FingerprintProvider.lambda$scheduleAuthenticate$10:587 com.android.server.biometrics.sensors.fingerprint.aidl.FingerprintProvider.$r8$lambda$XtXe03HdldLDrN_KmbOTdMeoY_8:0 com.android.server.biometrics.sensors.fingerprint.aidl.FingerprintProvider$$ExternalSyntheticLambda4.run:0 android.os.Handler.handleCallback:959 android.os.Handler.dispatchMessage:100 android.os.Looper.loopOnce:258 
04-01 12:03:38.023  1702  2586 D BiometricScheduler: checkCurrentUserAndStartNextOperation nextUserId:0 currentUserId:0 isStartUserOperation:false mPendingOperation:{[664] com.android.server.biometrics.sensors.fingerprint.aidl.FingerprintAuthenticationClient, proto=3, owner=com.android.systemui, cookie=0, requestId=470, userId=0}, State: 0
04-01 12:03:38.023  1702  2586 D BiometricScheduler: [Polled] {[664] com.android.server.biometrics.sensors.fingerprint.aidl.FingerprintAuthenticationClient, proto=3, owner=com.android.systemui, cookie=0, requestId=470, userId=0}, State: 0
04-01 12:03:38.023  1702  2586 D GestureAvailabilityTracker: Notifying gesture availability, active=false
04-01 12:03:38.023  1702  2586 D BiometricScheduler: [Started] {[664] com.android.server.biometrics.sensors.fingerprint.aidl.FingerprintAuthenticationClient, proto=3, owner=com.android.systemui, cookie=0, requestId=470, userId=0}
04-01 12:03:38.023  1702  2586 D BiometricStateCallback: State updated from 0 to 2, client {[664] com.android.server.biometrics.sensors.fingerprint.aidl.FingerprintAuthenticationClient, proto=3, owner=com.android.systemui, cookie=0, requestId=470, userId=0}
04-01 12:03:38.024  1702  2586 D Biometrics/AuthenticationClient: Requesting auth for com.android.systemui
04-01 12:03:38.044  1702  2586 V ALSProbe: Enable ALS: 177471302
04-01 12:03:38.044  1702  2586 V BiometricSchedulerOperation: started: {[664] com.android.server.biometrics.sensors.fingerprint.aidl.FingerprintAuthenticationClient, proto=3, owner=com.android.systemui, cookie=0, requestId=470, userId=0}, State: 2
04-01 12:03:38.045  1702  2586 V Biometrics/AcquisitionClient: Acquired: 6 1, shouldSend: true
04-01 12:03:38.074  1702  2071 D OomAdjuster: set group = 5
04-01 12:03:38.074  1702  2071 D OomAdjuster: set cpuset: 5
04-01 12:03:38.083  1702  4450 V ALSProbe: Disable ALS: 177471302
04-01 12:03:38.100  1702  5814 D DisplayPowerController2[0]: DisplayPowerRequest changed: policy=DOZE, useProximitySensor=false, screenBrightnessOverride=NaN, screenAutoBrightnessAdjustmentOverride=NaN, screenLowPowerBrightnessFactor=1.0, blockScreenOn=false, lowPowerMode=false, boostScreenBrightness=false, dozeScreenBrightness=NaN, dozeScreenState=ON, dozeScreenStateReason=UNKNOWN, waitForNegativeProximity=false
04-01 12:03:38.101  1702  2088 D NtAppUsageManager: No need to write old record
04-01 12:03:38.101  1702  2088 I DisplayBrightnessStrategySelector: Changing the DisplayBrightnessStrategy from InvalidBrightnessStrategy to DozeBrightnessStrategy for display 0
04-01 12:03:38.102  1702  2088 V DisplayPowerController2[0]: Brightness [0.05] reason changing to: 'doze', previous reason: 'automatic [ dim ]'.
04-01 12:03:38.102  1702  2088 I DisplayPowerController2[0]: BrightnessEvent: disp=0, physDisp=local:4630946480328692354, displayState=ON, displayPolicy=DOZE, brt=0.05, initBrt=0.05, rcmdBrt=NaN, preBrt=NaN, lux=0.0, preLux=0.0, hbmMax=0.85836387, hbmMode=off, rbcStrength=50, thrmMax=1.0, powerFactor=1.0, wasShortTermModelActive=false, flags=, reason=doze, autoBrightness=true, strategy=DozeBrightnessStrategy, autoBrightnessMode=default
04-01 12:03:38.111  1702  2572 D AppWidgetServiceImpl: Trying to notify widget update for package org.kustom.widget with widget id: 54
04-01 12:03:38.126  1702  1702 I PowerManagerService: onFlip(): Face up.
04-01 12:03:38.169  2676  2676 D ScreenSceneDetector: Screen off
04-01 12:03:38.173  1702  2584 I MR2ServiceImpl: Updating composite discovery preference | preference: RouteDiscoveryRequest{ preferredFeatures={}, activeScan=false }, active routers: []
04-01 12:03:38.193  1702  1964 D NtPerfTraceManagerImpl: packageName = null, taskId = -1
04-01 12:03:38.205  1702  1702 D ZramWriteback: Screen off.
04-01 12:03:38.242  1702  2023 D NtMemoryManager: set com.android.chrome adj to 801
04-01 12:03:38.270  1702  5829 D NtBoostAdjusterImpl: group = /dev/cpuset/camera-daemon/cpus, origin cpus: 0-7, targetCpus = 0-1, duration = 0
04-01 12:03:38.280  1702  5829 D NtBoostAdjusterImpl: remove current msg: group = /dev/cpuset/camera-daemon/cpus, msg = 102
04-01 12:03:38.281  1702  5817 D NtBoostAdjusterImpl: group = /dev/cpuset/dex2oat/cpus, origin cpus: 0-7, targetCpus = 0-1, duration = 0
04-01 12:03:38.294  2704  2704 D NtViewRootImpl: mPopUpViewOffsets: offset=(0.0, 0.0), scale=(1.0, 1.0)
04-01 12:03:38.319  1702  5817 D NtBoostAdjusterImpl: remove current msg: group = /dev/cpuset/dex2oat/cpus, msg = 106
04-01 12:03:38.321  1702  5817 D NtBoostAdjusterImpl: animationboost: pid = 2704 renderTid = 2833, duration = 0
04-01 12:03:38.322  1702  2989 D NtBoostAdjusterImpl: updateCpuctlRestrictedCounter: mCpuctlRestrictedCounterMap: {2704=1, 18885=0, 8261=0, 3175=0, 28359=0, 32552=0}
04-01 12:03:38.322  1702  2989 D NtBoostAdjusterImpl: restricted pid = 2704, enable = 1
04-01 12:03:38.323  1702  2989 D NtBoostAdjusterImpl: group = /dev/cpuset/restricted/cpus, origin cpus: 0-7, targetCpus = 4-7, duration = 0
04-01 12:03:38.338  2704  2704 D NtViewRootImpl: mPopUpViewOffsets: offset=(0.0, 0.0), scale=(1.0, 1.0)
04-01 12:03:38.339  1702  2023 D NtMemoryManager: not set com.android.chrome adj to 801
04-01 12:03:38.353  1702  5817 W ActivityManager: Foreground service started from background can not have location/camera/microphone access: service org.kustom.widget/.WidgetService
04-01 12:03:38.353  1702  5817 I ActivityManager: Background started FGS: Allowed [callingPackage: org.kustom.widget; callingUid: 10328; uidState: FGS ; uidBFSL: [BFSL]; intent: Intent { cmp=org.kustom.widget/.WidgetService }; code:PROC_STATE_FGS; tempAllowListReason:<,reasonCode:SYSTEM_ALLOW_LISTED,duration:9223372036854775807,callingUid:-1>; targetSdkVersion:34; callerTargetSdkVersion:34; startForegroundCount:0; bindFromPackage:null: isBindService:false]; startForegroundDelayMs:501378071
04-01 12:03:38.367  1702  5817 D NtMemoryManager: set com.android.chrome adj to 801
04-01 12:03:38.397  1702  3025 D SystemServerTiming: getUserSwitchability-0
04-01 12:03:38.397  1702  3025 D SystemServerTiming: TM.isInCall
04-01 12:03:38.398  1702  3025 D SystemServerTiming: hasUserRestriction-DISALLOW_USER_SWITCH
04-01 12:03:38.398  1702  3025 D SystemServerTiming: getInt-ALLOW_USER_SWITCHING_WHEN_SYSTEM_USER_LOCKED
04-01 12:03:38.398  1702  3025 D SystemServerTiming: isUserUnlocked-USER_SYSTEM
04-01 12:03:38.398  1702  5551 D SystemServerTiming: getUserSwitchability-0
04-01 12:03:38.399  1702  5551 D SystemServerTiming: TM.isInCall
04-01 12:03:38.399  1702  5551 D SystemServerTiming: hasUserRestriction-DISALLOW_USER_SWITCH
04-01 12:03:38.399  1702  5551 D SystemServerTiming: getInt-ALLOW_USER_SWITCHING_WHEN_SYSTEM_USER_LOCKED
04-01 12:03:38.399  1702  5551 D SystemServerTiming: isUserUnlocked-USER_SYSTEM
04-01 12:03:38.420  1702  2989 D NtBoostAdjusterImpl: remove current msg: group = /dev/cpuset/restricted/cpus, msg = 105
04-01 12:03:38.713  1702  5802 W ActivityManager: Foreground service started from background can not have location/camera/microphone access: service org.kustom.widget/.WidgetService
04-01 12:03:38.713  1702  5802 I ActivityManager: Background started FGS: Allowed [callingPackage: org.kustom.widget; callingUid: 10328; uidState: FGS ; uidBFSL: [BFSL]; intent: Intent { cmp=org.kustom.widget/.WidgetService }; code:PROC_STATE_FGS; tempAllowListReason:<,reasonCode:SYSTEM_ALLOW_LISTED,duration:9223372036854775807,callingUid:-1>; targetSdkVersion:34; callerTargetSdkVersion:34; startForegroundCount:0; bindFromPackage:null: isBindService:false]; startForegroundDelayMs:501378432
04-01 12:03:38.715  1702  5802 W ActivityManager: Receiver with filter android.content.IntentFilter@ec6caa1 already registered for pid 9073, callerPackage is org.kustom.widget
04-01 12:03:38.716  1702  3013 W ActivityManager: Receiver with filter android.content.IntentFilter@5e784c6 already registered for pid 9073, callerPackage is org.kustom.widget
04-01 12:03:38.726  1702  2572 D AppWidgetServiceImpl: Trying to notify widget update for package org.kustom.widget with widget id: 52
04-01 12:03:38.731  1702  2572 D AppWidgetServiceImpl: Trying to notify widget update for package org.kustom.widget with widget id: 54
04-01 12:03:38.737  1702  5817 D DisplayPowerController2[0]: DisplayPowerRequest changed: policy=DOZE, useProximitySensor=false, screenBrightnessOverride=NaN, screenAutoBrightnessAdjustmentOverride=NaN, screenLowPowerBrightnessFactor=1.0, blockScreenOn=false, lowPowerMode=false, boostScreenBrightness=false, dozeScreenBrightness=NaN, dozeScreenState=DOZE, dozeScreenStateReason=UNKNOWN, waitForNegativeProximity=false
04-01 12:03:38.740  1702  2088 I DisplayPowerController2[0]: AOD debug.nt.screen_state 3
04-01 12:03:38.741  1702  2088 D NtAppUsageManager: No need to write old record
04-01 12:03:38.741  1702  2088 I AutomaticBrightnessController: Switching to mode doze
04-01 12:03:38.743  1702  2088 I DisplayPowerController2[0]: BrightnessEvent: disp=0, physDisp=local:4630946480328692354, displayState=DOZE, displayPolicy=DOZE, brt=0.05, initBrt=0.05, rcmdBrt=NaN, preBrt=NaN, lux=0.0, preLux=0.0, hbmMax=0.85836387, hbmMode=off, rbcStrength=50, thrmMax=1.0, powerFactor=1.0, wasShortTermModelActive=false, flags=, reason=doze, autoBrightness=true, strategy=DozeBrightnessStrategy, autoBrightnessMode=default
04-01 12:03:38.746  1702  1964 I DisplayDeviceRepository: Display device changed state: "Built-in Screen", DOZE
04-01 12:03:38.748  1702  2088 D BrightnessThermalClamper: Thermal status observer already started
04-01 12:03:38.762  1702  2088 D NtAppUsageManager: No need to write old record
04-01 12:03:38.763  1702  1964 D DisplayManagerService: Ignore redundant display event 0/2 to 10388/1093
04-01 12:03:38.763  1702  1964 D DisplayManagerService: Ignore redundant display event 0/2 to 10172/4577
04-01 12:03:38.763  1702  1964 D DisplayManagerService: Ignore redundant display event 0/2 to 10145/5143
04-01 12:03:38.763  1702  2088 D BrightnessThermalClamper: Thermal status observer already started
04-01 12:03:38.764  1702  1964 D DisplayManagerService: Ignore redundant display event 0/2 to 10322/8626
04-01 12:03:38.764  1702  1964 D DisplayManagerService: Ignore redundant display event 0/2 to 10145/8808
04-01 12:03:38.764  1702  1964 D DisplayManagerService: Ignore redundant display event 0/2 to 10278/27771
04-01 12:03:38.796  1702  2636 D NtBoostAdjusterImpl: group = /dev/cpuset/camera-daemon/cpus, origin cpus: 0-7, targetCpus = 0-7, duration = 0
04-01 12:03:38.802  1702  3013 D DisplayPowerController2[0]: DisplayPowerRequest changed: policy=DOZE, useProximitySensor=false, screenBrightnessOverride=NaN, screenAutoBrightnessAdjustmentOverride=NaN, screenLowPowerBrightnessFactor=1.0, blockScreenOn=false, lowPowerMode=false, boostScreenBrightness=false, dozeScreenBrightness=0.5787402, dozeScreenState=DOZE, dozeScreenStateReason=UNKNOWN, waitForNegativeProximity=false
04-01 12:03:38.803  1702  2088 D NtAppUsageManager: No need to write old record
04-01 12:03:38.804  1702  2636 D NtBoostAdjusterImpl: remove current msg: group = /dev/cpuset/camera-daemon/cpus, msg = 102
04-01 12:03:38.804  1702  2636 D NtBoostAdjusterImpl: group = /dev/cpuset/dex2oat/cpus, origin cpus: 0-7, targetCpus = 0-7, duration = 0
04-01 12:03:38.805  1702  2088 I DisplayPowerController2[0]: BrightnessEvent: disp=0, physDisp=local:4630946480328692354, displayState=DOZE, displayPolicy=DOZE, brt=0.5787402, initBrt=0.05, rcmdBrt=NaN, preBrt=NaN, lux=0.0, preLux=0.0, hbmMax=0.85836387, hbmMode=off, rbcStrength=50, thrmMax=1.0, powerFactor=1.0, wasShortTermModelActive=false, flags=, reason=doze, autoBrightness=true, strategy=DozeBrightnessStrategy, autoBrightnessMode=default
04-01 12:03:38.805  1702  2088 D NtAppUsageManager: No need to write old record
04-01 12:03:38.811  1702  2077 D KernelCpuUidUserSysTimeReader: Removing uids 99949-99949
04-01 12:03:38.812  1702  2636 D NtBoostAdjusterImpl: remove current msg: group = /dev/cpuset/dex2oat/cpus, msg = 106
04-01 12:03:38.812  1702  2636 D NtBoostAdjusterImpl: animationboost: pid = 2704 renderTid = 2833, duration = -1
04-01 12:03:38.814  1702  2989 D NtBoostAdjusterImpl: updateCpuctlRestrictedCounter: mCpuctlRestrictedCounterMap: {2704=0, 18885=0, 8261=0, 3175=0, 28359=0, 32552=0}
04-01 12:03:38.814  1702  2989 D NtBoostAdjusterImpl: restricted pid = 2704, enable = 0
04-01 12:03:38.814  1702  2989 D NtBoostAdjusterImpl: isNeedBoostOff: mCpuctlRestrictedCounterMap: {2704=0, 18885=0, 8261=0, 3175=0, 28359=0, 32552=0}
04-01 12:03:38.814  1702  2989 D NtBoostAdjusterImpl: group = /dev/cpuset/restricted/cpus, origin cpus: 0-7, targetCpus = 0-7, duration = 0
04-01 12:03:38.820  1702  2989 D NtBoostAdjusterImpl: remove current msg: group = /dev/cpuset/restricted/cpus, msg = 105
04-01 12:03:38.859  2676  2676 D BatteryHealthController: plugType=0
04-01 12:03:38.895  1702  5815 I ActivityManager: Process com.google.android.apps.healthdata (pid 7717) has died: cch+75 CEM 
04-01 12:03:38.901  1702  1962 D DisplayManagerService: Drop pending events for gone uid 10276
04-01 12:03:39.171  2676  6316 D SceneManager: SCREEN State: 0
04-01 12:03:39.361  1702  5815 D ActivityTaskManager: Top Process State changed to PROCESS_STATE_TOP_SLEEPING
04-01 12:03:39.368  1702  1964 D NtMemoryManager: set com.android.chrome adj to 801
04-01 12:03:39.398  1702  2572 D AppWidgetServiceImpl: Trying to notify widget update for package org.kustom.widget with widget id: 54
04-01 12:03:39.404  1702  1702 D FaceUtils: getBiometricsForUser 0 S-------------------:
04-01 12:03:39.404  1702  1702 D FaceUtils: getBiometricsForUser Face1
04-01 12:03:39.404  1702  1702 D FaceUtils: getBiometricsForUser  E-------------------:
04-01 12:03:39.404  1702  1702 D BiometricService: Sensor ID(1), oemStrength: 4095, updatedStrength: 4095, modality 8, state: 0, cookie: 0, sensorId 1, hasEnrollments: true cannot participate in Keystore operations
04-01 12:03:39.404  1702  1702 D FaceUtils: getBiometricsForUser 0 S-------------------:
04-01 12:03:39.404  1702  1702 D FaceUtils: getBiometricsForUser Face1
04-01 12:03:39.404  1702  1702 D FaceUtils: getBiometricsForUser  E-------------------:
04-01 12:03:39.404  1702  1702 I TrustManagerService: User is unlockable by non-strong face auth
04-01 12:03:39.407  2704  2704 V KeyguardStatusViewController: refresh statusview visible:true
04-01 12:03:39.408  1702  5802 D ActivityManager: sync unfroze 7302 com.nothing.weather for 7
04-01 12:03:39.427  1702  2636 D ActivityManager: sync unfroze 9062 com.android.providers.calendar for 7
04-01 12:03:39.442   702 18339 I keystore2: system/security/keystore2/src/authorization.rs:155 - on_device_locked(user_id=0, unlocking_sids=[-3387454930204617051], weak_unlock_enabled=true)
04-01 12:03:39.532   702 18339 I keystore2: system/security/keystore2/src/super_key.rs:976 - UnlockedDeviceRequired super keys for user 0 are retained in plaintext, with biometric-encrypted copy too.
04-01 12:03:39.532  1702  1702 W Looper  : Slow dispatch took 130ms when=+130ms main h=com.android.server.trust.TrustManagerService$3 c=null m=6
04-01 12:03:39.533  1702  5815 I NtAppLocker: setKeyguardDoneLocked: false
04-01 12:03:39.533  1702  5815 V NtGameModeImpl: onAppFocusChanged: pkg=com.myinsta.android, uid=10153, category=-1, launchMode= 1
04-01 12:03:39.533  1702  5815 D NtKafkaEventHelper: onLockScreenShown:true
04-01 12:03:39.535  2704  2798 V WindowManagerShell: Transition requested (#3555): android.os.BinderProxy@1fd190a TransitionRequestInfo { type = TO_FRONT, triggerTask = null, pipTask = null, remoteTransition = null, displayChange = null, flags = 2048, debugId = 3555 }
04-01 12:03:39.538  2704 18671 V WindowManagerShell: onTransitionReady(transaction=7310034654198)
04-01 12:03:39.538  2704  2798 V WindowManagerShell: onTransitionReady (#3555) android.os.BinderProxy@1fd190a: {id=3555 t=TO_FRONT f=0x840 trk=0 r=[] c=[]}
04-01 12:03:39.538  2704  2798 V WindowManagerShell: Playing animation for (#3555) android.os.BinderProxy@1fd190a@0
04-01 12:03:39.538  2704  2798 V WindowManagerShell:  try handler com.android.wm.shell.transition.DefaultMixedHandler@c5b3189
04-01 12:03:39.538  2704  2798 V WindowManagerShell:  try handler com.android.wm.shell.keyguard.KeyguardTransitionHandler@4e2058e
04-01 12:03:39.538  2704  2798 V WindowManagerShell: start keyguard appearing transition, info = {id=3555 t=TO_FRONT f=0x840 trk=0 r=[] c=[]}
04-01 12:03:39.538  2704  2798 D KeyguardService: Starts IRemoteAnimationRunner: info={id=3555 t=TO_FRONT f=0x840 trk=0 r=[] c=[]}
04-01 12:03:39.539  2704  2798 D KeyguardService: Unexpected transit type: 3
04-01 12:03:39.539  2704  2798 D KeyguardService: Finish IRemoteAnimationRunner.
04-01 12:03:39.539  2704  2798 V WindowManagerShell:  animated by com.android.wm.shell.keyguard.KeyguardTransitionHandler@4e2058e
04-01 12:03:39.539  2704  2798 V WindowManagerShell: Transition animation finished (aborted=false), notifying core (#3555) android.os.BinderProxy@1fd190a@0
04-01 12:03:39.542  2704  2798 V WindowManagerShell: Track 0 became idle
04-01 12:03:39.542  2704  2798 V WindowManagerShell: All active transition animations finished
04-01 12:03:39.544  1702  2636 W UserManagerService: Requested status bar icon for non-badged user 0
04-01 12:03:39.555  1702  5815 D CoreBackPreview: Window{de7dd0e u0 KHCD.2Zk.feed_timeline}: Setting back callback null
04-01 12:03:39.562  1702  3026 W PackageConfigPersister: App-specific configuration not found for packageName: com.android.systemui and userId: 0
04-01 12:03:39.592  1702  3635 W AdbDebuggingManager: Read failed with count -1
04-01 12:03:39.593  1702  3635 E AdbDebuggingManager: Caught an exception opening the socket: java.io.IOException: Connection refused
04-01 12:03:39.601  1702  3026 W UserManagerService: Requested status bar icon for non-badged user 0
04-01 12:03:39.602  1702  3026 D SystemServerTiming: getUserSwitchability-0
04-01 12:03:39.602  1702  3026 D SystemServerTiming: TM.isInCall
04-01 12:03:39.602  1702  3026 D SystemServerTiming: hasUserRestriction-DISALLOW_USER_SWITCH
04-01 12:03:39.602  1702  3026 D SystemServerTiming: getInt-ALLOW_USER_SWITCHING_WHEN_SYSTEM_USER_LOCKED
04-01 12:03:39.602  1702  3026 D SystemServerTiming: isUserUnlocked-USER_SYSTEM
04-01 12:03:39.691  1702  1961 W Looper  : Slow dispatch took 156ms when=+156ms android.fg h=com.android.server.usb.UsbDeviceManager$UsbHandlerLegacy c=null m=13
04-01 12:03:39.692  1702  1961 V WindowManager: Sent Transition (#3555) createdAt=04-01 12:03:39.534 via request=TransitionRequestInfo { type = TO_FRONT, triggerTask = null, pipTask = null, remoteTransition = null, displayChange = null, flags = 2048, debugId = 3555 }
04-01 12:03:39.692  1702  1961 V WindowManager:     startWCT=WindowContainerTransaction { changes = {} hops = [] errorCallbackToken=null taskFragmentOrganizer=null }
04-01 12:03:39.692  1702  1961 V WindowManager:     info={id=3555 t=TO_FRONT f=0x840 trk=0 r=[] c=[]}
04-01 12:03:39.692  1702  1961 V WindowManager: Finish Transition (#3555): created at 04-01 12:03:39.534 collect-started=0.046ms request-sent=0.062ms started=1.319ms ready=1.316ms sent=2.163ms finished=7.137ms
04-01 12:03:39.922  1702  2071 D OomAdjuster: set group = -1
04-01 12:03:39.922  1702  2071 D OomAdjuster: set cpuset: -1
04-01 12:03:40.077  1702  2976 D NtMemoryManager: computeTargetAdj start
04-01 12:03:40.077  1702  2976 D NtMemoryManager: com.myinsta.android last pss: 0
04-01 12:03:40.077  1702  2976 D NtMemoryManager: com.google.android.youtube last pss: 606180
04-01 12:03:40.077  1702  2976 D NtMemoryManager: com.android.chrome last pss: 376757
04-01 12:03:40.078  1702  2976 D NtMemoryManager: com.google.android.googlequicksearchbox last pss: 104628
04-01 12:03:40.078  1702  2976 D NtMemoryManager: com.openbubbles.messaging last pss: 0
04-01 12:03:40.078  1702  2976 D NtMemoryManager: com.google.android.apps.messaging last pss: 506913
04-01 12:03:40.078  1702  2976 D NtMemoryManager: org.lds.ldssa last pss: 518331
04-01 12:03:40.078  1702  2976 D NtMemoryManager: com.spotify.music last pss: 482309
04-01 12:03:40.078  1702  2976 D NtMemoryManager: computeTargetAdj end
04-01 12:03:40.118  1702  2572 D AppWidgetServiceImpl: Trying to notify widget update for package org.kustom.widget with widget id: 54
04-01 12:03:40.365  2704  2798 V WindowManagerShell: Transition requested (#3556): android.os.BinderProxy@503d965 TransitionRequestInfo { type = SLEEP, triggerTask = null, pipTask = null, remoteTransition = null, displayChange = null, flags = 0, debugId = 3556 }
04-01 12:03:40.366  2704 18671 V WindowManagerShell: onTransitionReady(transaction=7310034654212)
04-01 12:03:40.367  1702  5817 W Transition: Transition already started id=3556 state=2
04-01 12:03:40.367  1702  1961 V WindowManager: Sent Transition (#3556) createdAt=04-01 12:03:40.363 via request=TransitionRequestInfo { type = SLEEP, triggerTask = null, pipTask = null, remoteTransition = null, displayChange = null, flags = 0, debugId = 3556 }
04-01 12:03:40.367  1702  1961 V WindowManager:     startWCT=WindowContainerTransaction { changes = {} hops = [] errorCallbackToken=null taskFragmentOrganizer=null }
04-01 12:03:40.367  1702  1961 V WindowManager:     info={id=3556 t=SLEEP f=0x40 trk=0 r=[] c=[]}
04-01 12:03:40.367  2704  2798 V WindowManagerShell: onTransitionReady (#3556) android.os.BinderProxy@503d965: {id=3556 t=SLEEP f=0x40 trk=0 r=[] c=[]}
04-01 12:03:40.368  2704  2798 V WindowManagerShell: No transition roots in (#3556) android.os.BinderProxy@503d965@0 so abort
04-01 12:03:40.368  1702  2071 D OomAdjuster: set group = 5
04-01 12:03:40.368  1702  2071 D OomAdjuster: set cpuset: 5
04-01 12:03:40.369  2704  2798 V WindowManagerShell: Transition animation finished (aborted=true), notifying core (#3556) android.os.BinderProxy@503d965@0
04-01 12:03:40.372  1702  1961 V WindowManager: Finish Transition (#3556): created at 04-01 12:03:40.363 collect-started=0.252ms request-sent=0.404ms started=1.106ms ready=1.091ms sent=1.706ms finished=6.798ms
04-01 12:03:40.372  1702  2071 D OomAdjuster: set group = -1
04-01 12:03:40.372  1702  2071 D OomAdjuster: set cpuset: -1
04-01 12:03:40.375  2704  2798 V WindowManagerShell: Track 0 became idle
04-01 12:03:40.375  2704  2798 V WindowManagerShell: All active transition animations finished
04-01 12:03:40.397  1702  1702 D NtGlyphServiceImpl: onSensorChanged type = 65538, value = 0.0
04-01 12:03:40.397  1702  1702 D NtGlyphServiceImpl: setLedBrightness to 2625
04-01 12:03:40.426  1702  3026 W UserManagerService: Requested status bar icon for non-badged user 0
04-01 12:03:41.010  1702  2501 I PowerGroup: Waking up power group from Dozing (groupId=0, uid=1000, reason=WAKE_REASON_POWER_BUTTON, details=android.policy:POWER)...
04-01 12:03:41.011  1702  2501 I PowerManagerService: Waking up from Dozing (uid=1000, reason=WAKE_REASON_POWER_BUTTON, details=android.policy:POWER)...
04-01 12:03:41.016  1702  2501 D DisplayPowerController2[0]: DisplayPowerRequest changed: policy=BRIGHT, useProximitySensor=false, screenBrightnessOverride=NaN, screenAutoBrightnessAdjustmentOverride=NaN, screenLowPowerBrightnessFactor=1.0, blockScreenOn=false, lowPowerMode=false, boostScreenBrightness=false, dozeScreenBrightness=NaN, dozeScreenState=UNKNOWN, dozeScreenStateReason=DEFAULT_POLICY, waitForNegativeProximity=false
04-01 12:03:41.019  1702  2071 D OomAdjuster: set group = -1
04-01 12:03:41.019  1702  2071 D OomAdjuster: set cpuset: -1
04-01 12:03:41.027  1702  2088 D NtAppUsageManager: No need to write old record
04-01 12:03:41.027  1702  2088 I DisplayBrightnessStrategySelector: Changing the DisplayBrightnessStrategy from DozeBrightnessStrategy to InvalidBrightnessStrategy for display 0
04-01 12:03:41.027  1702  2088 I AutomaticBrightnessController: Switching to mode default
04-01 12:03:41.030  1702  2071 D OomAdjuster: set group = 5
04-01 12:03:41.030  1702  2071 D OomAdjuster: set cpuset: 5
04-01 12:03:41.032  1702  2088 V DisplayPowerController2[0]: Brightness [0.35941413] reason changing to: 'manual', previous reason: 'doze'.
04-01 12:03:41.032  1702  2088 I DisplayPowerController2[0]: BrightnessEvent: disp=0, physDisp=local:4630946480328692354, displayState=ON, displayPolicy=BRIGHT, brt=0.35941413, initBrt=0.5787402, rcmdBrt=NaN, preBrt=NaN, lux=NaN, preLux=NaN, hbmMax=0.85836387, hbmMode=off, rbcStrength=50, thrmMax=1.0, powerFactor=1.0, wasShortTermModelActive=false, flags=invalid_lux , reason=manual, autoBrightness=true, strategy=InvalidBrightnessStrategy, autoBrightnessMode=default
04-01 12:03:41.032  1702  2088 D AutomaticBrightnessController: First lux, lux=240.7725 mUseBackLightSensor=false
04-01 12:03:41.032  1702  2088 D NtAppUsageManager: No need to write old record
04-01 12:03:41.034  1702  1964 D DisplayManagerService: Ignore redundant display event 0/4 to 10388/1093
04-01 12:03:41.035  1702  1964 D DisplayManagerService: Ignore redundant display event 0/4 to 10172/4577
04-01 12:03:41.035  1702  1964 D DisplayManagerService: Ignore redundant display event 0/4 to 10145/5143
04-01 12:03:41.035  1702  1964 D DisplayManagerService: Ignore redundant display event 0/4 to 10322/8626
04-01 12:03:41.035  1702  1964 D DisplayManagerService: Ignore redundant display event 0/4 to 10145/8808
04-01 12:03:41.035  1702  1964 D DisplayManagerService: Ignore redundant display event 0/4 to 10278/27771
04-01 12:03:41.036  1702  1964 I DisplayDeviceRepository: Display device changed state: "Built-in Screen", ON
04-01 12:03:41.046  1702  2088 V DisplayPowerController2[0]: Brightness [0.3747478] reason changing to: 'automatic', previous reason: 'manual'.
04-01 12:03:41.046  1702  2088 I DisplayPowerController2[0]: BrightnessEvent: disp=0, physDisp=local:4630946480328692354, displayState=ON, displayPolicy=BRIGHT, brt=0.3747478, initBrt=0.35941413, rcmdBrt=0.3747478, preBrt=NaN, lux=240.7725, preLux=NaN, hbmMax=0.85836387, hbmMode=off, rbcStrength=50, thrmMax=1.0, powerFactor=1.0, wasShortTermModelActive=false, flags=, reason=automatic, autoBrightness=true, strategy=InvalidBrightnessStrategy, autoBrightnessMode=default
04-01 12:03:41.047  1702  2088 D NtAppUsageManager: No need to write old record
04-01 12:03:41.047  1702  2088 D BrightnessThermalClamper: Thermal status observer already started
04-01 12:03:41.069  1702  1702 I BrightnessSynchronizer: [4753] New Update 0.3747478(f) set brightness values:  96(i)
04-01 12:03:41.070  1702  1702 I BrightnessSynchronizer: New PendingUpdate: {[4754] 0.3747478(f), mUpdatedTypes=0, mConfirmedTypes=0, mTimeUpdated=0}, prev=null
04-01 12:03:41.071  1702  1702 I BrightnessSynchronizer: Swallowing update of 96(i) by update: {[4753] 0.3747478(f), mUpdatedTypes=1, mConfirmedTypes=1, mTimeUpdated=334312295}
04-01 12:03:41.071  1702  1702 I BrightnessSynchronizer: Completed Update: {[4753] 0.3747478(f), mUpdatedTypes=1, mConfirmedTypes=1, mTimeUpdated=334312295}
04-01 12:03:41.078  1702  2584 I MR2ServiceImpl: Updating composite discovery preference | preference: RouteDiscoveryRequest{ preferredFeatures={}, activeScan=false }, active routers: []
04-01 12:03:41.080  1702  2088 D NtAppUsageManager: No need to write old record
04-01 12:03:41.080  1702  2088 D NtAppUsageManager: No need to write old record
04-01 12:03:41.081  1702  2088 D BrightnessThermalClamper: Thermal status observer already started
04-01 12:03:41.081  1702  2088 I DreamManagerService: Gently waking up from dream.
04-01 12:03:41.084  2676  2676 D ScreenSceneDetector: Screen on
04-01 12:03:41.105  1702  5802 V ALSProbe: Enable ALS: 177471302
04-01 12:03:41.109  1702  1702 D ZramWriteback: Screen on.
04-01 12:03:41.114  1702  1962 D WindowManager: powerPress: eventTime=334312229 interactive=true count=1 mShortPressOnPowerBehavior=1
04-01 12:03:41.114  1702  1962 V WindowManager: Ignoring short press of power button because the device is not interactive. interactive=true, beganFromNonInteractive=true
04-01 12:03:41.127  1702  5812 W ActivityManager: Foreground service started from background can not have location/camera/microphone access: service org.kustom.widget/.WidgetService
04-01 12:03:41.127  1702  5812 I ActivityManager: Background started FGS: Allowed [callingPackage: org.kustom.widget; callingUid: 10328; uidState: FGS ; uidBFSL: [BFSL]; intent: Intent { cmp=org.kustom.widget/.WidgetService }; code:PROC_STATE_FGS; tempAllowListReason:<,reasonCode:SYSTEM_ALLOW_LISTED,duration:9223372036854775807,callingUid:-1>; targetSdkVersion:34; callerTargetSdkVersion:34; startForegroundCount:0; bindFromPackage:null: isBindService:false]; startForegroundDelayMs:501380845
04-01 12:03:41.134  1702  5551 I DreamManagerService: Leaving dreamland.
04-01 12:03:41.134  1702  1961 I DreamController: Stopping dream: name=ComponentInfo{com.android.systemui/com.android.systemui.doze.DozeService}, isPreviewMode=false, canDoze=true, userId=0, reason='finished self'(from 'power manager request')
04-01 12:03:41.151  2676  2676 D BatteryHealthController: plugType=0
04-01 12:03:41.153  1702  2023 D NtMemoryManager: set com.android.chrome adj to 801
04-01 12:03:41.178  2704  2798 D ShellSplitScreen: onFinishedWakingUp
04-01 12:03:41.184  2704  2704 V KeyguardStatusViewController: onTimeChanged
04-01 12:03:41.216  1702  5829 D NtMemoryManager: not set com.google.android.apps.messaging adj to 801
04-01 12:03:41.326  1702  5817 W ActivityManager: Receiver with filter android.content.IntentFilter@739f50c already registered for pid 9073, callerPackage is org.kustom.widget
04-01 12:03:41.330  1702  5814 W ActivityManager: Receiver with filter android.content.IntentFilter@3f15ad1 already registered for pid 9073, callerPackage is org.kustom.widget
04-01 12:03:41.330  1702  5812 W ActivityManager: Foreground service started from background can not have location/camera/microphone access: service org.kustom.widget/.WidgetService
04-01 12:03:41.330  1702  5812 I ActivityManager: Background started FGS: Allowed [callingPackage: org.kustom.widget; callingUid: 10328; uidState: FGS ; uidBFSL: [BFSL]; intent: Intent { cmp=org.kustom.widget/.WidgetService }; code:PROC_STATE_FGS; tempAllowListReason:<,reasonCode:SYSTEM_ALLOW_LISTED,duration:9223372036854775807,callingUid:-1>; targetSdkVersion:34; callerTargetSdkVersion:34; startForegroundCount:0; bindFromPackage:null: isBindService:false]; startForegroundDelayMs:501381048
04-01 12:03:41.337  1702  2572 D AppWidgetServiceImpl: Trying to notify widget update for package org.kustom.widget with widget id: 54
04-01 12:03:41.721  1702  5817 D NtBoostAdjusterImpl: animationboost: pid = 2704 renderTid = 2833, duration = 0
04-01 12:03:41.722  1702  2989 D NtBoostAdjusterImpl: updateCpuctlRestrictedCounter: mCpuctlRestrictedCounterMap: {2704=1, 18885=0, 8261=0, 3175=0, 28359=0, 32552=0}
04-01 12:03:41.722  1702  2989 D NtBoostAdjusterImpl: restricted pid = 2704, enable = 1
04-01 12:03:41.723  1702  2989 D NtBoostAdjusterImpl: group = /dev/cpuset/restricted/cpus, origin cpus: 0-7, targetCpus = 4-7, duration = 0
