04-01 12:03:41.727  1702  2989 D NtBoostAdjusterImpl: remove current msg: group = /dev/cpuset/restricted/cpus, msg = 105
04-01 12:03:41.773  1702  2586 V Biometrics/AcquisitionClient: Acquired: 6 2, shouldSend: true
04-01 12:03:42.031  1702  2586 V Biometrics/AcquisitionClient: Acquired: 0 0, shouldSend: true
04-01 12:03:42.034  1702  2586 V BiometricLogger: Authentication latency: -1
04-01 12:03:42.034  1702  2586 W BiometricFrameworkStatsLogger: found a negative latency : -1
04-01 12:03:42.036  1702  2586 V Biometrics/AuthenticationClient: onAuthenticated(true), ID:-1284941342, Owner: com.android.systemui, isBP: false, listener: com.android.server.biometrics.sensors.ClientMonitorCallbackConverter@5f41546, requireConfirmation: false, user: 0, clientMonitor: {[664] com.android.server.biometrics.sensors.fingerprint.aidl.FingerprintAuthenticationClient, proto=3, owner=com.android.systemui, cookie=0, requestId=470, userId=0}
04-01 12:03:42.036  1702  2586 W Biometrics/AuthenticationClient: Allowing background authentication, this is allowed only for platform or test invocations
04-01 12:03:42.037  1702  2586 D BaseClientMonitor: marking operation as done: {[664] com.android.server.biometrics.sensors.fingerprint.aidl.FingerprintAuthenticationClient, proto=3, owner=com.android.systemui, cookie=0, requestId=470, userId=0}
04-01 12:03:42.038   702 18339 I keystore2: system/security/keystore2/src/authorization.rs:114 - add_auth_token(challenge=0, userId=8224480629919682481, authId=-3387454930204617051, authType=0x2, timestamp=501449933ms)
04-01 12:03:42.039  1702  2586 D Biometrics/AuthenticationClient: addAuthToken succeeded
04-01 12:03:42.039  1702  2586 D BiometricStateCallback: Client finished, state updated to 0, client {[664] com.android.server.biometrics.sensors.fingerprint.aidl.FingerprintAuthenticationClient, proto=3, owner=com.android.systemui, cookie=0, requestId=470, userId=0}
04-01 12:03:42.039  1702  2586 D BiometricSchedulerOperation: [Finished / destroy]: {[664] com.android.server.biometrics.sensors.fingerprint.aidl.FingerprintAuthenticationClient, proto=3, owner=com.android.systemui, cookie=0, requestId=470, userId=0}
04-01 12:03:42.040  1702  2518 E MultiBiometricLockoutState: getAuthMapForUser : 0 containsKey:true
04-01 12:03:42.040  1702  2518 E MultiBiometricLockoutState: getAuthMapForUser : 0 containsKey:true
04-01 12:03:42.040  1702  2518 E MultiBiometricLockoutState: clearTimedLockout : 0 strength:4095
04-01 12:03:42.040  1702  2518 E MultiBiometricLockoutState: getAuthMapForUser : 0 containsKey:true
04-01 12:03:42.040  1702  2518 E MultiBiometricLockoutState: getAuthMapForUser : 0 containsKey:true
04-01 12:03:42.040  1702  2518 E MultiBiometricLockoutState: clearTimedLockout : 0 strength:255
04-01 12:03:42.040  1702  2518 E MultiBiometricLockoutState: getAuthMapForUser : 0 containsKey:true
04-01 12:03:42.040  1702  2518 E MultiBiometricLockoutState: getAuthMapForUser : 0 containsKey:true
04-01 12:03:42.040  1702  2518 E MultiBiometricLockoutState: clearTimedLockout : 0 strength:15
04-01 12:03:42.040   702 18339 I keystore2: system/security/keystore2/src/authorization.rs:128 - on_device_unlocked(user_id=0, password.is_some()=false)
04-01 12:03:42.041  1702  2586 V ALSProbe: Disable ALS: 177471302
04-01 12:03:42.044  1702  2586 D BiometricScheduler: [Finishing] {[664] com.android.server.biometrics.sensors.fingerprint.aidl.FingerprintAuthenticationClient, proto=3, owner=com.android.systemui, cookie=0, requestId=470, userId=0}, success: true
04-01 12:03:42.044  1702  2586 D GestureAvailabilityTracker: Notifying gesture availability, active=true
04-01 12:03:42.044  1702  2586 D BiometricScheduler: No operations, returning to idle
04-01 12:03:42.047  1702  5829 D NtBoostAdjusterImpl: group = /dev/cpuset/camera-daemon/cpus, origin cpus: 0-7, targetCpus = 0-1, duration = 0
04-01 12:03:42.050  1702  5817 D VibratorManagerService: vibrate uid =10162, opPkg = com.android.systemui, reason = null, attrs = VibrationAttributes{mUsage=UNKNOWN, mAudioUsage= USAGE_UNKNOWN, mCategory=UNKNOWN, mFlags=0}
04-01 12:03:42.050  1702  5817 D RichTapVibratorService: none richtap effect, do nothing!!
04-01 12:03:42.050  1702  5817 D VibratorManagerService: Starting vibrate for vibration 4482
04-01 12:03:42.050  1702  5812 D ActivityTaskManager: Top Process State changed to PROCESS_STATE_TOP
04-01 12:03:42.050  1702  5817 D VibrationSettings: usage = 0
04-01 12:03:42.050  2704  2798 V WindowManagerShell: Transition requested (#3557): android.os.BinderProxy@97c7ef7 TransitionRequestInfo { type = TO_BACK, triggerTask = null, pipTask = null, remoteTransition = null, displayChange = null, flags = 260, debugId = 3557 }
04-01 12:03:42.051  1702  5812 D NtMemoryManager: mIsHighPressureScene: false : com.myinsta.android
04-01 12:03:42.051  1702  5817 D RichTapVibratorService: get sender id pid:2704 seq:33816577
04-01 12:03:42.051  1702  5817 D RichTapVibratorService: checkIfFirstHe2_0Package firstPatternIndexInPackage: 0
04-01 12:03:42.051  1702  5817 D VibratorManagerService: time before vibratorStop : 1743534222051
04-01 12:03:42.051  1702  5817 D RichTapVibratorService: aac richtap doVibratorStop
04-01 12:03:42.051  1702  5817 D RichTapVibratorService: richtap service stop!!
04-01 12:03:42.056  1702  5829 D NtBoostAdjusterImpl: remove current msg: group = /dev/cpuset/camera-daemon/cpus, msg = 102
04-01 12:03:42.056  1702  5829 D NtBoostAdjusterImpl: group = /dev/cpuset/dex2oat/cpus, origin cpus: 0-7, targetCpus = 0-1, duration = 0
04-01 12:03:42.056  1702  1964 D NtMemoryManager: set com.android.chrome adj to 801
04-01 12:03:42.059  1702  2088 D NtAppUsageManager: No need to write old record
04-01 12:03:42.061  1702  5829 D NtBoostAdjusterImpl: remove current msg: group = /dev/cpuset/dex2oat/cpus, msg = 106
04-01 12:03:42.061  1702  5829 D NtBoostAdjusterImpl: group = /dev/cpuset/top-app/cpus, origin cpus: 0-7, targetCpus = 0-4, duration = 0
04-01 12:03:42.066  1702  5829 D NtBoostAdjusterImpl: remove current msg: group = /dev/cpuset/top-app/cpus, msg = 103
04-01 12:03:42.070  1702  5817 D VibratorManagerService: time after vibratorStop : 1743534222070
04-01 12:03:42.070  1702  5817 D VibratorManagerService: vibratorservice play he
04-01 12:03:42.070  1702  5817 D VibratorManagerService: Vibration for uid=10162 and with attrs=VibrationAttributes{mUsage=UNKNOWN, mAudioUsage= USAGE_UNKNOWN, mCategory=UNKNOWN, mFlags=0} ended with status RUNNING
04-01 12:03:42.081  1702  5817 D VibratorManagerService:  result:1
04-01 12:03:42.083  1702  3026 W UserManagerService: Requested status bar icon for non-badged user 0
04-01 12:03:42.085  2676  6316 D SceneManager: SCREEN State: 1
04-01 12:03:42.091  1702  5812 D VibratorManagerService:  result:1
04-01 12:03:42.092  2704 18564 V WindowManagerShell: onTransitionReady(transaction=7310034654278)
04-01 12:03:42.092  1702  1961 V WindowManager: Sent Transition (#3557) createdAt=04-01 12:03:42.049 via request=TransitionRequestInfo { type = TO_BACK, triggerTask = null, pipTask = null, remoteTransition = null, displayChange = null, flags = 260, debugId = 3557 }
04-01 12:03:42.092  1702  1961 V WindowManager:     startWCT=WindowContainerTransaction { changes = {} hops = [] errorCallbackToken=null taskFragmentOrganizer=null }
04-01 12:03:42.092  2704  2798 V WindowManagerShell: onTransitionReady (#3557) android.os.BinderProxy@97c7ef7: {id=3557 t=TO_BACK f=0x104 trk=0 r=[0@Point(0, 0)] c=[{WCT{android.window.IWindowContainerToken$Stub$Proxy@3a56dda} m=TO_FRONT f=NONE p=WCT{android.window.IWindowContainerToken$Stub$Proxy@584620b} leash=Surface(name=Task=2730)/@0xcfe55ef sb=Rect(0, 0 - 1080, 2400) eb=Rect(0, 0 - 1080, 2400) d=0 taskParent=-1 ntPopUpView={mIsTryEnterWindowingMode=false mIsEnterWindowingModeLandscape=false mStartPos=Point(0, 0) mEndPos=Point(0, 0) mStartScale=0.0 mEndScale=0.0 mStartCornerRadius=0.0 mEndCornerRadius=0.0 mAppBounds=Rect(0, 0 - 0, 0) mWindowCrop=Rect(0, 0 - 0, 0) mStartDragBounds=Rect(0, 0 - 0, 0) mBottomLeftCornerLeash=null mBottomRightCornerLeash=null mDragBarLeash=null mCornerHintSize=60x60 mDragBarSize=189x42}},{WCT{android.window.IWindowContainerToken$Stub$Proxy@ebf48e8} m=TO_FRONT f=NONE leash=Surface(name=DefaultTaskDisplayArea)/@0xc5398fc sb=Rect(0, 0 - 1080, 2400) eb=Rect(0, 0 - 1080, 2400) d=0 ntPopUpView={mIsTryEnterWindowingMode=false mIsEnterWindowingModeLandscape=false mStartPos=Point(0, 0) mEndPos=Point(0, 0) mStartScale=0.0 mEndScale=0.0 mStartCornerRadius=0.0 mEndCornerRadius=0.0 mAppBounds=Rect(0, 0 - 0, 0) mWindowCrop=Rect(0, 0 - 0, 0) mStartDragBounds=Rect(0, 0 - 0, 0) mBottomLeftCornerLeash=null mBottomRightCornerLeash=null mDragBarLeash=null mCornerHintSize=0x0 mDragBarSize=0x0}}]}
04-01 12:03:42.092  2704  2798 V WindowManagerShell: Playing animation for (#3557) android.os.BinderProxy@97c7ef7@0
04-01 12:03:42.092  2704  2798 V WindowManagerShell:  try handler com.android.wm.shell.transition.DefaultMixedHandler@c5b3189
04-01 12:03:42.092  2704  2798 V WindowManagerShell:  try handler com.android.wm.shell.keyguard.KeyguardTransitionHandler@4e2058e
04-01 12:03:42.092  1702  1961 V WindowManager:     info={id=3557 t=TO_BACK f=0x104 trk=0 r=[0@Point(0, 0)] c=[
04-01 12:03:42.092  1702  1961 V WindowManager:         {WCT{RemoteToken{1bfa9e2 Task{2041fda #2730 type=standard A=10153:com.myinsta.android}}} m=TO_FRONT f=NONE p=WCT{RemoteToken{ac1860c DefaultTaskDisplayArea@118339988}} leash=Surface(name=Task=2730)/@0x389fe56 sb=Rect(0, 0 - 1080, 2400) eb=Rect(0, 0 - 1080, 2400) d=0 taskParent=-1 ntPopUpView={mIsTryEnterWindowingMode=false mIsEnterWindowingModeLandscape=false mStartPos=Point(0, 0) mEndPos=Point(0, 0) mStartScale=0.0 mEndScale=0.0 mStartCornerRadius=0.0 mEndCornerRadius=0.0 mAppBounds=Rect(0, 0 - 0, 0) mWindowCrop=Rect(0, 0 - 0, 0) mStartDragBounds=Rect(0, 0 - 0, 0) mBottomLeftCornerLeash=null mBottomRightCornerLeash=null mDragBarLeash=null mCornerHintSize=60x60 mDragBarSize=189x42}},
04-01 12:03:42.092  1702  1961 V WindowManager:         {WCT{RemoteToken{ac1860c DefaultTaskDisplayArea@118339988}} m=TO_FRONT f=NONE leash=Surface(name=DefaultTaskDisplayArea)/@0x342ec6e sb=Rect(0, 0 - 1080, 2400) eb=Rect(0, 0 - 1080, 2400) d=0 ntPopUpView={mIsTryEnterWindowingMode=false mIsEnterWindowingModeLandscape=false mStartPos=Point(0, 0) mEndPos=Point(0, 0) mStartScale=0.0 mEndScale=0.0 mStartCornerRadius=0.0 mEndCornerRadius=0.0 mAppBounds=Rect(0, 0 - 0, 0) mWindowCrop=Rect(0, 0 - 0, 0) mStartDragBounds=Rect(0, 0 - 0, 0) mBottomLeftCornerLeash=null mBottomRightCornerLeash=null mDragBarLeash=null mCornerHintSize=0x0 mDragBarSize=0x0}}
04-01 12:03:42.092  1702  1961 V WindowManager:     ]}
04-01 12:03:42.092  2704  2798 V WindowManagerShell: start keyguard going-away transition, info = {id=3557 t=TO_BACK f=0x104 trk=0 r=[0@Point(0, 0)] c=[{WCT{android.window.IWindowContainerToken$Stub$Proxy@3a56dda} m=TO_FRONT f=NONE p=WCT{android.window.IWindowContainerToken$Stub$Proxy@584620b} leash=Surface(name=Task=2730)/@0xcfe55ef sb=Rect(0, 0 - 1080, 2400) eb=Rect(0, 0 - 1080, 2400) d=0 taskParent=-1 ntPopUpView={mIsTryEnterWindowingMode=false mIsEnterWindowingModeLandscape=false mStartPos=Point(0, 0) mEndPos=Point(0, 0) mStartScale=0.0 mEndScale=0.0 mStartCornerRadius=0.0 mEndCornerRadius=0.0 mAppBounds=Rect(0, 0 - 0, 0) mWindowCrop=Rect(0, 0 - 0, 0) mStartDragBounds=Rect(0, 0 - 0, 0) mBottomLeftCornerLeash=null mBottomRightCornerLeash=null mDragBarLeash=null mCornerHintSize=60x60 mDragBarSize=189x42}},{WCT{android.window.IWindowContainerToken$Stub$Proxy@ebf48e8} m=TO_FRONT f=NONE leash=Surface(name=DefaultTaskDisplayArea)/@0xc5398fc sb=Rect(0, 0 - 1080, 2400) eb=Rect(0, 0 - 1080, 2400) d=0 ntPopUpView={mIsTryEnterWindowingMode=false mIsEnterWindowingModeLandscape=false mStartPos=Point(0, 0) mEndPos=Point(0, 0) mStartScale=0.0 mEndScale=0.0 mStartCornerRadius=0.0 mEndCornerRadius=0.0 mAppBounds=Rect(0, 0 - 0, 0) mWindowCrop=Rect(0, 0 - 0, 0) mStartDragBounds=Rect(0, 0 - 0, 0) mBottomLeftCornerLeash=null mBottomRightCornerLeash=null mDragBarLeash=null mCornerHintSize=0x0 mDragBarSize=0x0}}]}
04-01 12:03:42.092  2704  2798 D KeyguardService: Starts IRemoteAnimationRunner: info={id=3557 t=TO_BACK f=0x104 trk=0 r=[0@Point(0, 0)] c=[{WCT{android.window.IWindowContainerToken$Stub$Proxy@3a56dda} m=TO_FRONT f=NONE p=WCT{android.window.IWindowContainerToken$Stub$Proxy@584620b} leash=Surface(name=Task=2730)/@0xcfe55ef sb=Rect(0, 0 - 1080, 2400) eb=Rect(0, 0 - 1080, 2400) d=0 taskParent=-1 ntPopUpView={mIsTryEnterWindowingMode=false mIsEnterWindowingModeLandscape=false mStartPos=Point(0, 0) mEndPos=Point(0, 0) mStartScale=0.0 mEndScale=0.0 mStartCornerRadius=0.0 mEndCornerRadius=0.0 mAppBounds=Rect(0, 0 - 0, 0) mWindowCrop=Rect(0, 0 - 0, 0) mStartDragBounds=Rect(0, 0 - 0, 0) mBottomLeftCornerLeash=null mBottomRightCornerLeash=null mDragBarLeash=null mCornerHintSize=60x60 mDragBarSize=189x42}},{WCT{android.window.IWindowContainerToken$Stub$Proxy@ebf48e8} m=TO_FRONT f=NONE leash=Surface(name=DefaultTaskDisplayArea)/@0xc5398fc sb=Rect(0, 0 - 1080, 2400) eb=Rect(0, 0 - 1080, 2400) d=0 ntPopUpView={mIsTryEnterWindowingMode=false mIsEnterWindowingModeLandscape=false mStartPos=Point(0, 0) mEndPos=Point(0, 0) mStartScale=0.0 mEndScale=0.0 mStartCornerRadius=0.0 mEndCornerRadius=0.0 mAppBounds=Rect(0, 0 - 0, 0) mWindowCrop=Rect(0, 0 - 0, 0) mStartDragBounds=Rect(0, 0 - 0, 0) mBottomLeftCornerLeash=null mBottomRightCornerLeash=null mDragBarLeash=null mCornerHintSize=0x0 mDragBarSize=0x0}}]}
04-01 12:03:42.095  2704  2798 V WindowManagerShell:  animated by com.android.wm.shell.keyguard.KeyguardTransitionHandler@4e2058e
04-01 12:03:42.109  1702  2572 D AppWidgetServiceImpl: Trying to notify widget update for package org.kustom.widget with widget id: 54
04-01 12:03:42.119  1702  5812 W UserManagerService: Requested status bar icon for non-badged user 0
04-01 12:03:42.226  1702  3026 D CoreBackPreview: Window{f804182 u0 KHCD.2Zk.feed_timeline}: Setting back callback OnBackInvokedCallbackInfo{mCallback=android.window.IOnBackInvokedCallback$Stub$Proxy@947f0c9, mPriority=0, mIsAnimationCallback=false}
04-01 12:03:42.231 27195 27195 D NtViewRootImpl: mPopUpViewOffsets: offset=(0.0, 0.0), scale=(1.0, 1.0)
04-01 12:03:42.265  1702  5817 D NtBoostAdjusterImpl: group = /dev/cpuset/top-app/cpus, origin cpus: 0-7, targetCpus = 0-7, duration = 0
04-01 12:03:42.279  1702  5817 D NtBoostAdjusterImpl: remove current msg: group = /dev/cpuset/top-app/cpus, msg = 103
04-01 12:03:42.332  1702  1702 D NtGlyphServiceImpl: onSensorChanged type = 65538, value = 1.0
04-01 12:03:42.332  1702  1702 D NtGlyphServiceImpl: setLedBrightness to 0
04-01 12:03:42.399  1702  5829 I NtAppLocker: setKeyguardDoneLocked: true
04-01 12:03:42.399  1702  5829 V NtGameModeImpl: onAppFocusChanged: pkg=com.myinsta.android, uid=10153, category=-1, launchMode= 1
04-01 12:03:42.399  1702  5829 D NtKafkaEventHelper: onLockScreenShown:false
04-01 12:03:42.429  1702  5812 D NtBoostAdjusterImpl: group = /dev/cpuset/camera-daemon/cpus, origin cpus: 0-7, targetCpus = 0-7, duration = 0
04-01 12:03:42.430  2704  2704 D KeyguardService: Finish IRemoteAnimationRunner.
04-01 12:03:42.436  2704  2798 V WindowManagerShell: Transition animation finished (aborted=false), notifying core (#3557) android.os.BinderProxy@97c7ef7@0
04-01 12:03:42.439  1702  3948 W UserManagerService: Requested status bar icon for non-badged user 0
04-01 12:03:42.444  2704  2798 V WindowManagerShell: Track 0 became idle
04-01 12:03:42.444  2704  2798 V WindowManagerShell: All active transition animations finished
04-01 12:03:42.452  1702  5812 D NtBoostAdjusterImpl: remove current msg: group = /dev/cpuset/camera-daemon/cpus, msg = 102
04-01 12:03:42.453  1702  5812 D NtBoostAdjusterImpl: group = /dev/cpuset/dex2oat/cpus, origin cpus: 0-7, targetCpus = 0-7, duration = 0
04-01 12:03:42.469  1702  5812 D NtBoostAdjusterImpl: remove current msg: group = /dev/cpuset/dex2oat/cpus, msg = 106
04-01 12:03:42.474  1702  1964 D NtPerfTraceManagerImpl: packageName = com.myinsta.android, taskId = 2730
04-01 12:03:42.477  1702  5829 W UserManagerService: Requested status bar icon for non-badged user 0
04-01 12:03:42.480  1702  5832 D FingerprintProvider/defaultHIDL: Starting watchdog for fingerprint
04-01 12:03:42.480  1702  3635 W AdbDebuggingManager: Read failed with count -1
04-01 12:03:42.481  1702  3635 E AdbDebuggingManager: Caught an exception opening the socket: java.io.IOException: Connection refused
04-01 12:03:42.486  1702  5829 W UserManagerService: Requested status bar icon for non-badged user 0
04-01 12:03:42.489  1702  5829 D SystemServerTiming: getUserSwitchability-0
04-01 12:03:42.489  1702  5829 D SystemServerTiming: TM.isInCall
04-01 12:03:42.490  1702  5551 W UserManagerService: Requested status bar icon for non-badged user 0
04-01 12:03:42.502  1702  5829 D SystemServerTiming: hasUserRestriction-DISALLOW_USER_SWITCH
04-01 12:03:42.502  1702  5829 D SystemServerTiming: getInt-ALLOW_USER_SWITCHING_WHEN_SYSTEM_USER_LOCKED
04-01 12:03:42.502  1702  5829 D SystemServerTiming: isUserUnlocked-USER_SYSTEM
04-01 12:03:42.505  1702  3013 D BiometricService: canAuthenticate: User=999, Caller=999, Authenticators=255
04-01 12:03:42.506  1702  3013 D BiometricService/PreAuthInfo: Package: com.google.android.gms Sensor ID: 0 Modality: 2 Status: 1
04-01 12:03:42.506  1702  3013 D BiometricService/PreAuthInfo: Package: com.google.android.gms Sensor ID: 1 Modality: 8 Status: 4
04-01 12:03:42.506  1702  3013 D BiometricService/PreAuthInfo: getCanAuthenticateInternal Modality: 2 AuthenticatorStatus: 1
04-01 12:03:42.506  1702  3013 D AuthService: canAuthenticate, userId: 999, callingUserId: 999, authenticators: 255, result: 0
04-01 12:03:42.516  1702  5829 D FaceProvider/defaultHIDL: Starting watchdog for face
04-01 12:03:42.557  1702  1961 W Looper  : Slow dispatch took 155ms when=+156ms android.fg h=com.android.server.usb.UsbDeviceManager$UsbHandlerLegacy c=null m=13
04-01 12:03:42.558  1702  1961 V WindowManager: Finish Transition (#3557): created at 04-01 12:03:42.049 collect-started=0.046ms request-sent=0.078ms started=10.977ms ready=10.955ms sent=41.527ms finished=390.213ms
04-01 12:03:42.572  1702  2071 D OomAdjuster: set group = -1
04-01 12:03:42.572  1702  2071 D OomAdjuster: set cpuset: -1
04-01 12:03:42.624 27195 27195 D NtViewRootImpl: mPopUpViewOffsets: offset=(0.0, 0.0), scale=(1.0, 1.0)
04-01 12:03:42.645  1702  5832 W PackageConfigPersister: App-specific configuration not found for packageName: com.myinsta.android and userId: 0
04-01 12:03:42.910  1702  5829 D NtBoostAdjusterImpl: animationboost: pid = 28359 renderTid = 28403, duration = 0
04-01 12:03:42.910  1702  2989 D NtBoostAdjusterImpl: updateCpuctlRestrictedCounter: mCpuctlRestrictedCounterMap: {2704=1, 18885=0, 8261=0, 3175=0, 28359=1, 32552=0}
04-01 12:03:42.910  1702  2989 D NtBoostAdjusterImpl: restricted pid = 28359, enable = 1
04-01 12:03:42.911  1702  2989 D NtBoostAdjusterImpl: group = /dev/cpuset/restricted/cpus, origin cpus: 0-7, targetCpus = 4-7, duration = 0
04-01 12:03:42.913  1702  2989 D NtBoostAdjusterImpl: remove current msg: group = /dev/cpuset/restricted/cpus, msg = 105
04-01 12:03:43.027  1702  5812 D CompatChangeReporter: Compat change id reported: 311208629; UID 10110; state: ENABLED
04-01 12:03:43.122  1702  2572 D AppWidgetServiceImpl: Trying to notify widget update for package org.kustom.widget with widget id: 54
04-01 12:03:43.230  1702  3948 D NtBoostAdjusterImpl: animationboost: pid = 2704 renderTid = 2833, duration = -1
04-01 12:03:43.230  1702  2989 D NtBoostAdjusterImpl: updateCpuctlRestrictedCounter: mCpuctlRestrictedCounterMap: {2704=0, 18885=0, 8261=0, 3175=0, 28359=1, 32552=0}
04-01 12:03:43.230  1702  2989 D NtBoostAdjusterImpl: restricted pid = 2704, enable = 0
04-01 12:03:43.231  1702  2989 D NtBoostAdjusterImpl: isNeedBoostOff: mCpuctlRestrictedCounterMap: {2704=0, 18885=0, 8261=0, 3175=0, 28359=1, 32552=0}
04-01 12:03:43.243   702 18339 E keystore2: system/security/keystore2/src/error.rs:171 - system/security/keystore2/src/security_level.rs:317
04-01 12:03:43.243   702 18339 E keystore2: 
04-01 12:03:43.243   702 18339 E keystore2: Caused by:
04-01 12:03:43.243   702 18339 E keystore2:     0: system/security/keystore2/src/enforcements.rs:623: matching auth token is expired.
04-01 12:03:43.243   702 18339 E keystore2:     1: Error::Km(r#KEY_USER_NOT_AUTHENTICATED)
04-01 12:03:43.382  1702  5802 W PackageManager: Could not find package setting for package: com.brotato.shooting.survivors.games.paid.android. Skipping suspending/un-suspending.
04-01 12:03:43.510  1702  5551 D NtBoostAdjusterImpl: animationboost: pid = 28359 renderTid = 28403, duration = -1
04-01 12:03:43.510  1702  2989 D NtBoostAdjusterImpl: updateCpuctlRestrictedCounter: mCpuctlRestrictedCounterMap: {2704=0, 18885=0, 8261=0, 3175=0, 28359=0, 32552=0}
04-01 12:03:43.510  1702  2989 D NtBoostAdjusterImpl: restricted pid = 28359, enable = 0
04-01 12:03:43.511  1702  2989 D NtBoostAdjusterImpl: isNeedBoostOff: mCpuctlRestrictedCounterMap: {2704=0, 18885=0, 8261=0, 3175=0, 28359=0, 32552=0}
04-01 12:03:43.511  1702  2989 D NtBoostAdjusterImpl: group = /dev/cpuset/restricted/cpus, origin cpus: 0-7, targetCpus = 0-7, duration = 0
04-01 12:03:43.518  1702  2989 D NtBoostAdjusterImpl: remove current msg: group = /dev/cpuset/restricted/cpus, msg = 105
04-01 12:03:43.910  1702  3013 W PackageManager: Could not find package setting for package: com.brotato.shooting.survivors.games.paid.android. Skipping suspending/un-suspending.
04-01 12:03:44.109  1702  2572 D AppWidgetServiceImpl: Trying to notify widget update for package org.kustom.widget with widget id: 54
--------- beginning of kernel
04-01 12:03:41.376 10458 10458 I msm_vidc: high: 00000003:  vp9d: Closed video instance: 0000000000000000
04-01 12:03:41.408   622   622 W [FTS_TS]fts_input_report_b: [B]P0 UP!
04-01 12:03:41.408   622   622 W [FTS_TS]fts_input_report_b: [B]Points All Up!
04-01 12:03:41.541   622   622 W [FTS_TS]fts_input_report_b: [B]P0(778, 1678)[p:7,tm:32] DOWN!
04-01 12:03:45.111  1702  2572 D AppWidgetServiceImpl: Trying to notify widget update for package org.kustom.widget with widget id: 54
04-01 12:03:41.991 10879 10879 I msm_vidc: high: 00000002: ....d: Opening video instance: 0000000000000000, 1
04-01 12:03:41.991 10879 10879 I msm_vidc: err : 00000002: ....d: Failed to create debugfs for msm_vidc
04-01 12:03:42.306   622   622 W [FTS_TS]fts_input_report_b: [B]P0 UP!
04-01 12:03:42.306   622   622 W [FTS_TS]fts_input_report_b: [B]Points All Up!
04-01 12:03:42.482   622   622 W [FTS_TS]fts_input_report_b: [B]P0(794, 1715)[p:4,tm:32] DOWN!
04-01 12:03:46.109  1702  2572 D AppWidgetServiceImpl: Trying to notify widget update for package org.kustom.widget with widget id: 54
04-01 12:03:42.620   636   636 I servicemanager: Notifying artd they don't (previously: do) have clients when we now have no record of a client
04-01 12:03:42.625   636   636 I servicemanager: Caller(pid=8643,uid=1082,sid=u:r:artd:s0) Unregistering artd
04-01 12:03:42.625   636   636 I BpBinder: onLastStrongRef automatically unlinking death recipients:
04-01 12:03:42.641     1     1 I init    : Service 'artd' (pid 8643) exited with status 0 oneshot service took 358.352997 seconds in background
04-01 12:03:42.641     1     1 I init    : Sending signal 9 to service 'artd' (pid 8643) process group...
04-01 12:03:42.642     1     1 I libprocessgroup: Removed cgroup /sys/fs/cgroup/uid_1082/pid_8643
04-01 12:03:42.811   622   622 W [FTS_TS]fts_input_report_b: [B]P0 UP!
04-01 12:03:42.811   622   622 W [FTS_TS]fts_input_report_b: [B]Points All Up!
04-01 12:03:42.847  3791  3791 E simulated_ntc: proc_shell_write write invalid para
04-01 12:03:46.397  1702  5551 W JobScheduler: Job didn't exist in JobStore: c5978d3 #u0a328/365758 org.kustom.widget/androidx.work.impl.background.systemjob.SystemJobService
04-01 12:03:42.864  1709  1709 E [cnd][0x8c1aceac24e][19:03:46.405612] wlan: [1709:E:HDD] __wlan_hdd_cfg80211_stats_ext_request: Failed to get hw stats: 15
04-01 12:03:47.115  1702  2572 D AppWidgetServiceImpl: Trying to notify widget update for package org.kustom.widget with widget id: 54
04-01 12:03:47.228  1702  2021 D NtMemoryManager: not set com.google.android.apps.messaging adj to 801
04-01 12:03:47.240  1702  5802 D NtMemoryManager: not set com.google.android.apps.messaging adj to 801
04-01 12:03:47.962  1702  2477 D ActivityManager: freezing 8386 android.process.acore
04-01 12:03:48.112  1702  2572 D AppWidgetServiceImpl: Trying to notify widget update for package org.kustom.widget with widget id: 54
04-01 12:03:49.125  1702  2572 D AppWidgetServiceImpl: Trying to notify widget update for package org.kustom.widget with widget id: 54
04-01 12:03:45.841    73    73 E hung_task: hanging process detected: crtc_commit:114
04-01 12:03:49.390  1702  1964 W ProcessStats: Tracking association SourceState{bd0993 system/1000 ImpFg #1133009} whose proc state 5 is better than process ProcessState{c049d04 com.google.android.tts/10126 pkg=com.google.android.tts} proc state 14 (33 skipped)
04-01 12:03:46.384  1709  1709 E [cnd][0x8c1b0f21181][19:03:49.925814] wlan: [1709:E:HDD] __wlan_hdd_cfg80211_stats_ext_request: Failed to get hw stats: 15
04-01 12:03:50.133  1702  2572 D AppWidgetServiceImpl: Trying to notify widget update for package org.kustom.widget with widget id: 54
04-01 12:03:47.407   366   366 I [FTS_TS/I]drm_notifier_callback: DRM event:2,blank:3
04-01 12:03:47.407   366   366 I [FTS_TS/I]drm_notifier_callback: DRM BLANK(3) do not need process
04-01 12:03:47.407   366   366 I goodix_fp: [info] goodix_fb_state_chg_callback go to the goodix_fb_state_chg_callback value = 2
04-01 12:03:47.407   366   366 I goodix_fp: goodix_fb_state_chg_callback defalut
04-01 12:03:47.408   366   366 I [drm:dsi_display_set_mode [msm_drm]] [msm-dsi-info]: mdp_transfer_time=15866, hactive=1080, vactive=2400, fps=60
04-01 12:03:50.951  1702  1964 I DisplayDeviceRepository: Display device changed render timings: "Built-in Screen", renderFrameRate=30.000002, presentationDeadlineNanos=16666666, appVsyncOffsetNanos=1000000
04-01 12:03:50.954  1702  1964 D DisplayManagerService: Ignore redundant display event 0/2 to 10388/1093
04-01 12:03:50.954  1702  2088 D BrightnessThermalClamper: Thermal status observer already started
04-01 12:03:50.954  1702  1964 D DisplayManagerService: Ignore redundant display event 0/2 to 10172/4577
04-01 12:03:50.954  1702  1964 D DisplayManagerService: Ignore redundant display event 0/2 to 10145/5143
04-01 12:03:50.955  1702  1964 D DisplayManagerService: Ignore redundant display event 0/2 to 10322/8626
04-01 12:03:50.955  1702  1964 D DisplayManagerService: Ignore redundant display event 0/2 to 10145/8808
04-01 12:03:50.956  1702  1964 D DisplayManagerService: Ignore redundant display event 0/2 to 10278/27771
04-01 12:03:47.459   366   366 I [FTS_TS/I]drm_notifier_callback: DRM event:1,blank:3
04-01 12:03:47.459   366   366 I [FTS_TS/I]drm_notifier_callback: DRM BLANK(3) do not need process
04-01 12:03:47.571  7407  7407 I msm_vidc: err : ffffffff: .....: DBLP Set: status 0
04-01 12:03:51.131  1702  2572 D AppWidgetServiceImpl: Trying to notify widget update for package org.kustom.widget with widget id: 54
04-01 12:03:47.847  3791  3791 E simulated_ntc: proc_shell_write write invalid para
04-01 12:03:52.118  1702  2572 D AppWidgetServiceImpl: Trying to notify widget update for package org.kustom.widget with widget id: 54
04-01 12:03:53.130  1702  2572 D AppWidgetServiceImpl: Trying to notify widget update for package org.kustom.widget with widget id: 54
04-01 12:03:53.257  1702  2021 D NtMemoryManager: not set com.google.android.apps.messaging adj to 801
04-01 12:03:49.904  1709  1709 E [cnd][0x8c1b4f95ba7][19:03:53.445950] wlan: [1709:E:HDD] __wlan_hdd_cfg80211_stats_ext_request: Failed to get hw stats: 15
04-01 12:03:53.475  1702  5802 D NtMemoryManager: not set com.google.android.apps.messaging adj to 801
04-01 12:03:53.741   702 10760 I keystore2: system/security/keystore2/watchdog/src/lib.rs:319 - Watchdog thread idle -> terminating. Have a great day.
04-01 12:03:54.128  1702  2572 D AppWidgetServiceImpl: Trying to notify widget update for package org.kustom.widget with widget id: 54
04-01 12:03:51.172 10049 10049 I sd 0    : 0:0:0: [sda] Synchronizing SCSI cache
04-01 12:03:55.124  1702  2572 D AppWidgetServiceImpl: Trying to notify widget update for package org.kustom.widget with widget id: 54
04-01 12:03:56.111  1702  2572 D AppWidgetServiceImpl: Trying to notify widget update for package org.kustom.widget with widget id: 54
04-01 12:03:52.846  3791  3791 E simulated_ntc: proc_shell_write write invalid para
04-01 12:03:56.552  1702  2482 W ActivityManager: Unable to start service Intent { act=com.facebook.analytics2.logger.UPLOAD_NOW cmp=com.myinsta.android/com.facebook.analytics2.logger.HighPriUploadRetryReceiver (has extras) } U=0: not found
04-01 12:03:53.025   622   622 W [FTS_TS]fts_input_report_b: [B]P0(707, 1867)[p:11,tm:80] DOWN!
04-01 12:03:53.059   366   366 I [FTS_TS/I]drm_notifier_callback: DRM event:2,blank:3
04-01 12:03:53.059   366   366 I [FTS_TS/I]drm_notifier_callback: DRM BLANK(3) do not need process
04-01 12:03:53.059   366   366 I goodix_fp: [info] goodix_fb_state_chg_callback go to the goodix_fb_state_chg_callback value = 2
04-01 12:03:53.059   366   366 I goodix_fp: goodix_fb_state_chg_callback defalut
04-01 12:03:53.060   366   366 I [drm:dsi_display_set_mode [msm_drm]] [msm-dsi-info]: mdp_transfer_time=7826, hactive=1080, vactive=2400, fps=120
04-01 12:03:53.084   366   366 I [FTS_TS/I]drm_notifier_callback: DRM event:1,blank:3
04-01 12:03:53.084   366   366 I [FTS_TS/I]drm_notifier_callback: DRM BLANK(3) do not need process
04-01 12:03:56.630  1702  1964 I DisplayDeviceRepository: Display device changed render timings: "Built-in Screen", renderFrameRate=120.00001, presentationDeadlineNanos=13333332, appVsyncOffsetNanos=1000000
04-01 12:03:56.632  1702  2088 D BrightnessThermalClamper: Thermal status observer already started
04-01 12:03:56.632  1702  1964 D DisplayManagerService: Ignore redundant display event 0/2 to 10388/1093
04-01 12:03:56.633  1702  1964 D DisplayManagerService: Ignore redundant display event 0/2 to 10172/4577
04-01 12:03:56.633  1702  1964 D DisplayManagerService: Ignore redundant display event 0/2 to 10145/5143
04-01 12:03:56.633  1702  1964 D DisplayManagerService: Ignore redundant display event 0/2 to 10322/8626
04-01 12:03:56.633  1702  1964 D DisplayManagerService: Ignore redundant display event 0/2 to 10145/8808
04-01 12:03:56.634  1702  1964 D DisplayManagerService: Ignore redundant display event 0/2 to 10278/27771
04-01 12:03:53.095   622   622 W [FTS_TS]fts_input_report_b: [B]P0 UP!
04-01 12:03:53.095   622   622 W [FTS_TS]fts_input_report_b: [B]Points All Up!
04-01 12:03:53.236   622   622 W [FTS_TS]fts_input_report_b: [B]P0(768, 1572)[p:3,tm:64] DOWN!
04-01 12:03:53.424  1709  1709 E [cnd][0x8c1b9008fb8][19:03:56.965791] wlan: [1709:E:HDD] __wlan_hdd_cfg80211_stats_ext_request: Failed to get hw stats: 15
04-01 12:03:57.112  1702  2572 D AppWidgetServiceImpl: Trying to notify widget update for package org.kustom.widget with widget id: 54
04-01 12:03:53.585   622   622 W [FTS_TS]fts_input_report_b: [B]P0 UP!
04-01 12:03:53.585   622   622 W [FTS_TS]fts_input_report_b: [B]Points All Up!
04-01 12:03:54.111  6756  6756 I [kworke][0x8c1b9c9d23e][19:03:57.652757] wlan: [6756:I:PMO] pmo_core_is_wow_applicable: lpass enabled, enabling wow
04-01 12:03:58.115  1702  2572 D AppWidgetServiceImpl: Trying to notify widget update for package org.kustom.widget with widget id: 54
04-01 12:03:55.206  9382  9382 I [kworke][0x8c1bb0aac81][19:03:58.747934] wlan: [9382:I:PMO] pmo_core_psoc_send_host_wakeup_ind_to_fw: Host wakeup indication sent to fw
04-01 12:03:59.116  1702  2572 D AppWidgetServiceImpl: Trying to notify widget update for package org.kustom.widget with widget id: 54
04-01 12:03:59.486  1702  2021 D NtMemoryManager: not set com.google.android.apps.messaging adj to 801
04-01 12:04:00.010  2704  2704 V KeyguardStatusViewController: onTimeChanged
04-01 12:04:00.115  1702  2572 D AppWidgetServiceImpl: Trying to notify widget update for package org.kustom.widget with widget id: 54
04-01 12:03:56.857  7044  7044 I [schedu][0x8c1bcee3592][19:04:00.398402] wlan: [7044:I:PE] RX: [802.11 BCN_RPT] seq:77 SSID:parkhouse-Guest BSSID:ff:ff:ff:ff:ff:ff Token:54 op_class:115 ch:36 meas_mode:1 meas_duration:50 max_dur: 1 sign: 0 max_meas_dur: 100
04-01 12:03:56.913  7044  7044 I [schedu][0x8c1bcfe9cb4][19:04:00.454390] wlan: [7044:I:PE] TX: [802.11 BCN_RPT] seq_no:4037 dialog_token:53 no. of APs:3 is_last_rpt:1 num_report: 3 peer:ce:9e:43:a4:79:54
04-01 12:03:56.944  1709  1709 E [cnd][0x8c1bd07c9b9][19:04:00.485711] wlan: [1709:E:HDD] __wlan_hdd_cfg80211_stats_ext_request: Failed to get hw stats: 15
04-01 12:04:00.515  1702  3013 D NtMemoryManager: not set com.google.android.apps.messaging adj to 801
04-01 12:04:01.115  1702  2572 D AppWidgetServiceImpl: Trying to notify widget update for package org.kustom.widget with widget id: 54
04-01 12:03:57.580  9382  9382 I [kworke][0x8c1bdc227e4][19:04:01.121846] wlan: [9382:I:PMO] pmo_core_is_wow_applicable: lpass enabled, enabling wow
04-01 12:03:57.605  1150  1150 W healthd : battery l=75 v=4082 t=25.0 h=2 st=3 c=-393071 fc=3915000 cc=132 chg=
04-01 12:03:57.627  1150  1150 W HealthLoop: debug.nt.screen_brightness:3.747478
04-01 12:04:01.180  2676  2676 D BatteryHealthController: plugType=0
04-01 12:03:57.846  3791  3791 E simulated_ntc: proc_shell_write write invalid para
04-01 12:03:57.864 10049 10049 I [kworke][0x8c1be1521f1][19:04:01.405076] wlan: [10049:I:PMO] pmo_core_psoc_send_host_wakeup_ind_to_fw: Host wakeup indication sent to fw
04-01 12:04:02.112  1702  2572 D AppWidgetServiceImpl: Trying to notify widget update for package org.kustom.widget with widget id: 54
04-01 12:03:58.915 10049 10049 I [kworke][0x8c1bf49234b][19:04:02.456398] wlan: [10049:I:PMO] pmo_core_is_wow_applicable: lpass enabled, enabling wow
04-01 12:03:58.949 10049 10049 I [kworke][0x8c1bf532652][19:04:02.490572] wlan: [10049:I:PMO] pmo_core_psoc_send_host_wakeup_ind_to_fw: Host wakeup indication sent to fw
04-01 12:03:59.567 10049 10049 I [kworke][0x8c1c008256a][19:04:03.108373] wlan: [10049:I:PMO] pmo_core_is_wow_applicable: lpass enabled, enabling wow
04-01 12:04:03.118  1702  2572 D AppWidgetServiceImpl: Trying to notify widget update for package org.kustom.widget with widget id: 54
04-01 12:04:03.825  1702  2976 D NtMemoryManager: computeTargetAdj start
04-01 12:04:03.825  1702  2976 D NtMemoryManager: com.myinsta.android last pss: 0
04-01 12:04:03.825  1702  2976 D NtMemoryManager: com.google.android.youtube last pss: 606180
04-01 12:04:03.825  1702  2976 D NtMemoryManager: com.android.chrome last pss: 376757
04-01 12:04:03.826  1702  2976 D NtMemoryManager: com.google.android.googlequicksearchbox last pss: 104628
04-01 12:04:03.826  1702  2976 D NtMemoryManager: com.openbubbles.messaging last pss: 0
04-01 12:04:03.826  1702  2976 D NtMemoryManager: com.google.android.apps.messaging last pss: 506913
04-01 12:04:03.826  1702  2976 D NtMemoryManager: org.lds.ldssa last pss: 518331
04-01 12:04:03.826  1702  2976 D NtMemoryManager: com.spotify.music last pss: 482309
04-01 12:04:03.826  1702  2976 D NtMemoryManager: computeTargetAdj end
04-01 12:04:03.826  1702  2976 D NtMemoryManager: computeTargetAdj start
04-01 12:04:03.826  1702  2976 D NtMemoryManager: com.myinsta.android last pss: 0
04-01 12:04:03.826  1702  2976 D NtMemoryManager: com.google.android.youtube last pss: 606180
04-01 12:04:03.827  1702  2976 D NtMemoryManager: com.android.chrome last pss: 376757
04-01 12:04:03.827  1702  2976 D NtMemoryManager: com.google.android.googlequicksearchbox last pss: 104628
04-01 12:04:03.827  1702  2976 D NtMemoryManager: com.openbubbles.messaging last pss: 0
04-01 12:04:03.827  1702  2976 D NtMemoryManager: com.google.android.apps.messaging last pss: 506913
04-01 12:04:03.827  1702  2976 D NtMemoryManager: org.lds.ldssa last pss: 518331
04-01 12:04:03.827  1702  2976 D NtMemoryManager: com.spotify.music last pss: 482309
04-01 12:04:03.827  1702  2976 D NtMemoryManager: computeTargetAdj end
04-01 12:04:00.465  1709  1709 E [cnd][0x8c1c10f2bdb][19:04:04.006166] wlan: [1709:E:HDD] __wlan_hdd_cfg80211_stats_ext_request: Failed to get hw stats: 15
04-01 12:04:00.469 10049 10049 I [kworke][0x8c1c1106975][19:04:04.010400] wlan: [10049:I:PMO] pmo_core_psoc_send_host_wakeup_ind_to_fw: Host wakeup indication sent to fw
04-01 12:04:04.127  1702  2572 D AppWidgetServiceImpl: Trying to notify widget update for package org.kustom.widget with widget id: 54
04-01 12:04:01.059 10049 10049 I [kworke][0x8c1c1bd582f][19:04:04.600677] wlan: [10049:I:PMO] pmo_core_is_wow_applicable: lpass enabled, enabling wow
04-01 12:04:01.111  7835  7835 I sd 0    : 0:0:0: [sda] Synchronizing SCSI cache
04-01 12:04:01.572     0     0 I [    C2] [irq][0x8c1c253937f][19: 04:05.113470] wlan: [0:I:HIF] hif_pm_runtime_request_resume: Runtime PM resume is requested by hif_pm_runtime_check_and_request_resume [wlan]
04-01 12:04:01.573     0     0 E [    C2] [soft_i][0x8c1c253c218][19: 04:05.114089] wlan: [0:E:QDF] htc_rx_completion_handler: Received initial wake up
04-01 12:04:01.573 10049 10049 I [kworke][0x8c1c253f729][19:04:05.114797] wlan: [10049:I:PMO] pmo_core_psoc_send_host_wakeup_ind_to_fw: Host wakeup indication sent to fw
04-01 12:04:01.575     0     0 F [    C2] [soft_i][0x8c1c254834c][19: 04:05.116665] wlan: [0:F:WMA] WLAN triggered wakeup: BPF_ALLOW (39), vdev: 0 (STA)
04-01 12:04:05.131  1702  2572 D AppWidgetServiceImpl: Trying to notify widget update for package org.kustom.widget with widget id: 54
04-01 12:04:02.208 10049 10049 I [kworke][0x8c1c30e0b5f][19:04:05.749946] wlan: [10049:I:PMO] pmo_core_is_wow_applicable: lpass enabled, enabling wow
04-01 12:04:02.355  9382  9382 I [kworke][0x8c1c338eae1][19:04:05.896286] wlan: [9382:I:PMO] pmo_core_psoc_send_host_wakeup_ind_to_fw: Host wakeup indication sent to fw
04-01 12:04:06.120  1702  2572 D AppWidgetServiceImpl: Trying to notify widget update for package org.kustom.widget with widget id: 54
04-01 12:04:02.850  3791  3791 E simulated_ntc: proc_shell_write write invalid para
04-01 12:04:06.527  1702  2021 D NtMemoryManager: not set com.google.android.apps.messaging adj to 801
04-01 12:04:07.116  1702  2572 D AppWidgetServiceImpl: Trying to notify widget update for package org.kustom.widget with widget id: 54
04-01 12:04:03.984  1709  1709 E [cnd][0x8c1c5164bd5][19:04:07.525739] wlan: [1709:E:HDD] __wlan_hdd_cfg80211_stats_ext_request: Failed to get hw stats: 15
04-01 12:04:08.116  1702  2572 D AppWidgetServiceImpl: Trying to notify widget update for package org.kustom.widget with widget id: 54
04-01 12:04:04.755  9382  9382 I [kworke][0x8c1c5f81297][19:04:08.296389] wlan: [9382:I:PMO] pmo_core_is_wow_applicable: lpass enabled, enabling wow
04-01 12:04:09.116  1702  2572 D AppWidgetServiceImpl: Trying to notify widget update for package org.kustom.widget with widget id: 54
04-01 12:04:05.989 10049 10049 I [kworke][0x8c1c761ac2b][19:04:09.530650] wlan: [10049:I:PMO] pmo_core_psoc_send_host_wakeup_ind_to_fw: Host wakeup indication sent to fw
04-01 12:04:10.115  1702  2572 D AppWidgetServiceImpl: Trying to notify widget update for package org.kustom.widget with widget id: 54
04-01 12:04:06.640  7552  7552 I [kworke][0x8c1c82072ce][19:04:10.181832] wlan: [7552:I:PMO] pmo_core_is_wow_applicable: lpass enabled, enabling wow
04-01 12:04:10.484  1702  1702 D NtGlyphServiceImpl: onSensorChanged type = 65538, value = 0.0
04-01 12:04:10.484  1702  1702 D NtGlyphServiceImpl: setLedBrightness to 2625
04-01 12:04:06.945  1702  1702 I         : [aw210xx_led] aw210xx_setting_br_store 1197: aw210xx->setting_br:2625
04-01 12:04:07.364  6756  6756 I [kworke][0x8c1c8f46965][19:04:10.905333] wlan: [6756:I:PMO] pmo_core_psoc_send_host_wakeup_ind_to_fw: Host wakeup indication sent to fw
04-01 12:04:07.504  1709  1709 E [cnd][0x8c1c91d8b9c][19:04:11.045736] wlan: [1709:E:HDD] __wlan_hdd_cfg80211_stats_ext_request: Failed to get hw stats: 15
04-01 12:04:11.075  1702  3013 D NtMemoryManager: not set com.google.android.apps.messaging adj to 801
04-01 12:04:11.111  1702  2572 D AppWidgetServiceImpl: Trying to notify widget update for package org.kustom.widget with widget id: 54
04-01 12:04:07.848  3791  3791 E simulated_ntc: proc_shell_write write invalid para
04-01 12:04:11.622  1702  1702 D NtGlyphServiceImpl: onSensorChanged type = 65538, value = 1.0
04-01 12:04:11.622  1702  1702 D NtGlyphServiceImpl: setLedBrightness to 0
04-01 12:04:08.082  1702  1702 I         : [aw210xx_led] aw210xx_setting_br_store 1197: aw210xx->setting_br:0
04-01 12:04:08.217  6756  6756 I [kworke][0x8c1c9ee7329][19:04:11.758796] wlan: [6756:I:PMO] pmo_core_is_wow_applicable: lpass enabled, enabling wow
04-01 12:04:08.287  9382  9382 I [kworke][0x8c1ca02d0cd][19:04:11.828312] wlan: [9382:I:PMO] pmo_core_psoc_send_host_wakeup_ind_to_fw: Host wakeup indication sent to fw
04-01 12:04:08.437   622   622 W [FTS_TS]fts_input_report_b: [B]P0(492, 1133)[p:7,tm:48] DOWN!
04-01 12:04:12.108  1702  2572 D AppWidgetServiceImpl: Trying to notify widget update for package org.kustom.widget with widget id: 54
04-01 12:04:08.915   622   622 W [FTS_TS]fts_input_report_b: [B]P0 UP!
04-01 12:04:08.915   622   622 W [FTS_TS]fts_input_report_b: [B]Points All Up!
04-01 12:04:13.114  1702  2572 D AppWidgetServiceImpl: Trying to notify widget update for package org.kustom.widget with widget id: 54
04-01 12:04:10.130  9382  9382 I [kworke][0x8c1cc1ef915][19:04:13.672049] wlan: [9382:I:PMO] pmo_core_is_wow_applicable: lpass enabled, enabling wow
04-01 12:04:14.119  1702  2572 D AppWidgetServiceImpl: Trying to notify widget update for package org.kustom.widget with widget id: 54
04-01 12:04:11.024  1709  1709 E [cnd][0x8c1cd24ca71][19:04:14.565720] wlan: [1709:E:HDD] __wlan_hdd_cfg80211_stats_ext_request: Failed to get hw stats: 15
04-01 12:04:11.027  6673  6673 I [kworke][0x8c1cd25a7a1][19:04:14.568669] wlan: [6673:I:PMO] pmo_core_psoc_send_host_wakeup_ind_to_fw: Host wakeup indication sent to fw
04-01 12:04:15.117  1702  2572 D AppWidgetServiceImpl: Trying to notify widget update for package org.kustom.widget with widget id: 54
04-01 12:04:11.669  7552  7552 I [kworke][0x8c1cde1d6bd][19:04:15.211004] wlan: [7552:I:PMO] pmo_core_is_wow_applicable: lpass enabled, enabling wow
04-01 12:04:12.354  6673  6673 I [kworke][0x8c1ceaa890e][19:04:15.896048] wlan: [6673:I:PMO] pmo_core_psoc_send_host_wakeup_ind_to_fw: Host wakeup indication sent to fw
04-01 12:04:16.113  1702  2572 D AppWidgetServiceImpl: Trying to notify widget update for package org.kustom.widget with widget id: 54
04-01 12:04:12.846  3791  3791 E simulated_ntc: proc_shell_write write invalid para
04-01 12:04:17.084  1702  2021 D NtMemoryManager: not set com.google.android.apps.messaging adj to 801
04-01 12:04:17.114  1702  2572 D AppWidgetServiceImpl: Trying to notify widget update for package org.kustom.widget with widget id: 54
04-01 12:04:14.279  6673  6673 I [kworke][0x8c1d0de7188][19:04:17.820855] wlan: [6673:I:PMO] pmo_core_is_wow_applicable: lpass enabled, enabling wow
04-01 12:04:14.544  1709  1709 E [cnd][0x8c1d12c0fde][19:04:18.085793] wlan: [1709:E:HDD] __wlan_hdd_cfg80211_stats_ext_request: Failed to get hw stats: 15
04-01 12:04:14.547  6658  6658 I [kworke][0x8c1d12cf4e1][19:04:18.088846] wlan: [6658:I:PMO] pmo_core_psoc_send_host_wakeup_ind_to_fw: Host wakeup indication sent to fw
04-01 12:04:18.113  1702  2572 D AppWidgetServiceImpl: Trying to notify widget update for package org.kustom.widget with widget id: 54
04-01 12:04:18.120  1702  5551 D NtMemoryManager: not set com.google.android.apps.messaging adj to 801
04-01 12:04:15.082  7044  7044 I [schedu][0x8c1d1c9c221][19:04:18.624063] wlan: [7044:I:PE] RX: [802.11 BCN_RPT] seq:78 SSID:parkhouse-Guest BSSID:ff:ff:ff:ff:ff:ff Token:55 op_class:115 ch:36 meas_mode:1 meas_duration:50 max_dur: 1 sign: 0 max_meas_dur: 100
04-01 12:04:15.138  7044  7044 I [schedu][0x8c1d1da1042][19:04:18.679718] wlan: [7044:I:PE] TX: [802.11 BCN_RPT] seq_no:4038 dialog_token:54 no. of APs:3 is_last_rpt:1 num_report: 3 peer:ce:9e:43:a4:79:54
04-01 12:04:19.115  1702  2572 D AppWidgetServiceImpl: Trying to notify widget update for package org.kustom.widget with widget id: 54
04-01 12:04:15.716  6658  6658 I [kworke][0x8c1d2837343][19:04:19.257891] wlan: [6658:I:PMO] pmo_core_is_wow_applicable: lpass enabled, enabling wow
04-01 12:04:16.549  7552  7552 I [kworke][0x8c1d3775d13][19:04:20.090449] wlan: [7552:I:PMO] pmo_core_psoc_send_host_wakeup_ind_to_fw: Host wakeup indication sent to fw
04-01 12:04:20.118  1702  2572 D AppWidgetServiceImpl: Trying to notify widget update for package org.kustom.widget with widget id: 54
04-01 12:04:17.083  7552  7552 I [kworke][0x8c1d413d45c][19:04:20.624519] wlan: [7552:I:PMO] pmo_core_is_wow_applicable: lpass enabled, enabling wow
04-01 12:04:17.366  6658  6658 I [kworke][0x8c1d4669e99][19:04:20.907109] wlan: [6658:I:PMO] pmo_core_psoc_send_host_wakeup_ind_to_fw: Host wakeup indication sent to fw
04-01 12:04:21.141  1702  2572 D AppWidgetServiceImpl: Trying to notify widget update for package org.kustom.widget with widget id: 54
04-01 12:04:17.609  1150  1150 W healthd : battery l=75 v=4076 t=25.0 h=2 st=3 c=-440374 fc=3915000 cc=132 chg=
04-01 12:04:17.622  1150  1150 W HealthLoop: debug.nt.screen_brightness:3.747478
04-01 12:04:21.168  2676  2676 D BatteryHealthController: plugType=0
04-01 12:04:17.849  3791  3791 E simulated_ntc: proc_shell_write write invalid para
04-01 12:04:22.110  1702  2572 D AppWidgetServiceImpl: Trying to notify widget update for package org.kustom.widget with widget id: 54
04-01 12:04:19.217  6658  6658 I [kworke][0x8c1d6851b6a][19:04:22.758800] wlan: [6658:I:PMO] pmo_core_is_wow_applicable: lpass enabled, enabling wow
04-01 12:04:23.117  1702  2572 D AppWidgetServiceImpl: Trying to notify widget update for package org.kustom.widget with widget id: 54
04-01 12:04:20.080  1709  1709 E [cnd][0x8c1d7820350][19:04:23.622052] wlan: [1709:E:HDD] __wlan_hdd_cfg80211_stats_ext_request: Failed to get hw stats: 15
04-01 12:04:20.083  6673  6673 I [kworke][0x8c1d782d1e9][19:04:23.624806] wlan: [6673:I:PMO] pmo_core_psoc_send_host_wakeup_ind_to_fw: Host wakeup indication sent to fw
04-01 12:04:24.115  1702  2572 D AppWidgetServiceImpl: Trying to notify widget update for package org.kustom.widget with widget id: 54
04-01 12:04:24.130  1702  2021 D NtMemoryManager: not set com.google.android.apps.messaging adj to 801
04-01 12:04:24.171  1702  5551 D NtMemoryManager: not set com.google.android.apps.messaging adj to 801
04-01 12:04:20.720  6673  6673 I [kworke][0x8c1d83d447f][19:04:24.261214] wlan: [6673:I:PMO] pmo_core_is_wow_applicable: lpass enabled, enabling wow
04-01 12:04:25.131  1702  2572 D AppWidgetServiceImpl: Trying to notify widget update for package org.kustom.widget with widget id: 54
04-01 12:04:22.085  7552  7552 I [kworke][0x8c1d9cd5a25][19:04:25.626836] wlan: [7552:I:PMO] pmo_core_psoc_send_host_wakeup_ind_to_fw: Host wakeup indication sent to fw
04-01 12:04:26.125  1702  2572 D AppWidgetServiceImpl: Trying to notify widget update for package org.kustom.widget with widget id: 54
04-01 12:04:22.846  3791  3791 E simulated_ntc: proc_shell_write write invalid para
04-01 12:04:27.122  1702  2572 D AppWidgetServiceImpl: Trying to notify widget update for package org.kustom.widget with widget id: 54
04-01 12:04:23.600  1709  1709 E [cnd][0x8c1db892999][19:04:27.141709] wlan: [1709:E:HDD] __wlan_hdd_cfg80211_stats_ext_request: Failed to get hw stats: 15
04-01 12:04:24.229  7552  7552 I [kworke][0x8c1dc415aa0][19:04:27.770416] wlan: [7552:I:PMO] pmo_core_is_wow_applicable: lpass enabled, enabling wow
04-01 12:04:24.466  7835  7835 I [kworke][0x8c1dc86eb15][19:04:28.007862] wlan: [7835:I:PMO] pmo_core_psoc_send_host_wakeup_ind_to_fw: Host wakeup indication sent to fw
04-01 12:04:28.116  1702  2572 D AppWidgetServiceImpl: Trying to notify widget update for package org.kustom.widget with widget id: 54
04-01 12:04:29.116  1702  2572 D AppWidgetServiceImpl: Trying to notify widget update for package org.kustom.widget with widget id: 54
04-01 12:04:26.230  7835  7835 I [kworke][0x8c1de8babf8][19:04:29.771714] wlan: [7835:I:PMO] pmo_core_is_wow_applicable: lpass enabled, enabling wow
04-01 12:04:30.116  1702  2572 D AppWidgetServiceImpl: Trying to notify widget update for package org.kustom.widget with widget id: 54
04-01 12:04:30.183  1702  2021 D NtMemoryManager: not set com.google.android.apps.messaging adj to 801
04-01 12:04:27.120  1709  1709 E [cnd][0x8c1df907c4a][19:04:30.661959] wlan: [1709:E:HDD] __wlan_hdd_cfg80211_stats_ext_request: Failed to get hw stats: 15
04-01 12:04:27.124  6673  6673 I [kworke][0x8c1df91842d][19:04:30.665477] wlan: [6673:I:PMO] pmo_core_psoc_send_host_wakeup_ind_to_fw: Host wakeup indication sent to fw
04-01 12:04:30.707  1702  5849 D NtMemoryManager: not set com.google.android.apps.messaging adj to 801
04-01 12:04:31.114  1702  2572 D AppWidgetServiceImpl: Trying to notify widget update for package org.kustom.widget with widget id: 54
04-01 12:04:27.851  3791  3791 E simulated_ntc: proc_shell_write write invalid para
04-01 12:04:32.113  1702  2572 D AppWidgetServiceImpl: Trying to notify widget update for package org.kustom.widget with widget id: 54
04-01 12:04:33.113  1702  2572 D AppWidgetServiceImpl: Trying to notify widget update for package org.kustom.widget with widget id: 54
04-01 12:04:29.940  6673  6673 I [kworke][0x8c1e2ca68e7][19:04:33.481113] wlan: [6673:I:PMO] pmo_core_is_wow_applicable: lpass enabled, enabling wow
