04-01 12:06:49.864  9382  9382 I [kworke][0x8c282ebfcf9][19:06:53.405861] wlan: [9382:I:PMO] pmo_core_is_wow_applicable: lpass enabled, enabling wow
04-01 12:06:49.904  1709  1709 E [cnd][0x8c282f79e89][19:06:53.445561] wlan: [1709:E:HDD] __wlan_hdd_cfg80211_stats_ext_request: Failed to get hw stats: 15
04-01 12:06:49.905  6658  6658 I [kworke][0x8c282f809e2][19:06:53.446993] wlan: [6658:I:PMO] pmo_core_psoc_send_host_wakeup_ind_to_fw: Host wakeup indication sent to fw
04-01 12:06:49.916   622   622 W [FTS_TS]fts_input_report_b: [B]P0(834, 2023)[p:6,tm:64] DOWN!
04-01 12:06:50.543  6658  6658 I [kworke][0x8c283b2cb1b][19:06:54.084449] wlan: [6658:I:PMO] pmo_core_is_wow_applicable: lpass enabled, enabling wow
04-01 12:06:54.112  1702  2572 D AppWidgetServiceImpl: Trying to notify widget update for package org.kustom.widget with widget id: 54
04-01 12:06:51.327   622   622 W [FTS_TS]fts_input_report_b: [B]P0 UP!
04-01 12:06:51.327   622   622 W [FTS_TS]fts_input_report_b: [B]Points All Up!
04-01 12:06:55.120  1702  2572 D AppWidgetServiceImpl: Trying to notify widget update for package org.kustom.widget with widget id: 54
04-01 12:06:51.908  6658  6658 I [kworke][0x8c28542d49b][19:06:55.449909] wlan: [6658:I:PMO] pmo_core_psoc_send_host_wakeup_ind_to_fw: Host wakeup indication sent to fw
04-01 12:06:55.961  1702  2021 D NtMemoryManager: not set com.google.android.apps.messaging adj to 801
04-01 12:06:52.550  6658  6658 I [kworke][0x8c285feee57][19:06:56.091959] wlan: [6658:I:PMO] pmo_core_is_wow_applicable: lpass enabled, enabling wow
04-01 12:06:56.117  1702  2572 D AppWidgetServiceImpl: Trying to notify widget update for package org.kustom.widget with widget id: 54
04-01 12:06:52.847  3791  3791 E simulated_ntc: proc_shell_write write invalid para
04-01 12:06:53.359  6658  6658 I [kworke][0x8c286ebdfe4][19:06:56.900726] wlan: [6658:I:PMO] pmo_core_psoc_send_host_wakeup_ind_to_fw: Host wakeup indication sent to fw
04-01 12:06:53.425  1709  1709 E [cnd][0x8c286ff056e][19:06:56.966080] wlan: [1709:E:HDD] __wlan_hdd_cfg80211_stats_ext_request: Failed to get hw stats: 15
04-01 12:06:57.005  1702  5834 D NtMemoryManager: not set com.google.android.apps.messaging adj to 801
04-01 12:06:57.119  1702  2572 D AppWidgetServiceImpl: Trying to notify widget update for package org.kustom.widget with widget id: 54
04-01 12:06:54.132  6658  6658 I [kworke][0x8c287ce3f1d][19:06:57.673409] wlan: [6658:I:PMO] pmo_core_is_wow_applicable: lpass enabled, enabling wow
04-01 12:06:58.118  1702  2572 D AppWidgetServiceImpl: Trying to notify widget update for package org.kustom.widget with widget id: 54
04-01 12:06:55.177 10945 10945 I [kworke][0x8c289008143][19:06:58.718771] wlan: [10945:I:PMO] pmo_core_psoc_send_host_wakeup_ind_to_fw: Host wakeup indication sent to fw
04-01 12:06:58.799  1702  2477 D ActivityManager: freezing 15553 com.google.android.gms
04-01 12:06:59.118  1702  2572 D AppWidgetServiceImpl: Trying to notify widget update for package org.kustom.widget with widget id: 54
04-01 12:06:55.977   622   622 W [FTS_TS]fts_input_report_b: [B]P0(847, 1630)[p:2,tm:32] DOWN!
04-01 12:06:56.203 10850 10850 I msm_vidc: high: 00000001:  vp9d: Closed video instance: 0000000000000000
04-01 12:06:56.249   622   622 W [FTS_TS]fts_input_report_b: [B]P0 UP!
04-01 12:06:56.249   622   622 W [FTS_TS]fts_input_report_b: [B]Points All Up!
04-01 12:06:56.260 10945 10945 I [kworke][0x8c28a3dbd89][19:06:59.801601] wlan: [10945:I:PMO] pmo_core_is_wow_applicable: lpass enabled, enabling wow
04-01 12:07:00.008  2704  2704 V KeyguardStatusViewController: onTimeChanged
04-01 12:07:00.020  2704  2704 V KeyguardStatusViewController: onTimeChanged
04-01 12:07:00.118  1702  2572 D AppWidgetServiceImpl: Trying to notify widget update for package org.kustom.widget with widget id: 54
04-01 12:06:56.713   622   622 W [FTS_TS]fts_input_report_b: [B]P0(652, 1884)[p:5,tm:48] DOWN!
04-01 12:06:56.771   622   622 W [FTS_TS]fts_input_report_b: [B]P0 UP!
04-01 12:06:56.771   622   622 W [FTS_TS]fts_input_report_b: [B]Points All Up!
04-01 12:06:56.944  1709  1709 E [cnd][0x8c28b06262b][19:07:00.485663] wlan: [1709:E:HDD] __wlan_hdd_cfg80211_stats_ext_request: Failed to get hw stats: 15
04-01 12:06:56.948 10945 10945 I [kworke][0x8c28b07364f][19:07:00.489292] wlan: [10945:I:PMO] pmo_core_psoc_send_host_wakeup_ind_to_fw: Host wakeup indication sent to fw
04-01 12:07:00.572  1702  5834 D ActivityManager: sync unfroze 15553 com.google.android.gms for 6
04-01 12:06:57.297   622   622 W [FTS_TS]fts_input_report_b: [B]P0(921, 1950)[p:3,tm:32] DOWN!
04-01 12:07:00.871  1702  2976 D NtMemoryManager: computeTargetAdj start
04-01 12:07:00.871  1702  2976 D NtMemoryManager: com.myinsta.android last pss: 0
04-01 12:07:00.872  1702  2976 D NtMemoryManager: com.google.android.youtube last pss: 606180
04-01 12:07:00.872  1702  2976 D NtMemoryManager: com.android.chrome last pss: 376757
04-01 12:07:00.872  1702  2976 D NtMemoryManager: com.google.android.googlequicksearchbox last pss: 104628
04-01 12:07:00.872  1702  2976 D NtMemoryManager: com.openbubbles.messaging last pss: 0
04-01 12:07:00.872  1702  2976 D NtMemoryManager: com.google.android.apps.messaging last pss: 506913
04-01 12:07:00.872  1702  2976 D NtMemoryManager: org.lds.ldssa last pss: 518331
04-01 12:07:00.872  1702  2976 D NtMemoryManager: com.spotify.music last pss: 482309
04-01 12:07:00.872  1702  2976 D NtMemoryManager: computeTargetAdj end
04-01 12:06:57.555   622   622 W [FTS_TS]fts_input_report_b: [B]P0 UP!
04-01 12:06:57.555   622   622 W [FTS_TS]fts_input_report_b: [B]Points All Up!
04-01 12:07:01.113  1702  2572 D AppWidgetServiceImpl: Trying to notify widget update for package org.kustom.widget with widget id: 54
04-01 12:06:57.574 10945 10945 I [kworke][0x8c28bbe8f4d][19:07:01.115118] wlan: [10945:I:PMO] pmo_core_is_wow_applicable: lpass enabled, enabling wow
04-01 12:06:57.604  1150  1150 W healthd : battery l=74 v=4064 t=25.0 h=2 st=3 c=-654611 fc=3915000 cc=132 chg=
04-01 12:06:57.618  1150  1150 W HealthLoop: debug.nt.screen_brightness:3.747478
04-01 12:07:01.162  2676  2676 D BatteryHealthController: plugType=0
04-01 12:06:57.714  7393  7393 I msm_vidc: err : ffffffff: .....: DBLP Set: status 0
04-01 12:06:57.846  3791  3791 E simulated_ntc: proc_shell_write write invalid para
04-01 12:06:58.363  6658  6658 I [kworke][0x8c28ca5d907][19:07:01.904581] wlan: [6658:I:PMO] pmo_core_psoc_send_host_wakeup_ind_to_fw: Host wakeup indication sent to fw
04-01 12:07:02.118  1702  2572 D AppWidgetServiceImpl: Trying to notify widget update for package org.kustom.widget with widget id: 54
04-01 12:07:03.013  1702  2021 D NtMemoryManager: not set com.google.android.apps.messaging adj to 801
04-01 12:06:59.558  6658  6658 I [kworke][0x8c28e03d261][19:07:03.099159] wlan: [6658:I:PMO] pmo_core_is_wow_applicable: lpass enabled, enabling wow
04-01 12:07:03.115  1702  2572 D AppWidgetServiceImpl: Trying to notify widget update for package org.kustom.widget with widget id: 54
04-01 12:06:59.746     0     0 I [    C0] [irq][0x8c28e3b12c8][19: 07:03.287754] wlan: [0:I:HIF] hif_pm_runtime_request_resume: Runtime PM resume is requested by hif_pm_runtime_check_and_request_resume [wlan]
04-01 12:06:59.747     0     0 E [    C0] [soft_i][0x8c28e3b51c8][19: 07:03.288592] wlan: [0:E:QDF] htc_rx_completion_handler: Received initial wake up
04-01 12:06:59.749     0     0 I [    C0] [soft_i][0x8c28e3bfce3][19: 07:03.290874] wlan: [0:I:HIF] hif_pm_runtime_request_resume: Runtime PM resume is requested by hif_pm_runtime_check_and_request_resume [wlan]
04-01 12:06:59.750 10945 10945 I [kworke][0x8c28e3c3998][19:07:03.291682] wlan: [10945:I:PMO] pmo_core_psoc_send_host_wakeup_ind_to_fw: Host wakeup indication sent to fw
04-01 12:06:59.751  7044  7044 I [schedu][0x8c28e3ca05e][19:07:03.293053] wlan: [7044:I:PE] RX: [802.11 BCN_RPT] seq:87 SSID:parkhouse-Guest BSSID:ff:ff:ff:ff:ff:ff Token:64 op_class:115 ch:36 meas_mode:1 meas_duration:50 max_dur: 1 sign: 0 max_meas_dur: 100
04-01 12:06:59.752     0     0 F [    C0] [soft_i][0x8c28e3ce825][19: 07:03.294010] wlan: [0:F:WMA] WLAN triggered wakeup: ACTION_FRAME_RECV (38), vdev: 0 (STA)
04-01 12:06:59.810  7044  7044 I [schedu][0x8c28e4dbc07][19:07:03.351448] wlan: [7044:I:PE] TX: [802.11 BCN_RPT] seq_no:4047 dialog_token:63 no. of APs:3 is_last_rpt:1 num_report: 3 peer:ce:9e:43:a4:79:54
04-01 12:07:00.380 10945 10945 I [kworke][0x8c28ef4b4f5][19:07:03.921380] wlan: [10945:I:PMO] pmo_core_is_wow_applicable: lpass enabled, enabling wow
04-01 12:07:00.464  1709  1709 E [cnd][0x8c28f0d664a][19:07:04.005665] wlan: [1709:E:HDD] __wlan_hdd_cfg80211_stats_ext_request: Failed to get hw stats: 15
04-01 12:07:00.471 10902 10902 I [kworke][0x8c28f0f4c6b][19:07:04.012146] wlan: [10902:I:PMO] pmo_core_psoc_send_host_wakeup_ind_to_fw: Host wakeup indication sent to fw
04-01 12:07:04.116  1702  2572 D AppWidgetServiceImpl: Trying to notify widget update for package org.kustom.widget with widget id: 54
04-01 12:07:01.031 10902 10902 I [kworke][0x8c28fb3752c][19:07:04.572477] wlan: [10902:I:PMO] pmo_core_is_wow_applicable: lpass enabled, enabling wow
04-01 12:07:05.126  1702  2572 D AppWidgetServiceImpl: Trying to notify widget update for package org.kustom.widget with widget id: 54
04-01 12:07:02.068 10945 10945 I [kworke][0x8c290e33475][19:07:05.609267] wlan: [10945:I:PMO] pmo_core_psoc_send_host_wakeup_ind_to_fw: Host wakeup indication sent to fw
04-01 12:07:06.127  1702  2572 D AppWidgetServiceImpl: Trying to notify widget update for package org.kustom.widget with widget id: 54
04-01 12:07:02.848  3791  3791 E simulated_ntc: proc_shell_write write invalid para
04-01 12:07:03.086 10945 10945 I [kworke][0x8c2920d8279][19:07:06.627481] wlan: [10945:I:PMO] pmo_core_is_wow_applicable: lpass enabled, enabling wow
04-01 12:07:03.370 10945 10945 I [kworke][0x8c29260cc4f][19:07:06.911772] wlan: [10945:I:PMO] pmo_core_psoc_send_host_wakeup_ind_to_fw: Host wakeup indication sent to fw
04-01 12:07:07.129  1702  2572 D AppWidgetServiceImpl: Trying to notify widget update for package org.kustom.widget with widget id: 54
04-01 12:07:03.985  1709  1709 E [cnd][0x8c29314c4a9][19:07:07.526070] wlan: [1709:E:HDD] __wlan_hdd_cfg80211_stats_ext_request: Failed to get hw stats: 15
04-01 12:07:07.561  1702  5814 D NtMemoryManager: not set com.google.android.apps.messaging adj to 801
04-01 12:07:04.410   622   622 W [FTS_TS]fts_input_report_b: [B]P0(690, 1903)[p:9,tm:64] DOWN!
04-01 12:07:08.110  1702  2572 D AppWidgetServiceImpl: Trying to notify widget update for package org.kustom.widget with widget id: 54
04-01 12:07:04.797   622   622 W [FTS_TS]fts_input_report_b: [B]P0 UP!
04-01 12:07:04.797   622   622 W [FTS_TS]fts_input_report_b: [B]Points All Up!
04-01 12:07:05.171 10945 10945 I [kworke][0x8c294704e9a][19:07:08.712336] wlan: [10945:I:PMO] pmo_core_is_wow_applicable: lpass enabled, enabling wow
04-01 12:07:09.116  1702  2572 D AppWidgetServiceImpl: Trying to notify widget update for package org.kustom.widget with widget id: 54
04-01 12:07:05.709 10945 10945 I [kworke][0x8c2950df6bc][19:07:09.250471] wlan: [10945:I:PMO] pmo_core_psoc_send_host_wakeup_ind_to_fw: Host wakeup indication sent to fw
04-01 12:07:06.485   622   622 W [FTS_TS]fts_input_report_b: [B]P0(738, 1913)[p:4,tm:16] DOWN!
04-01 12:07:10.111  1702  2572 D AppWidgetServiceImpl: Trying to notify widget update for package org.kustom.widget with widget id: 54
04-01 12:07:06.612 10945 10945 I [kworke][0x8c29616a765][19:07:10.153946] wlan: [10945:I:PMO] pmo_core_is_wow_applicable: lpass enabled, enabling wow
04-01 12:07:06.634 10945 10945 I [kworke][0x8c2961ce957][19:07:10.175305] wlan: [10945:I:HIF] hif_try_complete_tasks: waiting for tasklets 0 grp tasklets 0 work 2
04-01 12:07:06.721   622   622 W [FTS_TS]fts_input_report_b: [B]P0 UP!
04-01 12:07:06.721   622   622 W [FTS_TS]fts_input_report_b: [B]Points All Up!
04-01 12:07:06.772  9048  9048 I [kworke][0x8c296457d0e][19:07:10.313808] wlan: [9048:I:PMO] pmo_core_psoc_send_host_wakeup_ind_to_fw: Host wakeup indication sent to fw
04-01 12:07:07.133   622   622 W [FTS_TS]fts_input_report_b: [B]P0(757, 2000)[p:5,tm:48] DOWN!
04-01 12:07:07.501   622   622 W [FTS_TS]fts_input_report_b: [B]P0 UP!
04-01 12:07:07.501   622   622 W [FTS_TS]fts_input_report_b: [B]Points All Up!
04-01 12:07:07.504  1709  1709 E [cnd][0x8c2971be5bb][19:07:11.045657] wlan: [1709:E:HDD] __wlan_hdd_cfg80211_stats_ext_request: Failed to get hw stats: 15
04-01 12:07:11.116  1702  2572 D AppWidgetServiceImpl: Trying to notify widget update for package org.kustom.widget with widget id: 54
04-01 12:07:07.847  3791  3791 E simulated_ntc: proc_shell_write write invalid para
04-01 12:07:12.119  1702  2572 D AppWidgetServiceImpl: Trying to notify widget update for package org.kustom.widget with widget id: 54
04-01 12:07:13.117  1702  2572 D AppWidgetServiceImpl: Trying to notify widget update for package org.kustom.widget with widget id: 54
04-01 12:07:13.576  1702  2021 D NtMemoryManager: not set com.google.android.apps.messaging adj to 801
04-01 12:07:14.117  1702  2572 D AppWidgetServiceImpl: Trying to notify widget update for package org.kustom.widget with widget id: 54
04-01 12:07:11.024  1709  1709 E [cnd][0x8c29b232c9c][19:07:14.565749] wlan: [1709:E:HDD] __wlan_hdd_cfg80211_stats_ext_request: Failed to get hw stats: 15
04-01 12:07:14.604  1702  5802 D NtMemoryManager: not set com.google.android.apps.messaging adj to 801
04-01 12:07:15.127  1702  2572 D AppWidgetServiceImpl: Trying to notify widget update for package org.kustom.widget with widget id: 54
04-01 12:07:16.128  1702  2572 D AppWidgetServiceImpl: Trying to notify widget update for package org.kustom.widget with widget id: 54
04-01 12:07:12.846  3791  3791 E simulated_ntc: proc_shell_write write invalid para
04-01 12:07:17.128  1702  2572 D AppWidgetServiceImpl: Trying to notify widget update for package org.kustom.widget with widget id: 54
04-01 12:07:14.544  1709  1709 E [cnd][0x8c29f2a6bd3][19:07:18.085739] wlan: [1709:E:HDD] __wlan_hdd_cfg80211_stats_ext_request: Failed to get hw stats: 15
04-01 12:07:18.125  1702  2572 D AppWidgetServiceImpl: Trying to notify widget update for package org.kustom.widget with widget id: 54
04-01 12:07:18.783  1702  2477 D ActivityManager: freezing 15553 com.google.android.gms
04-01 12:07:19.118  1702  2572 D AppWidgetServiceImpl: Trying to notify widget update for package org.kustom.widget with widget id: 54
04-01 12:07:20.117  1702  2572 D AppWidgetServiceImpl: Trying to notify widget update for package org.kustom.widget with widget id: 54
04-01 12:07:20.614  1702  2021 D NtMemoryManager: not set com.google.android.apps.messaging adj to 801
04-01 12:07:17.334  6658  6658 I sd 0    : 0:0:0: [sda] Synchronizing SCSI cache
04-01 12:07:21.117  1702  2572 D AppWidgetServiceImpl: Trying to notify widget update for package org.kustom.widget with widget id: 54
04-01 12:07:17.609  1150  1150 W healthd : battery l=74 v=4078 t=25.0 h=2 st=3 c=-379643 fc=3915000 cc=132 chg=
04-01 12:07:17.624  1150  1150 W HealthLoop: debug.nt.screen_brightness:3.747478
04-01 12:07:21.176  2676  2676 D BatteryHealthController: plugType=0
04-01 12:07:17.847  3791  3791 E simulated_ntc: proc_shell_write write invalid para
04-01 12:07:18.064  1709  1709 E [cnd][0x8c2a331a484][19:07:21.605641] wlan: [1709:E:HDD] __wlan_hdd_cfg80211_stats_ext_request: Failed to get hw stats: 15
04-01 12:07:21.625  1702  5802 D NtMemoryManager: not set com.google.android.apps.messaging adj to 801
04-01 12:07:21.740  1702  5834 D ActivityManager: sync unfroze 15553 com.google.android.gms for 6
04-01 12:07:22.128  1702  2572 D AppWidgetServiceImpl: Trying to notify widget update for package org.kustom.widget with widget id: 54
04-01 12:07:23.126  1702  2572 D AppWidgetServiceImpl: Trying to notify widget update for package org.kustom.widget with widget id: 54
04-01 12:07:24.128  1702  2572 D AppWidgetServiceImpl: Trying to notify widget update for package org.kustom.widget with widget id: 54
04-01 12:07:25.129  1702  2572 D AppWidgetServiceImpl: Trying to notify widget update for package org.kustom.widget with widget id: 54
04-01 12:07:21.584  1709  1709 E [cnd][0x8c2a738e1fd][19:07:25.125607] wlan: [1709:E:HDD] __wlan_hdd_cfg80211_stats_ext_request: Failed to get hw stats: 15
04-01 12:07:26.128  1702  2572 D AppWidgetServiceImpl: Trying to notify widget update for package org.kustom.widget with widget id: 54
04-01 12:07:22.846  3791  3791 E simulated_ntc: proc_shell_write write invalid para
04-01 12:07:27.128  1702  2572 D AppWidgetServiceImpl: Trying to notify widget update for package org.kustom.widget with widget id: 54
04-01 12:07:27.640  1702  2021 D NtMemoryManager: not set com.google.android.apps.messaging adj to 801
04-01 12:07:28.118  1702  2572 D AppWidgetServiceImpl: Trying to notify widget update for package org.kustom.widget with widget id: 54
04-01 12:07:25.104  1709  1709 E [cnd][0x8c2ab4044a6][19:07:28.646070] wlan: [1709:E:HDD] __wlan_hdd_cfg80211_stats_ext_request: Failed to get hw stats: 15
04-01 12:07:29.119  1702  2572 D AppWidgetServiceImpl: Trying to notify widget update for package org.kustom.widget with widget id: 54
04-01 12:07:25.870   622   622 W [FTS_TS]fts_input_report_b: [B]P0(745, 1254)[p:8,tm:48] DOWN!
04-01 12:07:26.147   622   622 W [FTS_TS]fts_input_report_b: [B]P0 UP!
04-01 12:07:26.147   622   622 W [FTS_TS]fts_input_report_b: [B]Points All Up!
04-01 12:07:30.111  1702  2572 D AppWidgetServiceImpl: Trying to notify widget update for package org.kustom.widget with widget id: 54
04-01 12:07:26.850   622   622 W [FTS_TS]fts_input_report_b: [B]P0(443, 1881)[p:7,tm:64] DOWN!
04-01 12:07:27.154   622   622 W [FTS_TS]fts_input_report_b: [B]P0 UP!
04-01 12:07:27.154   622   622 W [FTS_TS]fts_input_report_b: [B]Points All Up!
04-01 12:07:27.260 11107 11107 I msm_vidc: high: 00000001: ....d: Opening video instance: 0000000000000000, 1
04-01 12:07:27.260 11107 11107 I msm_vidc: err : 00000001: ....d: Failed to create debugfs for msm_vidc
04-01 12:07:31.109  1702  2572 D AppWidgetServiceImpl: Trying to notify widget update for package org.kustom.widget with widget id: 54
04-01 12:07:27.850  3791  3791 E simulated_ntc: proc_shell_write write invalid para
04-01 12:07:32.119  1702  2572 D AppWidgetServiceImpl: Trying to notify widget update for package org.kustom.widget with widget id: 54
04-01 12:07:28.624  1709  1709 E [cnd][0x8c2af4768c4][19:07:32.165698] wlan: [1709:E:HDD] __wlan_hdd_cfg80211_stats_ext_request: Failed to get hw stats: 15
04-01 12:07:33.119  1702  2572 D AppWidgetServiceImpl: Trying to notify widget update for package org.kustom.widget with widget id: 54
04-01 12:07:30.493  6673  6673 I [kworke][0x8c2b16b0047][19:07:34.034811] wlan: [6673:I:PMO] pmo_core_is_wow_applicable: lpass enabled, enabling wow
04-01 12:07:34.118  1702  2572 D AppWidgetServiceImpl: Trying to notify widget update for package org.kustom.widget with widget id: 54
04-01 12:07:30.629 10902 10902 I [kworke][0x8c2b192c3b5][19:07:34.170537] wlan: [10902:I:PMO] pmo_core_psoc_send_host_wakeup_ind_to_fw: Host wakeup indication sent to fw
04-01 12:07:35.115  1702  2572 D AppWidgetServiceImpl: Trying to notify widget update for package org.kustom.widget with widget id: 54
04-01 12:07:35.190  1702  1702 W ProcessStats: Tracking association SourceState{bd0993 system/1000 ImpFg #1133281} whose proc state 5 is better than process ProcessState{c049d04 com.google.android.tts/10126 pkg=com.google.android.tts} proc state 14 (4 skipped)
04-01 12:07:35.194  1702  2466 D CompatChangeReporter: Compat change id reported: 151861875; UID 10206; state: ENABLED
04-01 12:07:35.210  1702  2024 I ActivityManager: Start proc 11112:com.espn.score_center/u0a206 for service {com.espn.score_center/androidx.work.impl.background.systemjob.SystemJobService}
04-01 12:07:31.713 11112 11112 I binder  : 11112:11112 ioctl 40046210 7fd85ece24 returned -22
04-01 12:07:32.144  1709  1709 E [cnd][0x8c2b34e9f3d][19:07:35.685571] wlan: [1709:E:HDD] __wlan_hdd_cfg80211_stats_ext_request: Failed to get hw stats: 15
04-01 12:07:35.698  1702  2566 W JobServiceContext: Sending onNetworkChanged for a job that isn't started. JobStatus{fe68ab0 androidx.work.systemjobscheduler:u0a206/4043 @androidx.work.systemjobscheduler@com.espn.score_center/androidx.work.impl.background.systemjob.SystemJobService u=0 s=10206 TIME=-51s573ms:none NET READY}
04-01 12:07:35.712  1702  5802 D NtMemoryManager: not set com.google.android.apps.messaging adj to 801
04-01 12:07:35.789  1702  5834 D CompatChangeReporter: Compat change id reported: 319212206; UID 10206; state: ENABLED
04-01 12:07:32.488 11112 11112 I binder  : 11112:11112 ioctl 40046210 7fd85eb794 returned -22
04-01 12:07:36.120  1702  2572 D AppWidgetServiceImpl: Trying to notify widget update for package org.kustom.widget with widget id: 54
04-01 12:07:32.776  1282  1282 I qcedev_ioctl: info: vaddr = ffc00000
04-01 12:07:32.779 10902 10902 I [kworke][0x8c2b408bf8d][19:07:36.320882] wlan: [10902:I:PMO] pmo_core_is_wow_applicable: lpass enabled, enabling wow
04-01 12:07:32.783  1282  1282 I qcedev_ioctl: info: vaddr = ff800000
04-01 12:07:32.789  1282  1282 I qcedev_ioctl: info: vaddr = ff400000
04-01 12:07:32.817 10902 10902 I [kworke][0x8c2b413c6d6][19:07:36.358525] wlan: [10902:I:HIF] hif_try_complete_tasks: waiting for tasklets 0 grp tasklets 0 work 2
04-01 12:07:32.847  3791  3791 E simulated_ntc: proc_shell_write write invalid para
04-01 12:07:36.675  1702  2466 W JobServiceContext: Sending onNetworkChanged for a job that isn't started. JobStatus{fe68ab0 androidx.work.systemjobscheduler:u0a206/4043 @androidx.work.systemjobscheduler@com.espn.score_center/androidx.work.impl.background.systemjob.SystemJobService u=0 s=10206 TIME=-52s550ms:none NET READY}
04-01 12:07:36.683  1702  5834 D CompatChangeReporter: Compat change id reported: 297989574; UID 10206; state: ENABLED
04-01 12:07:36.696 11112 11112 V ResourcesManager: The following library key has been added: ResourcesKey{ mHash=5cf509c8 mResDir=null mSplitDirs=[] mOverlayDirs=[/product/overlay/NavigationBarModeGestural/NavigationBarModeGesturalOverlay.apk,/data/resource-cache/com.android.systemui-neutral-8PM6.frro,/data/resource-cache/com.android.systemui-accent-YBJc.frro,/data/resource-cache/com.android.systemui-dynamic-kNnG.frro] mLibDirs=[/data/app/~~5pV5RTV8qL3slQuEiwS-3w==/com.google.android.webview-t-xwepLENDee9hDQS97A5g==/base.apk,/data/app/~~6QxpEgaadRMPnPfUBCxCfA==/com.google.android.trichromelibrary_699813533-E8llR8zIYFryc9EAFDICVg==/base.apk,/system_ext/framework/androidx.window.extensions.jar] mDisplayId=0 mOverrideConfig=v35 mCompatInfo={420dpi always-compat} mLoaders=[]}
04-01 12:07:33.195 10902 10902 I [kworke][0x8c2b482ab36][19:07:36.737037] wlan: [10902:I:PMO] pmo_core_psoc_send_host_wakeup_ind_to_fw: Host wakeup indication sent to fw
04-01 12:07:33.200  1282  1282 I qcedev_ioctl: info: vaddr = ffc00000
04-01 12:07:33.203  1282  1282 I qcedev_ioctl: info: vaddr = ff800000
04-01 12:07:33.206  1282  1282 I qcedev_ioctl: info: vaddr = ff400000
04-01 12:07:36.797  1702  2024 I ActivityManager: Start proc 11257:com.google.android.webview:sandboxed_process0:org.chromium.content.app.SandboxedProcessService0:0/u0i960 for  {com.espn.score_center/org.chromium.content.app.SandboxedProcessService0:0}
04-01 12:07:33.278 11257 11257 I binder  : 11257:11257 ioctl 40046210 7fd85ec274 returned -22
04-01 12:07:33.293   636   636 W servicemanager: Isolated app with UID 99960 requested 'network_management', but the service is not allowed for isolated apps.
04-01 12:07:33.296   636   636 W servicemanager: Isolated app with UID 99960 requested 'connectivity', but the service is not allowed for isolated apps.
04-01 12:07:33.301   636   636 W servicemanager: Isolated app with UID 99960 requested 'content_capture', but the service is not allowed for isolated apps.
04-01 12:07:36.865  1702  5551 D ActivityManager: sync unfroze 7031 com.google.android.webview:webview_service for 6
04-01 12:07:33.392  1148  1148 I qcedev_ioctl: info: vaddr = ffc00000
04-01 12:07:33.396  1148  1148 I qcedev_ioctl: info: vaddr = ff800000
04-01 12:07:33.403  1148  1148 I qcedev_ioctl: info: vaddr = ff400000
04-01 12:07:33.494   636   636 W servicemanager: Isolated app with UID 99960 requested 'uimode', but the service is not allowed for isolated apps.
04-01 12:07:37.079  1702  5551 D CompatChangeReporter: Compat change id reported: 311402873; UID 10206; state: ENABLED
04-01 12:07:37.079  1702  5551 D CompatChangeReporter: Compat change id reported: 323349338; UID 10206; state: ENABLED
04-01 12:07:37.106  1702  1702 D CompatChangeReporter: Compat change id reported: 311208629; UID 10206; state: ENABLED
04-01 12:07:37.110  1702  1702 W JobScheduler: Job didn't exist in JobStore: fe68ab0 {androidx.work.systemjobscheduler} #u0a206/4043 @androidx.work.systemjobscheduler@com.espn.score_center/androidx.work.impl.background.systemjob.SystemJobService
04-01 12:07:37.114  1702  2572 D AppWidgetServiceImpl: Trying to notify widget update for package org.kustom.widget with widget id: 54
04-01 12:07:38.122  1702  2572 D AppWidgetServiceImpl: Trying to notify widget update for package org.kustom.widget with widget id: 54
04-01 12:07:39.118  1702  2572 D AppWidgetServiceImpl: Trying to notify widget update for package org.kustom.widget with widget id: 54
04-01 12:07:35.664  1709  1709 E [cnd][0x8c2b755e9d5][19:07:39.205712] wlan: [1709:E:HDD] __wlan_hdd_cfg80211_stats_ext_request: Failed to get hw stats: 15
04-01 12:07:35.858  3800  3800 I msm_vidc: err : ffffffff: .....: DBLP Set: status 0
04-01 12:07:36.384  9382  9382 I sd 0    : 0:0:4: [sde] Synchronizing SCSI cache
04-01 12:07:40.114  1702  2572 D AppWidgetServiceImpl: Trying to notify widget update for package org.kustom.widget with widget id: 54
04-01 12:07:37.395 10902 10902 I [kworke][0x8c2b9511c4c][19:07:40.936945] wlan: [10902:I:PMO] pmo_core_is_wow_applicable: lpass enabled, enabling wow
04-01 12:07:41.118  1702  2572 D AppWidgetServiceImpl: Trying to notify widget update for package org.kustom.widget with widget id: 54
04-01 12:07:37.606  1150  1150 W healthd : battery l=74 v=4083 t=25.0 h=2 st=3 c=-280765 fc=3915000 cc=132 chg=
04-01 12:07:37.624  1150  1150 W HealthLoop: debug.nt.screen_brightness:3.747478
04-01 12:07:41.182  2676  2676 D BatteryHealthController: plugType=0
04-01 12:07:37.668 10902 10902 I [kworke][0x8c2b9a0eed8][19:07:41.209405] wlan: [10902:I:PMO] pmo_core_psoc_send_host_wakeup_ind_to_fw: Host wakeup indication sent to fw
04-01 12:07:37.847  3791  3791 E simulated_ntc: proc_shell_write write invalid para
04-01 12:07:41.723  1702  2021 D NtMemoryManager: not set com.google.android.apps.messaging adj to 801
04-01 12:07:38.268 10902 10902 I [kworke][0x8c2ba50baea][19:07:41.809460] wlan: [10902:I:PMO] pmo_core_is_wow_applicable: lpass enabled, enabling wow
04-01 12:07:38.381 10902 10902 I [kworke][0x8c2ba71ba62][19:07:41.922093] wlan: [10902:I:PMO] pmo_core_psoc_send_host_wakeup_ind_to_fw: Host wakeup indication sent to fw
04-01 12:07:42.117  1702  2572 D AppWidgetServiceImpl: Trying to notify widget update for package org.kustom.widget with widget id: 54
04-01 12:07:39.184  1709  1709 E [cnd][0x8c2bb5d2226][19:07:42.725609] wlan: [1709:E:HDD] __wlan_hdd_cfg80211_stats_ext_request: Failed to get hw stats: 15
04-01 12:07:42.756  1702  5551 D NtMemoryManager: not set com.google.android.apps.messaging adj to 801
04-01 12:07:43.116  1702  2572 D AppWidgetServiceImpl: Trying to notify widget update for package org.kustom.widget with widget id: 54
04-01 12:07:39.813 10902 10902 I [kworke][0x8c2bc15686c][19:07:43.354600] wlan: [10902:I:PMO] pmo_core_is_wow_applicable: lpass enabled, enabling wow
04-01 12:07:44.118  1702  2572 D AppWidgetServiceImpl: Trying to notify widget update for package org.kustom.widget with widget id: 54
04-01 12:07:41.011     0     0 I [    C0] [irq][0x8c2bd746364][19: 07:44.552615] wlan: [0:I:HIF] hif_pm_runtime_request_resume: Runtime PM resume is requested by hif_pm_runtime_check_and_request_resume [wlan]
04-01 12:07:41.011     0     0 E [    C0] [soft_i][0x8c2bd7478db][19: 07:44.552899] wlan: [0:E:QDF] htc_rx_completion_handler: Received initial wake up
04-01 12:07:41.012  6673  6673 I [kworke][0x8c2bd749399][19:07:44.553256] wlan: [6673:I:PMO] pmo_core_psoc_send_host_wakeup_ind_to_fw: Host wakeup indication sent to fw
04-01 12:07:41.013  7044  7044 I [schedu][0x8c2bd74e27a][19:07:44.554307] wlan: [7044:I:PE] RX: [802.11 BCN_RPT] seq:89 SSID:parkhouse-Guest BSSID:ff:ff:ff:ff:ff:ff Token:66 op_class:115 ch:36 meas_mode:1 meas_duration:50 max_dur: 1 sign: 0 max_meas_dur: 100
04-01 12:07:41.014     0     0 F [    C0] [soft_i][0x8c2bd752b41][19: 07:44.555278] wlan: [0:F:WMA] WLAN triggered wakeup: ACTION_FRAME_RECV (38), vdev: 0 (STA)
04-01 12:07:41.070  7044  7044 I [schedu][0x8c2bd85b587][19:07:44.611735] wlan: [7044:I:PE] TX: [802.11 BCN_RPT] seq_no:4048 dialog_token:65 no. of APs:3 is_last_rpt:1 num_report: 3 peer:ce:9e:43:a4:79:54
04-01 12:07:45.114  1702  2572 D AppWidgetServiceImpl: Trying to notify widget update for package org.kustom.widget with widget id: 54
04-01 12:07:41.779  6673  6673 I [kworke][0x8c2be557be2][19:07:45.320939] wlan: [6673:I:PMO] pmo_core_is_wow_applicable: lpass enabled, enabling wow
04-01 12:07:42.006   622   622 W [FTS_TS]fts_input_report_b: [B]P0(692, 2043)[p:10,tm:64] DOWN!
04-01 12:07:42.361   622   622 W [FTS_TS]fts_input_report_b: [B]P0 UP!
04-01 12:07:42.361   622   622 W [FTS_TS]fts_input_report_b: [B]Points All Up!
04-01 12:07:46.110  1702  2572 D AppWidgetServiceImpl: Trying to notify widget update for package org.kustom.widget with widget id: 54
04-01 12:07:42.599  6756  6756 I [kworke][0x8c2bf45bfd4][19:07:46.141045] wlan: [6756:I:PMO] pmo_core_psoc_send_host_wakeup_ind_to_fw: Host wakeup indication sent to fw
04-01 12:07:42.600   622   622 W [FTS_TS]fts_input_report_b: [B]P0(748, 1485)[p:3,tm:32] DOWN!
04-01 12:07:42.704  1709  1709 E [cnd][0x8c2bf645fc3][19:07:46.245578] wlan: [1709:E:HDD] __wlan_hdd_cfg80211_stats_ext_request: Failed to get hw stats: 15
04-01 12:07:42.847  3791  3791 E simulated_ntc: proc_shell_write write invalid para
04-01 12:07:42.883   622   622 W [FTS_TS]fts_input_report_b: [B]P0 UP!
04-01 12:07:42.883   622   622 W [FTS_TS]fts_input_report_b: [B]Points All Up!
04-01 12:07:43.239  6756  6756 I [kworke][0x8c2c00140e9][19:07:46.781060] wlan: [6756:I:PMO] pmo_core_is_wow_applicable: lpass enabled, enabling wow
04-01 12:07:43.382 10217 10217 I [kworke][0x8c2c02ae9fc][19:07:46.923261] wlan: [10217:I:PMO] pmo_core_psoc_send_host_wakeup_ind_to_fw: Host wakeup indication sent to fw
04-01 12:07:47.118  1702  2572 D AppWidgetServiceImpl: Trying to notify widget update for package org.kustom.widget with widget id: 54
04-01 12:07:47.194  1702  2477 D ActivityManager: freezing 11112 com.espn.score_center
04-01 12:07:47.202  1702  2477 D ActivityManager: freezing 11257 com.google.android.webview:sandboxed_process0:org.chromium.content.app.SandboxedProcessService0:0
04-01 12:07:47.277  1702  2477 D ActivityManager: freezing 7031 com.google.android.webview:webview_service
04-01 12:07:44.317  9382  9382 I [kworke][0x8c2c13cf4f5][19:07:47.858660] wlan: [9382:I:PMO] pmo_core_is_wow_applicable: lpass enabled, enabling wow
04-01 12:07:48.119  1702  2572 D AppWidgetServiceImpl: Trying to notify widget update for package org.kustom.widget with widget id: 54
04-01 12:07:44.615  6756  6756 I [kworke][0x8c2c1943a47][19:07:48.156545] wlan: [6756:I:PMO] pmo_core_psoc_send_host_wakeup_ind_to_fw: Host wakeup indication sent to fw
04-01 12:07:48.766  1702  2021 D NtMemoryManager: not set com.google.android.apps.messaging adj to 801
04-01 12:07:45.341  6756  6756 I [kworke][0x8c2c268fe8c][19:07:48.882788] wlan: [6756:I:PMO] pmo_core_is_wow_applicable: lpass enabled, enabling wow
04-01 12:07:49.118  1702  2572 D AppWidgetServiceImpl: Trying to notify widget update for package org.kustom.widget with widget id: 54
04-01 12:07:46.224  1709  1709 E [cnd][0x8c2c36ba451][19:07:49.765639] wlan: [1709:E:HDD] __wlan_hdd_cfg80211_stats_ext_request: Failed to get hw stats: 15
04-01 12:07:46.226  9382  9382 I [kworke][0x8c2c36c564e][19:07:49.768012] wlan: [9382:I:PMO] pmo_core_psoc_send_host_wakeup_ind_to_fw: Host wakeup indication sent to fw
04-01 12:07:50.117  1702  2572 D AppWidgetServiceImpl: Trying to notify widget update for package org.kustom.widget with widget id: 54
04-01 12:07:46.852  9382  9382 I [kworke][0x8c2c423a9a7][19:07:50.393763] wlan: [9382:I:PMO] pmo_core_is_wow_applicable: lpass enabled, enabling wow
04-01 12:07:51.117  1702  2572 D AppWidgetServiceImpl: Trying to notify widget update for package org.kustom.widget with widget id: 54
04-01 12:07:47.846  3791  3791 E simulated_ntc: proc_shell_write write invalid para
04-01 12:07:48.228  6673  6673 I [kworke][0x8c2c5b6bbf6][19:07:51.769581] wlan: [6673:I:PMO] pmo_core_psoc_send_host_wakeup_ind_to_fw: Host wakeup indication sent to fw
04-01 12:07:52.130  1702  2572 D AppWidgetServiceImpl: Trying to notify widget update for package org.kustom.widget with widget id: 54
04-01 12:07:49.338  6673  6673 I [kworke][0x8c2c6fbf0b0][19:07:52.879617] wlan: [6673:I:PMO] pmo_core_is_wow_applicable: lpass enabled, enabling wow
04-01 12:07:53.114  1702  2572 D AppWidgetServiceImpl: Trying to notify widget update for package org.kustom.widget with widget id: 54
04-01 12:07:49.610   622   622 W [FTS_TS]fts_input_report_b: [B]P0(508, 1558)[p:9,tm:48] DOWN!
04-01 12:07:49.744  1709  1709 E [cnd][0x8c2c772e37b][19:07:53.285627] wlan: [1709:E:HDD] __wlan_hdd_cfg80211_stats_ext_request: Failed to get hw stats: 15
04-01 12:07:49.747  6673  6673 I [kworke][0x8c2c773cae0][19:07:53.288713] wlan: [6673:I:PMO] pmo_core_psoc_send_host_wakeup_ind_to_fw: Host wakeup indication sent to fw
04-01 12:07:50.389  6673  6673 I [kworke][0x8c2c82fd204][19:07:53.930514] wlan: [6673:I:PMO] pmo_core_is_wow_applicable: lpass enabled, enabling wow
04-01 12:07:50.410  6673  6673 I [kworke][0x8c2c835f6a5][19:07:53.951483] wlan: [6673:I:HIF] hif_try_complete_tasks: waiting for tasklets 0 grp tasklets 0 work 2
04-01 12:07:54.113  1702  2572 D AppWidgetServiceImpl: Trying to notify widget update for package org.kustom.widget with widget id: 54
04-01 12:07:51.331   622   622 W [FTS_TS]fts_input_report_b: [B]P0 UP!
04-01 12:07:51.331   622   622 W [FTS_TS]fts_input_report_b: [B]Points All Up!
04-01 12:07:55.119  1702  2572 D AppWidgetServiceImpl: Trying to notify widget update for package org.kustom.widget with widget id: 54
04-01 12:07:51.748  6673  6673 I [kworke][0x8c2c9bdf12c][19:07:55.289437] wlan: [6673:I:PMO] pmo_core_psoc_send_host_wakeup_ind_to_fw: Host wakeup indication sent to fw
04-01 12:07:51.864  9382  9382 I sd 0    : 0:0:0: [sda] Synchronizing SCSI cache
04-01 12:07:52.392  6673  6673 I [kworke][0x8c2ca7aa05d][19:07:55.933479] wlan: [6673:I:PMO] pmo_core_is_wow_applicable: lpass enabled, enabling wow
04-01 12:07:56.117  1702  2572 D AppWidgetServiceImpl: Trying to notify widget update for package org.kustom.widget with widget id: 54
04-01 12:07:52.846  3791  3791 E simulated_ntc: proc_shell_write write invalid para
04-01 12:07:53.264  1709  1709 E [cnd][0x8c2cb7a2ac3][19:07:56.805724] wlan: [1709:E:HDD] __wlan_hdd_cfg80211_stats_ext_request: Failed to get hw stats: 15
04-01 12:07:53.268  9382  9382 I [kworke][0x8c2cb7b2af8][19:07:56.809141] wlan: [9382:I:PMO] pmo_core_psoc_send_host_wakeup_ind_to_fw: Host wakeup indication sent to fw
04-01 12:07:57.123  1702  2572 D AppWidgetServiceImpl: Trying to notify widget update for package org.kustom.widget with widget id: 54
04-01 12:07:54.329  9382  9382 I [kworke][0x8c2ccb21a5e][19:07:57.870466] wlan: [9382:I:PMO] pmo_core_is_wow_applicable: lpass enabled, enabling wow
04-01 12:07:58.130  1702  2572 D AppWidgetServiceImpl: Trying to notify widget update for package org.kustom.widget with widget id: 54
04-01 12:07:55.051   622   622 W [FTS_TS]fts_input_report_b: [B]P0(668, 1884)[p:5,tm:32] DOWN!
04-01 12:07:55.120   622   622 W [FTS_TS]fts_input_report_b: [B]P0 UP!
04-01 12:07:55.120   622   622 W [FTS_TS]fts_input_report_b: [B]Points All Up!
04-01 12:07:55.175  9048  9048 I [kworke][0x8c2cda9ef82][19:07:58.716401] wlan: [9048:I:PMO] pmo_core_psoc_send_host_wakeup_ind_to_fw: Host wakeup indication sent to fw
04-01 12:07:58.811  1702  2477 D ActivityManager: freezing 15553 com.google.android.gms
04-01 12:07:55.313   622   622 W [FTS_TS]fts_input_report_b: [B]P0(811, 1595)[p:6,tm:48] DOWN!
04-01 12:07:55.390 11107 11107 I msm_vidc: high: 00000001:  vp9d: Closed video instance: 0000000000000000
04-01 12:07:59.108  1702  2572 D AppWidgetServiceImpl: Trying to notify widget update for package org.kustom.widget with widget id: 54
04-01 12:07:55.747   622   622 W [FTS_TS]fts_input_report_b: [B]P0 UP!
04-01 12:07:55.747   622   622 W [FTS_TS]fts_input_report_b: [B]Points All Up!
04-01 12:08:00.003  2704  2704 V KeyguardStatusViewController: onTimeChanged
04-01 12:08:00.112  1702  2572 D AppWidgetServiceImpl: Trying to notify widget update for package org.kustom.widget with widget id: 54
04-01 12:07:56.667  9048  9048 I [kworke][0x8c2cf5f2229][19:08:00.208703] wlan: [9048:I:PMO] pmo_core_is_wow_applicable: lpass enabled, enabling wow
04-01 12:07:56.784  1709  1709 E [cnd][0x8c2cf816250][19:08:00.325612] wlan: [1709:E:HDD] __wlan_hdd_cfg80211_stats_ext_request: Failed to get hw stats: 15
04-01 12:07:56.787 10902 10902 I [kworke][0x8c2cf824785][19:08:00.328668] wlan: [10902:I:PMO] pmo_core_psoc_send_host_wakeup_ind_to_fw: Host wakeup indication sent to fw
04-01 12:08:00.366  1702  5815 D NtMemoryManager: not set com.google.android.apps.messaging adj to 801
04-01 12:07:56.914  7395  7395 I msm_vidc: err : ffffffff: .....: DBLP Set: status 0
04-01 12:08:00.567  1702  5815 D ActivityManager: sync unfroze 15553 com.google.android.gms for 6
04-01 12:08:01.118  1702  2572 D AppWidgetServiceImpl: Trying to notify widget update for package org.kustom.widget with widget id: 54
04-01 12:07:57.604  1150  1150 W healthd : battery l=74 v=4033 t=25.0 h=2 st=3 c=-721140 fc=3915000 cc=132 chg=
04-01 12:07:57.624  1150  1150 W HealthLoop: debug.nt.screen_brightness:3.747478
04-01 12:08:01.174  2676  2676 D BatteryHealthController: plugType=0
04-01 12:07:57.846  3791  3791 E simulated_ntc: proc_shell_write write invalid para
04-01 12:08:02.117  1702  2572 D AppWidgetServiceImpl: Trying to notify widget update for package org.kustom.widget with widget id: 54
04-01 12:08:03.115  1702  2572 D AppWidgetServiceImpl: Trying to notify widget update for package org.kustom.widget with widget id: 54
04-01 12:08:04.117  1702  2572 D AppWidgetServiceImpl: Trying to notify widget update for package org.kustom.widget with widget id: 54
04-01 12:08:04.201  1702  2976 D NtMemoryManager: computeTargetAdj start
04-01 12:08:04.202  1702  2976 D NtMemoryManager: com.myinsta.android last pss: 0
04-01 12:08:04.202  1702  2976 D NtMemoryManager: com.google.android.youtube last pss: 606180
04-01 12:08:04.202  1702  2976 D NtMemoryManager: com.android.chrome last pss: 376757
04-01 12:08:04.202  1702  2976 D NtMemoryManager: com.google.android.googlequicksearchbox last pss: 104628
04-01 12:08:04.202  1702  2976 D NtMemoryManager: com.openbubbles.messaging last pss: 0
04-01 12:08:04.202  1702  2976 D NtMemoryManager: com.google.android.apps.messaging last pss: 506913
04-01 12:08:04.202  1702  2976 D NtMemoryManager: org.lds.ldssa last pss: 518331
04-01 12:08:04.202  1702  2976 D NtMemoryManager: com.spotify.music last pss: 482309
04-01 12:08:04.203  1702  2976 D NtMemoryManager: computeTargetAdj end
04-01 12:08:05.018  1702  1702 D NtGlyphServiceImpl: onSensorChanged type = 65538, value = 0.0
04-01 12:08:05.018  1702  1702 D NtGlyphServiceImpl: setLedBrightness to 2625
04-01 12:08:01.479  1702  1702 I         : [aw210xx_led] aw210xx_setting_br_store 1197: aw210xx->setting_br:2625
04-01 12:08:05.116  1702  2572 D AppWidgetServiceImpl: Trying to notify widget update for package org.kustom.widget with widget id: 54
04-01 12:08:02.218   622   622 W [FTS_TS]fts_input_report_b: [B]P0(339, 1195)[p:17,tm:112] DOWN!
04-01 12:08:02.288  1709  1709 E [cnd][0x8c2d5cddfa1][19:08:05.829576] wlan: [1709:E:HDD] __wlan_hdd_cfg80211_stats_ext_request: Failed to get hw stats: 15
04-01 12:08:02.320   622   622 W [FTS_TS]fts_input_report_b: [B]P0 UP!
04-01 12:08:02.320   622   622 W [FTS_TS]fts_input_report_b: [B]Points All Up!
04-01 12:08:02.461   622   622 W [FTS_TS]fts_input_report_b: [B]P0(384, 844)[p:10,tm:32] DOWN!
04-01 12:08:06.109  1702  2572 D AppWidgetServiceImpl: Trying to notify widget update for package org.kustom.widget with widget id: 54
04-01 12:08:06.376  1702  2021 D NtMemoryManager: not set com.google.android.apps.messaging adj to 801
04-01 12:08:02.847  3791  3791 E simulated_ntc: proc_shell_write write invalid para
04-01 12:08:06.395  1702  5551 D NtMemoryManager: not set com.google.android.apps.messaging adj to 801
04-01 12:08:07.109  1702  2572 D AppWidgetServiceImpl: Trying to notify widget update for package org.kustom.widget with widget id: 54
04-01 12:08:07.170  1702  1702 D NtGlyphServiceImpl: onSensorChanged type = 65538, value = 1.0
04-01 12:08:07.170  1702  1702 D NtGlyphServiceImpl: setLedBrightness to 0
04-01 12:08:03.630  1702  1702 I         : [aw210xx_led] aw210xx_setting_br_store 1197: aw210xx->setting_br:0
04-01 12:08:04.017   622   622 W [FTS_TS]fts_input_report_b: [B]P0 UP!
04-01 12:08:04.017   622   622 W [FTS_TS]fts_input_report_b: [B]Points All Up!
04-01 12:08:08.118  1702  2572 D AppWidgetServiceImpl: Trying to notify widget update for package org.kustom.widget with widget id: 54
04-01 12:08:09.115  1702  2572 D AppWidgetServiceImpl: Trying to notify widget update for package org.kustom.widget with widget id: 54
04-01 12:08:05.691  6673  6673 I [kworke][0x8c2d9b2d1ec][19:08:09.232487] wlan: [6673:I:PMO] pmo_core_is_wow_applicable: lpass enabled, enabling wow
04-01 12:08:05.808  1709  1709 E [cnd][0x8c2d9d52611][19:08:09.349662] wlan: [1709:E:HDD] __wlan_hdd_cfg80211_stats_ext_request: Failed to get hw stats: 15
04-01 12:08:05.812  6658  6658 I [kworke][0x8c2d9d63b27][19:08:09.353356] wlan: [6658:I:PMO] pmo_core_psoc_send_host_wakeup_ind_to_fw: Host wakeup indication sent to fw
04-01 12:08:06.032   622   622 W [FTS_TS]fts_input_report_b: [B]P0(494, 1082)[p:4,tm:48] DOWN!
04-01 12:08:06.118   622   622 W [FTS_TS]fts_input_report_b: [B]P0 UP!
04-01 12:08:06.118   622   622 W [FTS_TS]fts_input_report_b: [B]Points All Up!
04-01 12:08:06.377   622   622 W [FTS_TS]fts_input_report_b: [B]P0(446, 772)[p:7,tm:64] DOWN!
04-01 12:08:06.414  6658  6658 I [kworke][0x8c2da8688be][19:08:09.955137] wlan: [6658:I:PMO] pmo_core_is_wow_applicable: lpass enabled, enabling wow
04-01 12:08:06.448 11437 11437 I [kworke][0x8c2da90a333][19:08:09.989623] wlan: [11437:I:PMO] pmo_core_psoc_send_host_wakeup_ind_to_fw: Host wakeup indication sent to fw
04-01 12:08:06.543 11508 11508 I msm_vidc: high: 00000001: ....d: Opening video instance: 0000000000000000, 1
04-01 12:08:06.543 11508 11508 I msm_vidc: err : 00000001: ....d: Failed to create debugfs for msm_vidc
04-01 12:08:10.111  1702  2572 D AppWidgetServiceImpl: Trying to notify widget update for package org.kustom.widget with widget id: 54
04-01 12:08:06.686   622   622 W [FTS_TS]fts_input_report_b: [B]P0 UP!
04-01 12:08:06.686   622   622 W [FTS_TS]fts_input_report_b: [B]Points All Up!
04-01 12:08:06.831   622   622 W [FTS_TS]fts_input_report_b: [B]P0(430, 1356)[p:5,tm:32] DOWN!
04-01 12:08:07.125   622   622 W [FTS_TS]fts_input_report_b: [B]P0 UP!
04-01 12:08:07.125   622   622 W [FTS_TS]fts_input_report_b: [B]Points All Up!
04-01 12:08:11.113  1702  2572 D AppWidgetServiceImpl: Trying to notify widget update for package org.kustom.widget with widget id: 54
04-01 12:08:07.761 11437 11437 I [kworke][0x8c2dc1163ab][19:08:11.302910] wlan: [11437:I:PMO] pmo_core_is_wow_applicable: lpass enabled, enabling wow
04-01 12:08:07.779 11437 11437 I [kworke][0x8c2dc16a441][19:08:11.320838] wlan: [11437:I:HIF] hif_try_complete_tasks: waiting for tasklets 0 grp tasklets 0 work 2
04-01 12:08:07.812 10902 10902 I [kworke][0x8c2dc2033fd][19:08:11.353474] wlan: [10902:I:PMO] pmo_core_psoc_send_host_wakeup_ind_to_fw: Host wakeup indication sent to fw
04-01 12:08:07.846  3791  3791 E simulated_ntc: proc_shell_write write invalid para
04-01 12:08:12.123  1702  2572 D AppWidgetServiceImpl: Trying to notify widget update for package org.kustom.widget with widget id: 54
04-01 12:08:12.403  1702  2021 D NtMemoryManager: not set com.google.android.apps.messaging adj to 801
04-01 12:08:09.223 10902 10902 I [kworke][0x8c2ddbd8c7c][19:08:12.764361] wlan: [10902:I:PMO] pmo_core_is_wow_applicable: lpass enabled, enabling wow
04-01 12:08:09.328  1709  1709 E [cnd][0x8c2dddc64e6][19:08:12.869646] wlan: [1709:E:HDD] __wlan_hdd_cfg80211_stats_ext_request: Failed to get hw stats: 15
04-01 12:08:09.331  9382  9382 I [kworke][0x8c2dddd4c2f][19:08:12.872730] wlan: [9382:I:PMO] pmo_core_psoc_send_host_wakeup_ind_to_fw: Host wakeup indication sent to fw
04-01 12:08:12.910  1702  5551 D NtMemoryManager: not set com.google.android.apps.messaging adj to 801
04-01 12:08:13.118  1702  2572 D AppWidgetServiceImpl: Trying to notify widget update for package org.kustom.widget with widget id: 54
04-01 12:08:09.920  9382  9382 I [kworke][0x8c2de89b630][19:08:13.461237] wlan: [9382:I:PMO] pmo_core_is_wow_applicable: lpass enabled, enabling wow
04-01 12:08:14.117  1702  2572 D AppWidgetServiceImpl: Trying to notify widget update for package org.kustom.widget with widget id: 54
04-01 12:08:11.332  9382  9382 I [kworke][0x8c2e0277275][19:08:14.873454] wlan: [9382:I:PMO] pmo_core_psoc_send_host_wakeup_ind_to_fw: Host wakeup indication sent to fw
04-01 12:08:15.120  1702  2572 D AppWidgetServiceImpl: Trying to notify widget update for package org.kustom.widget with widget id: 54
04-01 12:08:11.726   622   622 W [FTS_TS]fts_input_report_b: [B]P0(491, 1838)[p:5,tm:32] DOWN!
04-01 12:08:11.886   622   622 W [FTS_TS]fts_input_report_b: [B]P0 UP!
04-01 12:08:11.886   622   622 W [FTS_TS]fts_input_report_b: [B]Points All Up!
04-01 12:08:11.922  9382  9382 I [kworke][0x8c2e0d4702c][19:08:15.463930] wlan: [9382:I:PMO] pmo_core_is_wow_applicable: lpass enabled, enabling wow
04-01 12:08:12.089  6756  6756 I [kworke][0x8c2e1052972][19:08:15.630240] wlan: [6756:I:PMO] pmo_core_psoc_send_host_wakeup_ind_to_fw: Host wakeup indication sent to fw
04-01 12:08:12.090   622   622 W [FTS_TS]fts_input_report_b: [B]P0(610, 1519)[p:3,tm:32] DOWN!
04-01 12:08:12.305   622   622 W [FTS_TS]fts_input_report_b: [B]P0 UP!
04-01 12:08:12.305   622   622 W [FTS_TS]fts_input_report_b: [B]Points All Up!
04-01 12:08:16.110  1702  2572 D AppWidgetServiceImpl: Trying to notify widget update for package org.kustom.widget with widget id: 54
04-01 12:08:12.847  3791  3791 E simulated_ntc: proc_shell_write write invalid para
04-01 12:08:12.848  1709  1709 E [cnd][0x8c2e1e3adfa][19:08:16.389767] wlan: [1709:E:HDD] __wlan_hdd_cfg80211_stats_ext_request: Failed to get hw stats: 15
04-01 12:08:13.353   622   622 W [FTS_TS]fts_input_report_b: [B]P0(370, 1664)[p:5,tm:32] DOWN!
04-01 12:08:13.387  6756  6756 I [kworke][0x8c2e281ab82][19:08:16.929041] wlan: [6756:I:PMO] pmo_core_is_wow_applicable: lpass enabled, enabling wow
04-01 12:08:13.413  6756  6756 I [kworke][0x8c2e2892f86][19:08:16.954694] wlan: [6756:I:PMO] pmo_core_psoc_send_host_wakeup_ind_to_fw: Host wakeup indication sent to fw
04-01 12:08:13.520   622   622 W [FTS_TS]fts_input_report_b: [B]P0 UP!
04-01 12:08:13.520   622   622 W [FTS_TS]fts_input_report_b: [B]Points All Up!
04-01 12:08:17.110  1702  2572 D AppWidgetServiceImpl: Trying to notify widget update for package org.kustom.widget with widget id: 54
04-01 12:08:14.058   622   622 W [FTS_TS]fts_input_report_b: [B]P0(315, 1700)[p:4,tm:64] DOWN!
04-01 12:08:14.303 11508 11508 I msm_vidc: high: 00000001:  vp9d: Closed video instance: 0000000000000000
04-01 12:08:18.112  1702  2572 D AppWidgetServiceImpl: Trying to notify widget update for package org.kustom.widget with widget id: 54
04-01 12:08:18.776  1702  2477 D ActivityManager: freezing 15553 com.google.android.gms
04-01 12:08:18.922  1702  2021 D NtMemoryManager: not set com.google.android.apps.messaging adj to 801
04-01 12:08:15.398   622   622 W [FTS_TS]fts_input_report_b: [B]P0 UP!
04-01 12:08:15.398   622   622 W [FTS_TS]fts_input_report_b: [B]Points All Up!
04-01 12:08:15.416  6756  6756 I [kworke][0x8c2e4d3f5d2][19:08:18.957552] wlan: [6756:I:PMO] pmo_core_is_wow_applicable: lpass enabled, enabling wow
04-01 12:08:19.109  1702  2572 D AppWidgetServiceImpl: Trying to notify widget update for package org.kustom.widget with widget id: 54
04-01 12:08:19.123  1702  5832 W AppOps  : Noting op not finished: uid 10103 pkg com.google.android.gms code 1 startTime of in progress event=1743534148994
04-01 12:08:19.125  1702  5551 W AppOps  : Noting op not finished: uid 10103 pkg com.google.android.gms code 108 startTime of in progress event=1743534148995
04-01 12:08:19.132  1702  5551 D ActivityManager: sync unfroze 15553 com.google.android.gms for 6
04-01 12:08:15.826  3800  3800 I msm_vidc: err : ffffffff: .....: DBLP Set: status 0
04-01 12:08:16.307 11437 11437 I [kworke][0x8c2e5d9158a][19:08:19.848855] wlan: [11437:I:PMO] pmo_core_psoc_send_host_wakeup_ind_to_fw: Host wakeup indication sent to fw
04-01 12:08:16.368  1709  1709 E [cnd][0x8c2e5eae5e4][19:08:19.909660] wlan: [1709:E:HDD] __wlan_hdd_cfg80211_stats_ext_request: Failed to get hw stats: 15
04-01 12:08:19.937  1702  5815 D NtMemoryManager: not set com.google.android.apps.messaging adj to 801
04-01 12:08:20.111  1702  2572 D AppWidgetServiceImpl: Trying to notify widget update for package org.kustom.widget with widget id: 54
04-01 12:08:17.060 11437 11437 I [kworke][0x8c2e6b5b519][19:08:20.601916] wlan: [11437:I:PMO] pmo_core_is_wow_applicable: lpass enabled, enabling wow
